{
'project:buildbot-0.8.6p1/buildbot/test/unit/test_db_users.py':[
312,
318,
360,
369,
383,
388,
396,
],
'project:django-1.4/django/contrib/gis/geoip/tests.py':[
58,
72,
101,
],
'project:django-1.4/tests/modeltests/validation/tests.py':[
149,
151,
161,
167,
171,
175,
182,
189,
191,
195,
197,
],
'project:django-1.4/tests/modeltests/validators/tests.py':[
49,
50,
60,
62,
68,
69,
71,
73,
126,
127,
],
'project:django-1.4/tests/regressiontests/admin_scripts/tests.py':[
1127,
1128,
1141,
1142,
],
'project:django-1.4/tests/regressiontests/comment_tests/tests/comment_utils_moderators_tests.py':[
44,
54,
],
'project:django-1.4/tests/regressiontests/comment_tests/tests/comment_view_tests.py':[
106,
110,
118,
122,
139,
141,
],
'project:django-1.4/tests/regressiontests/forms/tests/extra.py':[
490,
491,
507,
508,
519,
520,
536,
537,
547,
548,
549,
550,
553,
],
'project:django-1.4/tests/regressiontests/forms/tests/fields.py':[
614,
614,
615,
615,
],
'project:django-1.4/tests/regressiontests/localflavor/be/tests.py':[
33,
36,
],
'project:django-1.4/tests/regressiontests/serializers_regress/tests.py':[
220,
324,
],
'project:django-1.4/tests/regressiontests/string_lookup/tests.py':[
78,
],
'project:django-1.4/tests/regressiontests/utils/ipv6.py':[
7,
8,
9,
11,
15,
16,
29,
33,
34,
35,
39,
40,
41,
44,
45,
46,
49,
50,
51,
],
'project:tornado-2.3/demos/appengine/markdown.py':[
48,
],
'project:tornado-2.3/demos/blog/markdown.py':[
48,
],
'project:tornado-2.3/tornado/test/httpserver_test.py':[
349,
352,
354,
357,
],
'project:twisted-12.1.0/doc/core/howto/listings/udp/MulticastClient.py':[
9,
12,
],
'project:twisted-12.1.0/doc/core/howto/listings/udp/MulticastServer.py':[
14,
],
'project:twisted-12.1.0/twisted/conch/test/test_knownhosts.py':[
148,
533,
535,
550,
552,
572,
597,
626,
640,
643,
871,
888,
927,
940,
948,
960,
977,
],
'project:twisted-12.1.0/twisted/internet/test/test_base.py':[
64,
],
'project:twisted-12.1.0/twisted/internet/test/test_endpoints.py':[
1073,
1092,
1209,
1227,
1373,
1411,
],
'project:twisted-12.1.0/twisted/internet/test/test_protocol.py':[
94,
99,
128,
134,
],
'project:twisted-12.1.0/twisted/mail/test/test_mail.py':[
698,
733,
737,
825,
826,
1234,
1279,
1283,
],
'project:twisted-12.1.0/twisted/names/test/test_dns.py':[
136,
381,
407,
487,
489,
608,
610,
734,
768,
779,
790,
973,
974,
975,
979,
980,
981,
992,
993,
994,
998,
999,
1000,
1004,
1005,
1006,
1088,
1089,
1090,
1093,
1094,
1095,
1170,
1171,
1172,
1175,
1176,
1177,
1180,
1181,
1182,
1185,
1186,
1187,
1197,
1198,
1199,
1202,
1203,
1204,
1217,
1218,
1219,
1222,
1223,
1224,
1227,
1228,
1229,
1232,
1233,
1234,
],
'project:twisted-12.1.0/twisted/names/test/test_hosts.py':[
31,
139,
140,
141,
157,
159,
174,
176,
191,
204,
],
'project:twisted-12.1.0/twisted/names/test/test_names.py':[
80,
89,
90,
91,
97,
101,
106,
107,
114,
121,
141,
227,
227,
235,
259,
371,
381,
392,
399,
400,
401,
424,
545,
589,
590,
744,
767,
854,
877,
905,
906,
917,
918,
935,
942,
],
'project:twisted-12.1.0/twisted/names/test/test_rootresolve.py':[
149,
174,
175,
189,
205,
246,
270,
273,
276,
278,
285,
295,
298,
302,
305,
307,
314,
324,
330,
333,
335,
342,
352,
370,
387,
408,
427,
449,
452,
462,
473,
478,
488,
499,
517,
526,
529,
535,
538,
541,
556,
668,
],
'project:twisted-12.1.0/twisted/names/test/test_tap.py':[
31,
46,
48,
57,
59,
68,
69,
73,
77,
],
'project:twisted-12.1.0/twisted/pair/test/test_ip.py':[
38,
39,
79,
80,
95,
96,
150,
151,
170,
171,
235,
236,
251,
252,
272,
273,
288,
289,
],
'project:twisted-12.1.0/twisted/python/test/test_release.py':[
2489,
],
'project:twisted-12.1.0/twisted/runner/test/test_procmontap.py':[
84,
],
'project:twisted-12.1.0/twisted/test/proto_helpers.py':[
199,
205,
],
'project:twisted-12.1.0/twisted/test/test_abstract.py':[
22,
23,
],
'project:twisted-12.1.0/twisted/test/test_compat.py':[
114,
117,
118,
122,
131,
132,
139,
142,
145,
151,
],
'project:twisted-12.1.0/twisted/test/test_digestauth.py':[
63,
575,
],
'project:twisted-12.1.0/twisted/test/test_ftp.py':[
318,
],
'project:twisted-12.1.0/twisted/test/test_ident.py':[
173,
181,
189,
191,
193,
],
'project:twisted-12.1.0/twisted/test/test_policies.py':[
693,
727,
731,
],
'project:twisted-12.1.0/twisted/test/test_sip.py':[
240,
322,
324,
359,
403,
404,
408,
423,
427,
438,
445,
457,
458,
468,
476,
483,
486,
489,
],
'project:twisted-12.1.0/twisted/test/test_socks.py':[
26,
80,
105,
112,
140,
183,
208,
221,
240,
276,
283,
288,
325,
342,
381,
406,
418,
425,
450,
457,
481,
488,
],
'project:twisted-12.1.0/twisted/test/test_udp.py':[
546,
550,
558,
599,
602,
606,
610,
638,
642,
674,
],
'project:twisted-12.1.0/twisted/web/test/test_httpauth.py':[
163,
],
'project:twisted-12.1.0/twisted/web/test/test_web.py':[
231,
241,
992,
],
'project:twisted-12.1.0/twisted/web/test/test_webclient.py':[
2040,
2043,
2051,
2054,
],
'project:twisted-12.1.0/twisted/web/test/test_wsgi.py':[
388,
437,
],
'project:twisted-12.1.0/twisted/words/test/test_msn.py':[
156,
478,
],
}
