{
'project:django-2.2.3/django/http/request.py':[
537,
],
'project:twisted-12.1.0/twisted/manhole/_inspectro.py':[
342,
344,
],
'project:twisted-12.1.0/twisted/test/test_sip.py':[
876,
884,
],
}
