{
'project:biopython/Bio/PDB/ResidueDepth.py':[
307,
],
}
