{
'project:S2733.py':[
9,
18,
27,
],
'project:numpy-1.16.4/numpy/core/tests/test_multiarray.py':[
517,
],
'project:twisted-12.1.0/twisted/persisted/styles.py':[
197,
],
}
