{
'project:buildbot-0.8.6p1/buildbot/changes/bonsaipoller.py':[
222,
],
'project:buildbot-0.8.6p1/buildbot/changes/gerritchangesource.py':[
204,
],
'project:buildbot-0.8.6p1/buildbot/changes/gitpoller.py':[
155,
],
'project:buildbot-0.8.6p1/buildbot/clients/gtkPanes.py':[
316,
],
'project:buildbot-0.8.6p1/buildbot/clients/tryclient.py':[
302,
378,
],
'project:buildbot-0.8.6p1/buildbot/db/migrate/versions/021_fix_postgres_sequences.py':[
46,
],
'project:buildbot-0.8.6p1/buildbot/db/pool.py':[
47,
50,
],
'project:buildbot-0.8.6p1/buildbot/master.py':[
758,
],
'project:buildbot-0.8.6p1/buildbot/scripts/runner.py':[
121,
],
'project:buildbot-0.8.6p1/buildbot/status/mail.py':[
543,
614,
],
'project:buildbot-0.8.6p1/buildbot/status/persistent_queue.py':[
164,
200,
],
'project:buildbot-0.8.6p1/buildbot/status/progress.py':[
178,
],
'project:buildbot-0.8.6p1/buildbot/status/web/auth.py':[
112,
],
'project:buildbot-0.8.6p1/buildbot/status/web/base.py':[
569,
590,
593,
612,
654,
712,
766,
],
'project:buildbot-0.8.6p1/buildbot/status/web/status_json.py':[
474,
],
'project:buildbot-0.8.6p1/buildbot/status/web/waterfall.py':[
773,
],
'project:buildbot-0.8.6p1/buildbot/status/words.py':[
212,
578,
615,
618,
684,
],
'project:buildbot-0.8.6p1/buildbot/steps/shell.py':[
508,
],
'project:buildbot-0.8.6p1/buildbot/steps/source/oldsource.py':[
263,
],
'project:buildbot-0.8.6p1/buildbot/test/fake/fakedb.py':[
507,
544,
796,
803,
806,
826,
988,
],
'project:buildbot-0.8.6p1/buildbot/test/unit/test_config.py':[
410,
421,
450,
],
'project:buildbot-0.8.6p1/buildbot/test/unit/test_process_buildstep.py':[
188,
],
'project:buildbot-0.8.6p1/buildbot/test/unit/test_steps_source_oldsource_Source.py':[
52,
],
'project:buildbot-0.8.6p1/buildbot/util/__init__.py':[
119,
],
'project:buildbot-0.8.6p1/buildbot/util/misc.py':[
85,
],
'project:buildbot-0.8.6p1/contrib/buildbot_cvs_mail.py':[
101,
],
'project:buildbot-0.8.6p1/contrib/bzr_buildbot.py':[
177,
],
'project:buildbot-0.8.6p1/contrib/git_buildbot.py':[
93,
],
'project:buildbot-0.8.6p1/docs/bbdocs/ext.py':[
274,
],
'project:buildbot-0.8.6p1/docs/conf.py':[
44,
],
'project:buildbot-slave-0.8.6p1/buildslave/commands/base.py':[
574,
587,
],
'project:buildbot-slave-0.8.6p1/buildslave/commands/git.py':[
213,
],
'project:buildbot-slave-0.8.6p1/buildslave/commands/mtn.py':[
186,
],
'project:buildbot-slave-0.8.6p1/buildslave/commands/utils.py':[
64,
69,
],
'project:buildbot-slave-0.8.6p1/buildslave/runprocess.py':[
418,
433,
],
'project:buildbot-slave-0.8.6p1/buildslave/test/unit/test_commands_transfer.py':[
82,
],
'project:django-2.2.3/django/contrib/admin/options.py':[
871,
],
'project:django-2.2.3/django/contrib/auth/hashers.py':[
246,
247,
251,
257,
267,
271,
477,
481,
487,
508,
512,
518,
546,
555,
],
'project:django-2.2.3/django/contrib/messages/storage/cookie.py':[
155,
],
'project:django-2.2.3/django/contrib/sessions/backends/base.py':[
96,
103,
],
'project:django-2.2.3/django/contrib/sessions/backends/file.py':[
150,
],
'project:django-2.2.3/django/contrib/staticfiles/utils.py':[
38,
],
'project:django-2.2.3/django/core/checks/messages.py':[
37,
63,
],
'project:django-2.2.3/django/core/management/color.py':[
45,
],
'project:django-2.2.3/django/core/management/commands/dumpdata.py':[
69,
],
'project:django-2.2.3/django/db/backends/mysql/operations.py':[
91,
285,
],
'project:django-2.2.3/django/db/models/sql/compiler.py':[
814,
827,
887,
],
'project:django-2.2.3/django/http/multipartparser.py':[
522,
551,
],
'project:django-2.2.3/django/templatetags/i18n.py':[
113,
133,
],
'project:django-2.2.3/django/utils/dateformat.py':[
358,
],
'project:django-2.2.3/django/utils/encoding.py':[
194,
],
'project:django-2.2.3/django/utils/formats.py':[
223,
227,
230,
],
'project:django-2.2.3/django/utils/http.py':[
184,
],
'project:django-2.2.3/django/utils/numberformat.py':[
7,
],
'project:django-2.2.3/django/utils/six.py':[
523,
527,
848,
],
'project:django-2.2.3/django/views/generic/dates.py':[
618,
],
'project:django-2.2.3/django/views/i18n.py':[
34,
37,
38,
40,
],
'project:django-cms-3.7.1/cms/exceptions.py':[
29,
],
'project:django-cms-3.7.1/cms/models/pagemodel.py':[
270,
],
'project:django-cms-3.7.1/cms/models/placeholdermodel.py':[
52,
],
'project:django-cms-3.7.1/cms/models/pluginmodel.py':[
128,
],
'project:django-cms-3.7.1/cms/models/titlemodels.py':[
64,
],
'project:django-cms-3.7.1/cms/templatetags/cms_js_tags.py':[
28,
],
'project:django-cms-3.7.1/cms/test_utils/project/pluginapp/plugins/style/models.py':[
56,
],
'project:django-cms-3.7.1/cms/wizards/wizard_base.py':[
61,
96,
],
'project:django-cms-3.7.1/docs/conf.py':[
64,
],
'project:docker-compose-1.24.1/compose/cli/utils.py':[
48,
],
'project:docker-compose-1.24.1/compose/config/types.py':[
47,
65,
72,
],
'project:numpy-1.16.4/numpy/core/__init__.py':[
116,
116,
116,
117,
],
'project:numpy-1.16.4/numpy/core/_internal.py':[
38,
],
'project:numpy-1.16.4/numpy/core/code_generators/generate_numpy_api.py':[
212,
],
'project:numpy-1.16.4/numpy/core/code_generators/generate_umath.py':[
220,
],
'project:numpy-1.16.4/numpy/core/fromnumeric.py':[
1967,
2084,
2172,
],
'project:numpy-1.16.4/numpy/core/memmap.py':[
234,
247,
],
'project:numpy-1.16.4/numpy/core/setup.py':[
882,
],
'project:numpy-1.16.4/numpy/core/tests/test_getlimits.py':[
108,
],
'project:numpy-1.16.4/numpy/core/tests/test_numeric.py':[
2654,
],
'project:numpy-1.16.4/numpy/core/tests/test_regression.py':[
1485,
],
'project:numpy-1.16.4/numpy/distutils/ccompiler.py':[
138,
140,
283,
289,
292,
298,
],
'project:numpy-1.16.4/numpy/distutils/command/build_ext.py':[
561,
565,
],
'project:numpy-1.16.4/numpy/distutils/fcompiler/__init__.py':[
613,
],
'project:numpy-1.16.4/numpy/distutils/lib2def.py':[
7,
],
'project:numpy-1.16.4/numpy/distutils/npy_pkg_config.py':[
269,
292,
309,
],
'project:numpy-1.16.4/numpy/distutils/unixccompiler.py':[
47,
114,
126,
],
'project:numpy-1.16.4/numpy/doc/__init__.py':[
15,
],
'project:numpy-1.16.4/numpy/f2py/__init__.py':[
23,
],
'project:numpy-1.16.4/numpy/f2py/auxfuncs.py':[
760,
762,
],
'project:numpy-1.16.4/numpy/f2py/capi_maps.py':[
300,
304,
306,
311,
],
'project:numpy-1.16.4/numpy/f2py/crackfortran.py':[
1312,
1314,
1862,
2529,
3027,
3060,
],
'project:numpy-1.16.4/numpy/f2py/func2subr.py':[
84,
190,
],
'project:numpy-1.16.4/numpy/lib/_datasource.py':[
228,
],
'project:numpy-1.16.4/numpy/lib/histograms.py':[
1021,
],
'project:numpy-1.16.4/numpy/lib/npyio.py':[
255,
259,
1002,
1396,
1405,
1411,
],
'project:numpy-1.16.4/numpy/lib/tests/test_function_base.py':[
1515,
],
'project:numpy-1.16.4/numpy/lib/tests/test_histograms.py':[
368,
385,
],
'project:numpy-1.16.4/numpy/lib/utils.py':[
493,
495,
],
'project:numpy-1.16.4/numpy/ma/core.py':[
1209,
6514,
6526,
6597,
6599,
6618,
7267,
],
'project:numpy-1.16.4/numpy/polynomial/_polybase.py':[
267,
275,
],
'project:numpy-1.16.4/numpy/testing/_private/utils.py':[
185,
192,
],
'project:numpy-1.16.4/tools/npy_tempita/__init__.py':[
131,
241,
1057,
1062,
1278,
],
'project:tornado-2.3/demos/appengine/markdown.py':[
577,
585,
1504,
],
'project:tornado-2.3/demos/blog/blog.py':[
112,
120,
],
'project:tornado-2.3/demos/blog/markdown.py':[
577,
585,
1504,
],
'project:tornado-2.3/demos/s3server/s3server.py':[
111,
],
'project:tornado-2.3/tornado/auth.py':[
1112,
1136,
],
'project:tornado-2.3/tornado/gen.py':[
335,
],
'project:tornado-2.3/tornado/locale.py':[
296,
313,
316,
319,
322,
326,
],
'project:tornado-2.3/tornado/options.py':[
104,
106,
284,
],
'project:tornado-2.3/tornado/process.py':[
116,
129,
],
'project:tornado-2.3/tornado/stack_context.py':[
248,
],
'project:tornado-2.3/tornado/template.py':[
675,
],
'project:tornado-2.3/tornado/test/process_test.py':[
62,
],
'project:tornado-2.3/tornado/test/runtests.py':[
33,
],
'project:tornado-2.3/tornado/web.py':[
1054,
2050,
],
'project:twisted-12.1.0/doc/core/benchmarks/linereceiver.py':[
14,
],
'project:twisted-12.1.0/doc/web/howto/listings/client/gzipdecoder.py':[
15,
],
'project:twisted-12.1.0/doc/web/howto/listings/client/response.py':[
16,
],
'project:twisted-12.1.0/twisted/application/internet.py':[
280,
],
'project:twisted-12.1.0/twisted/application/service.py':[
171,
],
'project:twisted-12.1.0/twisted/conch/client/knownhosts.py':[
209,
],
'project:twisted-12.1.0/twisted/conch/insults/insults.py':[
471,
548,
],
'project:twisted-12.1.0/twisted/conch/insults/window.py':[
616,
626,
],
'project:twisted-12.1.0/twisted/conch/ssh/channel.py':[
80,
],
'project:twisted-12.1.0/twisted/conch/ssh/keys.py':[
79,
466,
513,
545,
],
'project:twisted-12.1.0/twisted/conch/ssh/transport.py':[
47,
949,
949,
],
'project:twisted-12.1.0/twisted/conch/telnet.py':[
505,
622,
],
'project:twisted-12.1.0/twisted/conch/test/test_keys.py':[
52,
],
'project:twisted-12.1.0/twisted/conch/test/test_telnet.py':[
250,
261,
272,
284,
305,
325,
338,
351,
370,
389,
],
'project:twisted-12.1.0/twisted/conch/ui/ansi.py':[
103,
114,
131,
163,
166,
],
'project:twisted-12.1.0/twisted/copyright.py':[
12,
],
'project:twisted-12.1.0/twisted/internet/base.py':[
366,
383,
404,
424,
],
'project:twisted-12.1.0/twisted/internet/iocpreactor/abstract.py':[
127,
254,
],
'project:twisted-12.1.0/twisted/internet/iocpreactor/reactor.py':[
102,
113,
],
'project:twisted-12.1.0/twisted/internet/iocpreactor/udp.py':[
146,
],
'project:twisted-12.1.0/twisted/internet/test/test_process.py':[
102,
],
'project:twisted-12.1.0/twisted/internet/test/test_unix.py':[
430,
],
'project:twisted-12.1.0/twisted/lore/test/test_lore.py':[
291,
],
'project:twisted-12.1.0/twisted/lore/test/test_slides.py':[
67,
],
'project:twisted-12.1.0/twisted/lore/tree.py':[
428,
],
'project:twisted-12.1.0/twisted/mail/imap4.py':[
1854,
3651,
4659,
4832,
],
'project:twisted-12.1.0/twisted/mail/maildir.py':[
154,
468,
],
'project:twisted-12.1.0/twisted/mail/pop3.py':[
183,
],
'project:twisted-12.1.0/twisted/mail/scripts/mailmail.py':[
260,
],
'project:twisted-12.1.0/twisted/mail/smtp.py':[
1277,
],
'project:twisted-12.1.0/twisted/mail/tap.py':[
316,
],
'project:twisted-12.1.0/twisted/mail/test/test_imap.py':[
86,
732,
1456,
4187,
],
'project:twisted-12.1.0/twisted/mail/test/test_pop3.py':[
48,
69,
],
'project:twisted-12.1.0/twisted/mail/test/test_smtp.py':[
714,
],
'project:twisted-12.1.0/twisted/manhole/explorer.py':[
26,
27,
71,
525,
],
'project:twisted-12.1.0/twisted/manhole/gladereactor.py':[
61,
65,
72,
78,
102,
],
'project:twisted-12.1.0/twisted/manhole/service.py':[
327,
340,
394,
],
'project:twisted-12.1.0/twisted/manhole/telnet.py':[
112,
],
'project:twisted-12.1.0/twisted/names/authority.py':[
192,
328,
],
'project:twisted-12.1.0/twisted/names/dns.py':[
1713,
1865,
1948,
],
'project:twisted-12.1.0/twisted/names/test/test_dns.py':[
347,
],
'project:twisted-12.1.0/twisted/news/database.py':[
51,
],
'project:twisted-12.1.0/twisted/persisted/dirdbm.py':[
346,
],
'project:twisted-12.1.0/twisted/protocols/ftp.py':[
406,
],
'project:twisted-12.1.0/twisted/protocols/ident.py':[
223,
],
'project:twisted-12.1.0/twisted/protocols/loopback.py':[
108,
122,
],
'project:twisted-12.1.0/twisted/protocols/sip.py':[
192,
],
'project:twisted-12.1.0/twisted/protocols/stateful.py':[
40,
],
'project:twisted-12.1.0/twisted/protocols/test/test_tls.py':[
389,
468,
482,
496,
512,
551,
1045,
],
'project:twisted-12.1.0/twisted/protocols/tls.py':[
330,
352,
],
'project:twisted-12.1.0/twisted/python/compat.py':[
163,
169,
],
'project:twisted-12.1.0/twisted/python/deprecate.py':[
177,
521,
],
'project:twisted-12.1.0/twisted/python/htmlizer.py':[
29,
33,
36,
38,
40,
77,
],
'project:twisted-12.1.0/twisted/python/randbytes.py':[
98,
],
'project:twisted-12.1.0/twisted/python/shortcut.py':[
15,
],
'project:twisted-12.1.0/twisted/python/test/test_deprecate.py':[
68,
],
'project:twisted-12.1.0/twisted/python/test/test_dist.py':[
125,
],
'project:twisted-12.1.0/twisted/python/test/test_fakepwd.py':[
41,
69,
99,
113,
151,
317,
318,
340,
341,
],
'project:twisted-12.1.0/twisted/python/test/test_hashlib.py':[
48,
63,
81,
],
'project:twisted-12.1.0/twisted/python/test/test_htmlizer.py':[
23,
35,
],
'project:twisted-12.1.0/twisted/python/test/test_release.py':[
804,
820,
837,
],
'project:twisted-12.1.0/twisted/python/versions.py':[
212,
],
'project:twisted-12.1.0/twisted/python/zipstream.py':[
117,
],
'project:twisted-12.1.0/twisted/python/zshcomp.py':[
809,
],
'project:twisted-12.1.0/twisted/scripts/tkunzip.py':[
179,
271,
],
'project:twisted-12.1.0/twisted/spread/pb.py':[
888,
],
'project:twisted-12.1.0/twisted/spread/ui/tkutil.py':[
292,
293,
],
'project:twisted-12.1.0/twisted/test/process_tester.py':[
12,
20,
29,
],
'project:twisted-12.1.0/twisted/test/test_amp.py':[
570,
602,
],
'project:twisted-12.1.0/twisted/test/test_banana.py':[
84,
],
'project:twisted-12.1.0/twisted/test/test_digestauth.py':[
478,
],
'project:twisted-12.1.0/twisted/test/test_iutils.py':[
158,
199,
],
'project:twisted-12.1.0/twisted/test/test_jelly.py':[
233,
534,
],
'project:twisted-12.1.0/twisted/test/test_loopback.py':[
345,
378,
397,
],
'project:twisted-12.1.0/twisted/test/test_pb.py':[
697,
],
'project:twisted-12.1.0/twisted/test/test_persisted.py':[
306,
],
'project:twisted-12.1.0/twisted/test/test_process.py':[
81,
96,
],
'project:twisted-12.1.0/twisted/test/test_task.py':[
695,
714,
],
'project:twisted-12.1.0/twisted/test/test_threads.py':[
197,
],
'project:twisted-12.1.0/twisted/trial/reporter.py':[
1146,
],
'project:twisted-12.1.0/twisted/web/client.py':[
788,
],
'project:twisted-12.1.0/twisted/web/distrib.py':[
316,
],
'project:twisted-12.1.0/twisted/web/domhelpers.py':[
141,
],
'project:twisted-12.1.0/twisted/web/http.py':[
303,
],
'project:twisted-12.1.0/twisted/web/microdom.py':[
52,
66,
],
'project:twisted-12.1.0/twisted/web/static.py':[
147,
],
'project:twisted-12.1.0/twisted/web/test/test_newclient.py':[
2321,
2366,
],
'project:twisted-12.1.0/twisted/web/test/test_static.py':[
1023,
],
'project:twisted-12.1.0/twisted/web/test/test_webclient.py':[
522,
734,
],
'project:twisted-12.1.0/twisted/web/test/test_wsgi.py':[
604,
616,
628,
640,
654,
666,
678,
696,
708,
720,
734,
746,
758,
771,
788,
803,
817,
829,
840,
852,
],
'project:twisted-12.1.0/twisted/web/test/test_xml.py':[
813,
823,
833,
853,
856,
858,
860,
],
'project:twisted-12.1.0/twisted/words/protocols/jabber/error.py':[
174,
309,
314,
322,
],
'project:twisted-12.1.0/twisted/words/protocols/jabber/xmlstream.py':[
55,
],
'project:twisted-12.1.0/twisted/words/protocols/msn.py':[
623,
658,
749,
758,
830,
876,
924,
935,
948,
957,
998,
1004,
1010,
1018,
1034,
1049,
1054,
1286,
1344,
1378,
1437,
1457,
1481,
1506,
1542,
1587,
1627,
1646,
1747,
1854,
1971,
1991,
1993,
],
'project:twisted-12.1.0/twisted/words/protocols/oscar.py':[
28,
52,
70,
],
'project:twisted-12.1.0/twisted/words/test/test_jabberxmlstream.py':[
36,
60,
],
'project:twisted-12.1.0/twisted/words/test/test_msn.py':[
403,
],
'project:twisted-12.1.0/twisted/words/xish/xpathparser.py':[
38,
313,
],
}
