{
'project:buildbot-0.8.6p1/buildbot/status/web/session.py':[
93,
],
'project:buildbot-0.8.6p1/buildbot/status/words.py':[
389,
],
'project:buildbot-0.8.6p1/buildbot/test/unit/test_db_users.py':[
379,
],
'project:buildbot-0.8.6p1/docs/bbdocs/ext.py':[
121,
],
'project:django-2.2.3/django/db/migrations/operations/special.py':[
36,
44,
],
'project:django-2.2.3/django/db/models/options.py':[
151,
],
'project:django-2.2.3/django/test/runner.py':[
469,
572,
],
'project:numpy-1.16.4/numpy/f2py/crackfortran.py':[
903,
],
'project:numpy-1.16.4/numpy/polynomial/tests/test_classes.py':[
41,
],
'project:twisted-12.1.0/twisted/internet/selectreactor.py':[
22,
],
}
