{
"project:tornado-6.3.3/tornado/simple_httpclient.py": [
471
],
"project:tornado-6.3.3/tornado/test/iostream_test.py": [
943,
1051,
1083
],
"project:tornado-6.3.3/tornado/test/simple_httpclient_test.py": [
546
]
}
