{
"project:buildbot-0.8.6p1/buildbot/changes/changes.py": [
96
],
"project:buildbot-0.8.6p1/buildbot/changes/filter.py": [
113,
114
],
"project:buildbot-0.8.6p1/buildbot/changes/gitpoller.py": [
43
],
"project:buildbot-0.8.6p1/buildbot/changes/p4poller.py": [
40,
123,
171,
178
],
"project:buildbot-0.8.6p1/buildbot/db/migrate/versions/001_initial.py": [
173
],
"project:buildbot-0.8.6p1/buildbot/db/schedulers.py": [
60
],
"project:buildbot-0.8.6p1/buildbot/db/state.py": [
81
],
"project:buildbot-0.8.6p1/buildbot/manhole.py": [
292,
293
],
"project:buildbot-0.8.6p1/buildbot/monkeypatches/bug5079.py": [
42
],
"project:buildbot-0.8.6p1/buildbot/process/botmaster.py": [
437,
438
],
"project:buildbot-0.8.6p1/buildbot/process/build.py": [
352
],
"project:buildbot-0.8.6p1/buildbot/process/properties.py": [
52,
247
],
"project:buildbot-0.8.6p1/buildbot/schedulers/basic.py": [
37
],
"project:buildbot-0.8.6p1/buildbot/schedulers/timed.py": [
236,
288,
289
],
"project:buildbot-0.8.6p1/buildbot/scripts/runner.py": [
192,
376,
383,
399,
436
],
"project:buildbot-0.8.6p1/buildbot/status/build.py": [
355
],
"project:buildbot-0.8.6p1/buildbot/status/builder.py": [
261,
262,
267,
268
],
"project:buildbot-0.8.6p1/buildbot/status/progress.py": [
66,
83
],
"project:buildbot-0.8.6p1/buildbot/status/web/console.py": [
26,
60
],
"project:buildbot-0.8.6p1/buildbot/status/web/grid.py": [
21,
50,
51,
169,
232
],
"project:buildbot-0.8.6p1/buildbot/status/web/waterfall.py": [
139,
234,
237,
240,
244,
252,
265,
624,
685
],
"project:buildbot-0.8.6p1/buildbot/status/words.py": [
292
],
"project:buildbot-0.8.6p1/buildbot/steps/master.py": [
80,
89
],
"project:buildbot-0.8.6p1/buildbot/steps/python_twisted.py": [
134,
136,
138,
140,
142,
145
],
"project:buildbot-0.8.6p1/buildbot/steps/shell.py": [
317
],
"project:buildbot-0.8.6p1/buildbot/test/unit/test_util_eventual.py": [
37,
80,
90
],
"project:buildbot-0.8.6p1/buildbot/test/unit/test_util_loop.py": [
187
],
"project:buildbot-0.8.6p1/buildbot/util/netstrings.py": [
27,
28,
29
],
"project:buildbot-slave-0.8.6p1/buildslave/commands/svn.py": [
98,
99
],
"project:buildbot-slave-0.8.6p1/buildslave/monkeypatches/bug5079.py": [
42
],
"project:buildbot-slave-0.8.6p1/buildslave/runprocess.py": [
167,
169,
412,
428,
601
],
"project:buildbot-slave-0.8.6p1/buildslave/scripts/runner.py": [
199
],
"project:buildbot-slave-0.8.6p1/buildslave/test/fake/remote.py": [
30,
31
],
"project:buildbot-slave-0.8.6p1/buildslave/test/unit/runprocess-scripts.py": [
96
],
"project:buildbot-slave-0.8.6p1/buildslave/test/unit/test_runprocess.py": [
324,
326,
328,
329,
382
],
"project:buildbot-slave-0.8.6p1/buildslave/test/util/command.py": [
132
],
"project:django-cms-3.11.4/cms/exceptions.py": [
65,
68,
71,
74,
77,
80,
83
],
"project:django-cms-3.11.4/cms/test_utils/project/bunch_of_plugins/models.py": [
8,
10
],
"project:django-cms-3.11.4/cms/utils/conf.py": [
14
],
"project:mypy-1.5.1/mypyc/test-data/fixtures/ir.py": [
18,
21,
24,
29,
32,
35,
42,
43,
44,
47,
51,
60,
61,
62,
63,
64,
65,
66,
67,
68,
69,
70,
71,
72,
73,
74,
75,
76,
77,
78,
79,
80,
81,
82,
89,
90,
91,
92,
93,
94,
95,
96,
97,
102,
103,
104,
105,
106,
107,
108,
109,
110,
111,
112,
115,
116,
117,
118,
119,
120,
121,
122,
123,
124,
125,
126,
127,
128,
129,
130,
131,
132,
133,
134,
137,
138,
139,
140,
141,
142,
143,
144,
151,
152,
153,
154,
155,
160,
161,
170,
171,
172,
173,
176,
191,
196,
197,
198,
200,
203,
208,
209,
210,
211,
212,
213,
214,
215,
216,
217,
218,
219,
220,
221,
222,
223,
224,
233,
234,
235,
236,
237,
238,
245,
246,
247,
248,
249,
250,
251,
254,
255,
256,
257,
258,
259,
260,
261,
262,
263,
264,
267,
268,
269,
270,
271,
273,
276,
277,
278,
279,
286,
287,
288,
289,
290,
291,
292,
293,
294,
296,
299,
301,
302,
303,
304,
305,
306,
307,
308,
309,
310,
311,
312,
313,
314,
315,
320,
321,
322,
324,
326,
327,
328,
329,
330,
332,
333,
334,
335,
340,
341,
342,
343,
344,
349,
350,
361,
362,
363,
364,
365,
366,
367,
370,
371
],
"project:numpy-1.26.0/numpy/_typing/_array_like.py": [
41
],
"project:numpy-1.26.0/numpy/array_api/_typing.py": [
50,
51,
76
],
"project:numpy-1.26.0/numpy/core/tests/test_arrayprint.py": [
21
],
"project:numpy-1.26.0/numpy/core/tests/test_multiarray.py": [
599,
600,
9546
],
"project:numpy-1.26.0/numpy/core/tests/test_umath.py": [
4648
],
"project:numpy-1.26.0/numpy/distutils/ccompiler_opt.py": [
343,
371,
403,
437,
521,
544
],
"project:numpy-1.26.0/numpy/distutils/command/build_src.py": [
551
],
"project:numpy-1.26.0/numpy/distutils/command/config.py": [
137,
144,
157
],
"project:numpy-1.26.0/numpy/distutils/command/config_compiler.py": [
71,
72,
73,
74,
80,
112,
113,
114,
115,
121
],
"project:numpy-1.26.0/numpy/distutils/command/sdist.py": [
23,
24
],
"project:numpy-1.26.0/numpy/distutils/cpuinfo.py": [
126,
304,
314,
315,
316,
317,
318,
319,
320,
321,
322,
323,
324,
325,
326,
327,
328,
331,
332,
335,
336,
337,
338,
339,
340,
341,
342,
343,
344,
345,
346,
347,
348,
349,
363,
378,
379,
380,
381,
382,
383,
384,
385,
386,
387,
388,
389,
390,
391,
392,
393,
394,
395,
419,
520
],
"project:numpy-1.26.0/numpy/distutils/fcompiler/__init__.py": [
1024,
1026
],
"project:numpy-1.26.0/numpy/distutils/fcompiler/ibm.py": [
43
],
"project:numpy-1.26.0/numpy/distutils/fcompiler/mips.py": [
38,
39,
40,
41,
42
],
"project:numpy-1.26.0/numpy/distutils/mingw32ccompiler.py": [
151
],
"project:numpy-1.26.0/numpy/distutils/misc_util.py": [
1145,
1782,
2057,
2058,
2059,
2060,
2097,
2098,
2099,
2100
],
"project:numpy-1.26.0/numpy/distutils/tests/test_ccompiler_opt.py": [
151,
777
],
"project:numpy-1.26.0/numpy/f2py/symbolic.py": [
257,
259,
261
],
"project:numpy-1.26.0/numpy/ma/tests/test_core.py": [
5416
],
"project:numpy-1.26.0/numpy/matrixlib/defmatrix.py": [
139,
140,
170
],
"project:numpy-1.26.0/numpy/typing/tests/data/pass/ndarray_misc.py": [
16
],
"project:numpy-1.26.0/numpy/typing/tests/test_runtime.py": [
59,
74
],
"project:numpy-1.26.0/runtests.py": [
238,
595,
596,
674,
675,
676,
677
],
"project:numpy-1.26.0/tools/swig/test/testArray.py": [
42,
100,
105,
110,
292,
350,
355,
360
],
"project:numpy-1.26.0/tools/swig/test/testFarray.py": [
11,
12
],
"project:numpy-1.26.0/tools/swig/test/testFlat.py": [
11,
12
],
"project:numpy-1.26.0/tools/swig/test/testFortran.py": [
9,
10
],
"project:numpy-1.26.0/tools/swig/test/testMatrix.py": [
9,
10
],
"project:numpy-1.26.0/tools/swig/test/testSuperTensor.py": [
9,
10
],
"project:numpy-1.26.0/tools/swig/test/testTensor.py": [
10,
11
],
"project:numpy-1.26.0/tools/swig/test/testVector.py": [
9,
10
],
"project:numpy-1.26.0/vendored-meson/meson/mesonbuild/_typing.py": [
37,
55,
62,
64,
66,
68,
70,
71,
72,
73,
74,
75,
77,
79,
81
],
"project:numpy-1.26.0/vendored-meson/meson/mesonbuild/compilers/d.py": [
113
],
"project:numpy-1.26.0/vendored-meson/meson/mesonbuild/interpreter/kwargs.py": [
218
],
"project:numpy-1.26.0/vendored-meson/meson/mesonbuild/interpreterbase/baseobjects.py": [
36
],
"project:numpy-1.26.0/vendored-meson/meson/mesonbuild/interpreterbase/decorators.py": [
40
],
"project:numpy-1.26.0/vendored-meson/meson/mesonbuild/linkers/linkers.py": [
583,
1226
],
"project:pecos/examples/MACLR/dataset.py": [
132
],
"project:tensorflow/python/data/kernel_tests/memory_cleanup_test.py": [
79
],
"project:tensorflow/python/distribute/cross_device_ops.py": [
155,
156
],
"project:tensorflow/python/distribute/distribute_lib.py": [
309,
324,
331
],
"project:tensorflow/python/distribute/vars_test.py": [
322,
369,
1076
],
"project:tensorflow/python/framework/op_def_library.py": [
93,
94,
95
],
"project:tensorflow/python/keras/utils/control_flow_util.py": [
34,
63,
82
],
"project:tensorflow/python/kernel_tests/control_flow/control_flow_ops_py_test.py": [
1489
],
"project:tensorflow/python/ops/cond_v2.py": [
494,
495
],
"project:tensorflow/python/ops/control_flow_util.py": [
57,
71,
204,
223,
241,
249
],
"project:tensorflow/python/ops/control_flow_util_v2.py": [
44,
56
],
"project:tensorflow/python/ops/gradients_test.py": [
364,
366,
368,
370
],
"project:tensorflow/python/ops/gradients_util.py": [
355
],
"project:tensorflow/python/profiler/internal/model_analyzer_testlib.py": [
97
],
"project:tensorflow/python/tpu/tensor_tracer.py": [
442
],
"project:tensorflow/python/training/saving/saveable_object_util.py": [
792
],
"project:tensorflow/python/util/all_util.py": [
78,
105
]
}
