{
'project:buildbot-0.8.6p1/buildbot/clients/tryclient.py':[
477,
],
'project:buildbot-0.8.6p1/buildbot/scripts/runner.py':[
808,
1023,
],
'project:buildbot-0.8.6p1/contrib/buildbot_cvs_mail.py':[
124,
],
'project:buildbot-0.8.6p1/contrib/buildbot_json.py':[
903,
],
'project:buildbot-0.8.6p1/contrib/git_buildbot.py':[
267,
],
'project:django-1.4/django/contrib/auth/management/__init__.py':[
67,
70,
],
'project:django-1.4/django/contrib/auth/management/commands/createsuperuser.py':[
79,
97,
],
'project:django-1.4/django/contrib/contenttypes/management.py':[
51,
],
'project:django-1.4/django/contrib/staticfiles/management/commands/collectstatic.py':[
151,
],
'project:django-1.4/django/core/management/commands/flush.py':[
44,
],
'project:django-1.4/django/core/management/commands/reset.py':[
37,
],
'project:django-1.4/django/db/backends/creation.py':[
330,
],
'project:django-1.4/django/db/backends/oracle/creation.py':[
68,
90,
],
'project:django-1.4/django/db/backends/sqlite3/creation.py':[
56,
],
'project:django-1.4/django/utils/autoreload.py':[
78,
],
'project:django-1.4/django/utils/simplejson/tool.py':[
16,
],
'project:django-1.4/docs/_ext/literals_to_xrefs.py':[
77,
95,
],
'project:twisted-12.1.0/doc/conch/examples/sshsimpleclient.py':[
34,
],
'project:twisted-12.1.0/doc/core/benchmarks/netstringreceiver.py':[
43,
],
'project:twisted-12.1.0/doc/mail/examples/imap4client.py':[
165,
166,
],
'project:twisted-12.1.0/doc/words/examples/msn_example.py':[
61,
],
'project:twisted-12.1.0/doc/words/examples/oscardemo.py':[
10,
],
'project:twisted-12.1.0/twisted/conch/client/default.py':[
153,
154,
156,
243,
244,
251,
255,
],
'project:twisted-12.1.0/twisted/conch/scripts/ckeygen.py':[
94,
112,
139,
158,
161,
],
'project:twisted-12.1.0/twisted/cred/pamauth.py':[
68,
],
'project:twisted-12.1.0/twisted/internet/test/process_helper.py':[
10,
],
'project:twisted-12.1.0/twisted/mail/scripts/mailmail.py':[
141,
182,
],
'project:twisted-12.1.0/twisted/mail/test/test_mailmail.py':[
28,
29,
],
'project:twisted-12.1.0/twisted/python/release.py':[
49,
],
'project:twisted-12.1.0/twisted/python/util.py':[
288,
295,
296,
300,
317,
],
'project:twisted-12.1.0/twisted/test/process_echoer.py':[
5,
9,
],
'project:twisted-12.1.0/twisted/test/process_reader.py':[
8,
],
'project:twisted-12.1.0/twisted/test/process_signal.py':[
7,
],
'project:twisted-12.1.0/twisted/test/process_stdinreader.py':[
16,
],
'project:twisted-12.1.0/twisted/test/process_tester.py':[
12,
20,
29,
],
'project:twisted-12.1.0/twisted/words/xish/xpathparser.py':[
505,
],
}
