{
'project:S2733.py':[
9,
18,
27,
],
'project:S5706.py':[
17,
36,
40,
43,
],
}
