{
"project:biopython/Bio/Application/__init__.py": [
38
],
"project:biopython/Bio/GenBank/Scanner.py": [
1099
],
"project:biopython/Bio/Phylo/PAML/_parse_codeml.py": [
23,
80
],
"project:biopython/Bio/Phylo/PhyloXML.py": [
558,
939,
1367
],
"project:biopython/Bio/PopGen/GenePop/Controller.py": [
651,
651,
651
],
"project:buildbot-0.8.6p1/buildbot/process/mtrlogobserver.py": [
85,
86,
88,
89,
89
],
"project:buildbot-0.8.6p1/buildbot/status/builder.py": [
243,
244
],
"project:buildbot-0.8.6p1/buildbot/status/web/change_hook.py": [
101
],
"project:buildbot-0.8.6p1/buildbot/steps/shell.py": [
382,
382
],
"project:buildbot-0.8.6p1/buildbot/steps/source/oldsource.py": [
977,
977,
978,
978,
979,
979
],
"project:buildbot-0.8.6p1/buildbot/steps/vstudio.py": [
41,
42
],
"project:buildbot-slave-0.8.6p1/buildslave/runprocess.py": [
300
],
"project:django-4.2.5/django/core/validators.py": [
145
],
"project:django-4.2.5/tests/fixtures_regress/tests.py": [
386
],
"project:django-4.2.5/tests/forms_tests/field_tests/test_regexfield.py": [
31,
31
],
"project:django-4.2.5/tests/model_formsets/tests.py": [
1574,
1574,
1574,
1574,
1574,
1574,
1574
],
"project:django-4.2.5/tests/validators/tests.py": [
476
],
"project:docker-compose-1.24.1/compose/config/interpolation.py": [
195
],
"project:docker-compose-1.24.1/script/release/release/utils.py": [
10,
10,
10,
10,
10,
10
],
"project:mypy-1.5.1/misc/convert-cache.py": [
47,
47
],
"project:mypy-1.5.1/misc/upload-pypi.py": [
122,
122
],
"project:mypy-1.5.1/mypy/messages.py": [
2938
],
"project:mypy-1.5.1/mypy/server/update.py": [
1285
],
"project:mypy-1.5.1/mypy/stubdoc.py": [
21
],
"project:mypy-1.5.1/mypy/test/data.py": [
125,
130,
135,
143,
151,
346,
352
],
"project:mypy-1.5.1/mypy/test/testfinegrained.py": [
191,
303,
335
],
"project:mypy-1.5.1/mypyc/test-data/driver/driver.py": [
29
],
"project:mypy-1.5.1/mypyc/test/test_cheader.py": [
44
],
"project:mypy-1.5.1/mypyc/test/test_run.py": [
422,
425
],
"project:mypy-1.5.1/mypyc/test/testutil.py": [
277
],
"project:numpy-1.26.0/doc/neps/tools/build_index.py": [
31
],
"project:numpy-1.26.0/numpy/distutils/mingw32ccompiler.py": [
42
],
"project:numpy-1.26.0/numpy/lib/polynomial.py": [
1049
],
"project:numpy-1.26.0/tools/c_coverage/c_coverage_report.py": [
121,
121,
122,
122
],
"project:numpy-1.26.0/vendored-meson/meson/docs/extensions/refman_links.py": [
55,
55
],
"project:numpy-1.26.0/vendored-meson/meson/docs/genrelnotes.py": [
50,
50,
50
],
"project:numpy-1.26.0/vendored-meson/meson/docs/refman/generatormd.py": [
92
],
"project:numpy-1.26.0/vendored-meson/meson/docs/refman/loaderbase.py": [
43,
51,
51,
51
],
"project:numpy-1.26.0/vendored-meson/meson/mesonbuild/arglist.py": [
100,
100,
100
],
"project:numpy-1.26.0/vendored-meson/meson/mesonbuild/build.py": [
2346,
2346,
2373,
2373
],
"project:numpy-1.26.0/vendored-meson/meson/mesonbuild/cmake/executor.py": [
167
],
"project:numpy-1.26.0/vendored-meson/meson/mesonbuild/cmake/interpreter.py": [
123,
131
],
"project:numpy-1.26.0/vendored-meson/meson/mesonbuild/cmake/traceparser.py": [
730
],
"project:numpy-1.26.0/vendored-meson/meson/mesonbuild/cmake/tracetargets.py": [
35,
36
],
"project:numpy-1.26.0/vendored-meson/meson/mesonbuild/compilers/compilers.py": [
101,
101,
101
],
"project:numpy-1.26.0/vendored-meson/meson/mesonbuild/compilers/detect.py": [
496
],
"project:numpy-1.26.0/vendored-meson/meson/mesonbuild/compilers/mixins/clike.py": [
58,
58,
58
],
"project:numpy-1.26.0/vendored-meson/meson/mesonbuild/dependencies/boost.py": [
116,
732
],
"project:numpy-1.26.0/vendored-meson/meson/mesonbuild/dependencies/configtool.py": [
47
],
"project:numpy-1.26.0/vendored-meson/meson/mesonbuild/dependencies/cuda.py": [
163
],
"project:numpy-1.26.0/vendored-meson/meson/mesonbuild/dependencies/dub.py": [
335,
335,
335,
335,
335
],
"project:numpy-1.26.0/vendored-meson/meson/mesonbuild/interpreter/interpreter.py": [
2840,
2840
],
"project:numpy-1.26.0/vendored-meson/meson/mesonbuild/interpreterbase/interpreterbase.py": [
446,
652
],
"project:numpy-1.26.0/vendored-meson/meson/mesonbuild/linkers/linkers.py": [
1458
],
"project:numpy-1.26.0/vendored-meson/meson/mesonbuild/minstall.py": [
718
],
"project:numpy-1.26.0/vendored-meson/meson/mesonbuild/modules/cuda.py": [
315,
315,
315,
315,
354,
354,
354,
354,
373,
373,
373,
373
],
"project:numpy-1.26.0/vendored-meson/meson/mesonbuild/mparser.py": [
120
],
"project:numpy-1.26.0/vendored-meson/meson/mesonbuild/mtest.py": [
342
],
"project:numpy-1.26.0/vendored-meson/meson/mesonbuild/programs.py": [
123
],
"project:numpy-1.26.0/vendored-meson/meson/mesonbuild/rewriter.py": [
865
],
"project:numpy-1.26.0/vendored-meson/meson/run_project_tests.py": [
1508,
1508,
1514,
1514,
1520,
1520
],
"project:tensorflow/python/debug/cli/tensor_format.py": [
27
],
"project:tensorflow/python/distribute/coordinator/cluster_coordinator.py": [
1700
],
"project:tensorflow/python/eager/polymorphic_function/polymorphic_function_xla_jit_test.py": [
211
],
"project:tensorflow/python/grappler/auto_mixed_precision_test.py": [
270,
274,
278
],
"project:tensorflow/python/module/module.py": [
332
],
"project:tensorflow/python/ops/structured/structured_tensor.py": [
1192
],
"project:tensorflow/tools/ci_build/sizetrack_helper.py": [
211
],
"project:tensorflow/tools/ci_build/update_version.py": [
126,
126,
157,
158,
159
],
"project:tornado-6.3.3/tornado/http1connection.py": [
850
],
"project:tornado-6.3.3/tornado/httputil.py": [
880,
909,
909
],
"project:tornado-6.3.3/tornado/test/log_test.py": [
43,
43,
43,
43,
43
],
"project:tornado-6.3.3/tornado/test/simple_httpclient_test.py": [
357
],
"project:tornado-6.3.3/tornado/test/web_test.py": [
133,
464
],
"project:tornado-6.3.3/tornado/web.py": [
3526
],
"project:twisted-23.8.0/src/twisted/persisted/aot.py": [
183
],
"project:twisted-23.8.0/src/twisted/web/test/test_static.py": [
1294,
1294,
1294
]
}
