{
"project:biopython/Bio/MarkovModel.py": [
621
],
"project:numpy-1.26.0/benchmarks/benchmarks/bench_app.py": [
59
],
"project:numpy-1.26.0/benchmarks/benchmarks/bench_core.py": [
234,
234
],
"project:numpy-1.26.0/benchmarks/benchmarks/bench_creation.py": [
16
],
"project:numpy-1.26.0/benchmarks/benchmarks/bench_function_base.py": [
73,
74,
155,
191,
223,
225,
316
],
"project:numpy-1.26.0/benchmarks/benchmarks/bench_io.py": [
166,
236
],
"project:numpy-1.26.0/benchmarks/benchmarks/bench_lib.py": [
72,
134,
136,
167,
169
],
"project:numpy-1.26.0/benchmarks/benchmarks/bench_linalg.py": [
204,
206
],
"project:numpy-1.26.0/benchmarks/benchmarks/bench_ma.py": [
131,
133,
153,
155,
176,
177,
183,
184,
204,
206,
226,
228,
248,
249,
255,
256
],
"project:numpy-1.26.0/benchmarks/benchmarks/bench_manipulate.py": [
15,
18,
50,
54
],
"project:numpy-1.26.0/benchmarks/benchmarks/bench_random.py": [
32,
39,
43,
65,
69,
75,
76,
79,
82,
85,
95,
151,
181
],
"project:numpy-1.26.0/benchmarks/benchmarks/bench_shape_base.py": [
143,
144
],
"project:numpy-1.26.0/benchmarks/benchmarks/bench_trim_zeros.py": [
22
],
"project:numpy-1.26.0/benchmarks/benchmarks/bench_ufunc.py": [
132,
192,
193,
209,
210,
403,
415,
417,
500,
501,
502,
503
],
"project:numpy-1.26.0/benchmarks/benchmarks/bench_ufunc_strides.py": [
215,
216
],
"project:numpy-1.26.0/benchmarks/benchmarks/common.py": [
46,
177,
189,
200
],
"project:numpy-1.26.0/numpy/_pyinstaller/pyinstaller-smoke.py": [
25,
26,
29
],
"project:numpy-1.26.0/numpy/core/tests/test_einsum.py": [
825,
835,
932,
1028,
1029,
1030,
1031,
1036,
1037,
1089
],
"project:numpy-1.26.0/numpy/core/tests/test_indexing.py": [
577
],
"project:numpy-1.26.0/numpy/core/tests/test_item_selection.py": [
100,
114,
137,
146
],
"project:numpy-1.26.0/numpy/core/tests/test_mem_overlap.py": [
84,
235,
424,
520,
606,
736,
927
],
"project:numpy-1.26.0/numpy/core/tests/test_multiarray.py": [
2217,
2223,
2238,
2641,
2658,
2894,
2951,
3023,
3026,
3031,
3033,
3038,
3052,
3107,
3108,
3109,
3279,
3283,
4481,
4553,
4608,
4979,
5066,
5145,
5156,
5163,
5169,
5239,
5240,
5711,
6070,
6497,
6498,
6499,
6500,
6501,
6570,
6571,
6578,
6579,
6642,
6643,
6664,
6665,
6744,
6745,
7129,
8961,
9650,
9651,
9664,
9945,
9946,
9951,
9956,
9962,
9969,
9981,
9982,
9983,
9993,
10003,
10019
],
"project:numpy-1.26.0/numpy/core/tests/test_nditer.py": [
2882
],
"project:numpy-1.26.0/numpy/core/tests/test_numeric.py": [
1470,
1604,
1618,
1619,
1620,
1621,
1837,
1840,
1840,
1843,
1854,
1860,
1863,
3214,
3223,
3258
],
"project:numpy-1.26.0/numpy/core/tests/test_overrides.py": [
665
],
"project:numpy-1.26.0/numpy/core/tests/test_records.py": [
329
],
"project:numpy-1.26.0/numpy/core/tests/test_regression.py": [
192,
193,
250,
302,
525,
538,
539,
688,
775
],
"project:numpy-1.26.0/numpy/core/tests/test_shape_base.py": [
442,
450
],
"project:numpy-1.26.0/numpy/core/tests/test_strings.py": [
61
],
"project:numpy-1.26.0/numpy/core/tests/test_ufunc.py": [
1279,
1280,
1563,
1564,
2002,
2006
],
"project:numpy-1.26.0/numpy/core/tests/test_umath.py": [
282,
283,
286,
287,
1377,
1401,
1937,
1961,
1967,
1975,
1976,
1980,
1994
],
"project:numpy-1.26.0/numpy/core/tests/test_umath_accuracy.py": [
62
],
"project:numpy-1.26.0/numpy/fft/tests/test_helper.py": [
25,
127,
161
],
"project:numpy-1.26.0/numpy/fft/tests/test_pocketfft.py": [
28,
28,
29,
37,
37,
47,
47,
57,
57,
68,
68,
79,
79,
91,
91,
103,
120,
130,
140,
150,
160,
170,
170,
171,
171,
182,
182,
183,
183,
196,
205,
227,
243
],
"project:numpy-1.26.0/numpy/lib/tests/test_arraysetops.py": [
402
],
"project:numpy-1.26.0/numpy/lib/tests/test_arrayterator.py": [
14,
15,
20,
31,
32,
33
],
"project:numpy-1.26.0/numpy/lib/tests/test_format.py": [
495
],
"project:numpy-1.26.0/numpy/lib/tests/test_function_base.py": [
305,
359,
360,
750,
1061,
1349,
1909,
1932,
1987,
1993,
3147,
3349,
3364,
3851,
3887,
4019,
4032
],
"project:numpy-1.26.0/numpy/lib/tests/test_histograms.py": [
23,
45,
145,
544,
650,
664,
670,
737
],
"project:numpy-1.26.0/numpy/lib/tests/test_index_tricks.py": [
327,
328,
359,
514
],
"project:numpy-1.26.0/numpy/lib/tests/test_io.py": [
264,
612,
613,
2639,
2676
],
"project:numpy-1.26.0/numpy/lib/tests/test_nanfunctions.py": [
648,
799,
831,
846,
866,
868,
1002,
1035,
1052
],
"project:numpy-1.26.0/numpy/lib/tests/test_packbits.py": [
203
],
"project:numpy-1.26.0/numpy/lib/tests/test_polynomial.py": [
118,
118,
189
],
"project:numpy-1.26.0/numpy/lib/tests/test_regression.py": [
18,
143,
149
],
"project:numpy-1.26.0/numpy/lib/tests/test_shape_base.py": [
34,
631,
632,
633,
757
],
"project:numpy-1.26.0/numpy/lib/tests/test_twodim_base.py": [
238
],
"project:numpy-1.26.0/numpy/lib/tests/test_type_check.py": [
94,
108,
108,
125,
139,
139,
458
],
"project:numpy-1.26.0/numpy/linalg/tests/test_linalg.py": [
142,
143,
145,
146,
191,
192,
194,
195,
197,
198,
200,
201,
204,
205,
234,
809,
1622,
1788,
1789,
1806,
1808,
1966,
1967,
1968,
1975,
1976,
1984,
1985,
1986,
1987,
1992,
1993,
1994,
1995,
2002,
2003,
2004,
2005,
2012,
2013,
2014,
2015,
2023,
2024,
2025,
2035,
2036,
2046,
2047,
2048,
2049,
2058,
2059,
2060,
2061,
2062,
2063,
2087,
2146
],
"project:numpy-1.26.0/numpy/linalg/tests/test_regression.py": [
139,
139,
140,
140
],
"project:numpy-1.26.0/numpy/ma/tests/test_core.py": [
178,
1262,
1263,
1510,
3134,
3135,
3787,
3796,
3797,
3909,
4385,
5026,
5042,
5154
],
"project:numpy-1.26.0/numpy/ma/tests/test_extras.py": [
388,
389,
390,
391,
968,
1047,
1237,
1304,
1305,
1413,
1414,
1438,
1450,
1451,
1832,
1833,
1834,
1835,
1853,
1854,
1855,
1856
],
"project:numpy-1.26.0/numpy/ma/tests/test_mrecords.py": [
152,
352
],
"project:numpy-1.26.0/numpy/matlib.py": [
275,
328
],
"project:numpy-1.26.0/numpy/matrixlib/tests/test_interaction.py": [
233
],
"project:numpy-1.26.0/numpy/matrixlib/tests/test_masked_matrix.py": [
163
],
"project:numpy-1.26.0/numpy/matrixlib/tests/test_regression.py": [
29
],
"project:numpy-1.26.0/numpy/polynomial/tests/test_chebyshev.py": [
131,
305,
349,
362,
384,
397
],
"project:numpy-1.26.0/numpy/polynomial/tests/test_hermite.py": [
119,
293,
337,
350,
372,
385
],
"project:numpy-1.26.0/numpy/polynomial/tests/test_hermite_e.py": [
119,
293,
338,
351,
373,
386
],
"project:numpy-1.26.0/numpy/polynomial/tests/test_laguerre.py": [
116,
290,
334,
347,
369,
382
],
"project:numpy-1.26.0/numpy/polynomial/tests/test_legendre.py": [
120,
294,
341,
357,
379,
392
],
"project:numpy-1.26.0/numpy/polynomial/tests/test_polynomial.py": [
133,
220,
385,
429,
442,
464,
477
],
"project:numpy-1.26.0/numpy/random/tests/test_direct.py": [
237,
242
],
"project:numpy-1.26.0/numpy/random/tests/test_generator_mt19937.py": [
1817
],
"project:numpy-1.26.0/numpy/random/tests/test_random.py": [
17,
19,
23,
25,
27,
29,
61,
62,
71,
74,
77,
78,
85,
86,
87,
88,
89,
90,
106,
267,
298,
306,
314,
324,
339,
362,
370,
376,
382,
388,
395,
421,
422,
423,
424,
425,
426,
430,
434,
435,
436,
437,
438,
439,
443,
448,
449,
450,
451,
452,
455,
456,
457,
458,
459,
460,
471,
496,
508,
511,
516,
526,
558,
560,
571,
575,
584,
592,
613,
614,
615,
616,
617,
618,
635,
642,
647,
655,
662,
667,
675,
682,
687,
694,
698,
703,
707,
713,
720,
725,
733,
740,
745,
753,
767,
778,
798,
804,
812,
818,
825,
833,
842,
849,
854,
869,
885,
893,
900,
905,
913,
921,
928,
933,
941,
949,
958,
978,
1006,
1015,
1020,
1028,
1036,
1041,
1223,
1528,
1631,
1638
],
"project:numpy-1.26.0/numpy/random/tests/test_randomstate.py": [
74,
76,
80,
82,
84,
86,
111,
126,
127,
136,
139,
142,
143,
150,
151,
152,
153,
154,
155,
173,
175,
184,
190,
235,
413,
444,
452,
458,
465,
470,
480,
490,
496,
522,
531,
552,
559,
564,
570,
576,
582,
588,
614,
615,
616,
617,
618,
619,
623,
627,
628,
629,
630,
631,
632,
636,
641,
642,
643,
644,
645,
648,
649,
650,
651,
652,
653,
666,
668,
673,
699,
711,
714,
725,
731,
746,
751,
760,
767,
773,
782,
795,
801,
802,
803,
804,
805,
806,
819,
821,
827,
834,
839,
847,
854,
859,
877,
884,
889,
896,
900,
905,
909,
915,
922,
927,
935,
942,
947,
954,
960,
963,
966,
970,
984,
995,
1015,
1032,
1047,
1053,
1060,
1068,
1077,
1082,
1089,
1094,
1109,
1129,
1137,
1144,
1149,
1157,
1165,
1172,
1177,
1185,
1191,
1199,
1208,
1228,
1254,
1263,
1269,
1277,
1282,
1290,
1298,
1303,
1484,
1653,
1802,
1910,
1917,
2036,
2038,
2040,
2044,
2098,
2106,
2115,
2116
],
"project:numpy-1.26.0/numpy/random/tests/test_randomstate_regression.py": [
19,
24,
25,
36,
42,
62,
68,
80,
81,
82,
88,
100,
113,
127,
139,
151,
159,
163,
164,
169,
171,
173,
175,
186,
193,
202,
209,
210,
216
],
"project:numpy-1.26.0/numpy/random/tests/test_regression.py": [
20,
21,
32,
38,
58,
64,
76,
77,
78,
84,
96,
109,
123,
135,
147
],
"project:numpy-1.26.0/numpy/random/tests/test_smoke.py": [
81,
732
],
"project:numpy-1.26.0/numpy/testing/tests/test_utils.py": [
1166,
1172,
1179
],
"project:numpy-1.26.0/numpy/typing/tests/data/pass/random.py": [
919,
1470,
1471,
1472
],
"project:pecos/examples/MACLR/main.py": [
249,
260
],
"project:pecos/examples/overlap-xmc/disentangle_metric.py": [
202,
203
],
"project:pecos/examples/overlap-xmc/make_combined_label.py": [
82
],
"project:pecos/examples/qp2q/utils/process_aol_dataset_from_orig_aol_files.py": [
223,
249
],
"project:pecos/pecos/xmc/xtransformer/module.py": [
316,
348
],
"project:pecos/pecos/xmc/xtransformer/network.py": [
148
],
"project:pecos/test/pecos/xmc/xlinear/test_xlinear.py": [
683,
685,
706,
708,
728,
730,
757,
759,
1035
],
"project:tensorflow/python/autograph/pyct/testing/codegen.py": [
31,
132
],
"project:tensorflow/python/autograph/tests/call_to_numpy_function_test.py": [
28
],
"project:tensorflow/python/client/session_benchmark.py": [
46
],
"project:tensorflow/python/client/session_test.py": [
1436
],
"project:tensorflow/python/client/virtual_gpu_test.py": [
135
],
"project:tensorflow/python/compiler/tensorrt/test/base_test.py": [
87,
90
],
"project:tensorflow/python/compiler/tensorrt/test/batch_matmul_test.py": [
80,
101
],
"project:tensorflow/python/compiler/tensorrt/test/biasadd_matmul_test.py": [
33
],
"project:tensorflow/python/compiler/tensorrt/test/binary_tensor_weight_broadcast_test.py": [
33
],
"project:tensorflow/python/compiler/tensorrt/test/cast_test.py": [
31
],
"project:tensorflow/python/compiler/tensorrt/test/concatenation_test.py": [
34,
36,
38,
40,
42,
44,
46,
48,
50,
52,
54,
56
],
"project:tensorflow/python/compiler/tensorrt/test/conv2d_test.py": [
39,
185
],
"project:tensorflow/python/compiler/tensorrt/test/dynamic_input_shapes_test.py": [
33,
44
],
"project:tensorflow/python/compiler/tensorrt/test/int32_test.py": [
32
],
"project:tensorflow/python/compiler/tensorrt/test/lru_cache_test.py": [
33
],
"project:tensorflow/python/compiler/tensorrt/test/memory_alignment_test.py": [
35,
37
],
"project:tensorflow/python/compiler/tensorrt/test/multi_connection_neighbor_engine_test.py": [
33,
42,
46,
51
],
"project:tensorflow/python/compiler/tensorrt/test/neighboring_engine_test.py": [
34,
43
],
"project:tensorflow/python/compiler/tensorrt/test/tf_trt_integration_test_base.py": [
1059,
1061
],
"project:tensorflow/python/compiler/tensorrt/test/unary_test.py": [
51
],
"project:tensorflow/python/compiler/tensorrt/test/vgg_block_nchw_test.py": [
43,
51
],
"project:tensorflow/python/compiler/tensorrt/test/vgg_block_test.py": [
42,
45
],
"project:tensorflow/python/compiler/tensorrt/trt_convert_test.py": [
430,
431,
512,
536,
609,
708
],
"project:tensorflow/python/data/benchmarks/batch_benchmark.py": [
59
],
"project:tensorflow/python/data/benchmarks/from_tensor_slices_benchmark.py": [
67,
88,
143
],
"project:tensorflow/python/data/benchmarks/map_benchmark.py": [
157
],
"project:tensorflow/python/data/experimental/benchmarks/autotune_benchmark.py": [
59,
59,
78,
78,
97,
97,
116,
116,
136,
136,
137,
137,
138,
138,
181,
181,
182,
182,
183,
183
],
"project:tensorflow/python/data/experimental/benchmarks/map_and_batch_benchmark.py": [
78,
79
],
"project:tensorflow/python/data/experimental/benchmarks/parameter_value_benchmark.py": [
32,
46,
46,
85,
85,
124,
124
],
"project:tensorflow/python/data/experimental/benchmarks/rejection_resample_benchmark.py": [
33
],
"project:tensorflow/python/data/experimental/kernel_tests/dense_to_sparse_batch_test.py": [
33,
56,
121
],
"project:tensorflow/python/data/experimental/kernel_tests/io_test.py": [
125
],
"project:tensorflow/python/data/experimental/kernel_tests/parse_example_dataset_test.py": [
117,
118,
161,
557,
647,
652
],
"project:tensorflow/python/data/experimental/kernel_tests/rebatch_dataset_test.py": [
297,
298
],
"project:tensorflow/python/data/experimental/kernel_tests/service/dynamic_sharding_test.py": [
301
],
"project:tensorflow/python/data/kernel_tests/choose_from_datasets_test.py": [
37
],
"project:tensorflow/python/data/kernel_tests/group_by_window_test.py": [
212,
282,
302
],
"project:tensorflow/python/data/kernel_tests/io_test.py": [
129
],
"project:tensorflow/python/data/kernel_tests/map_test.py": [
425,
454,
844,
855
],
"project:tensorflow/python/data/kernel_tests/padded_batch_test.py": [
48,
163,
386,
407
],
"project:tensorflow/python/data/kernel_tests/rejection_resample_test.py": [
37,
74,
96
],
"project:tensorflow/python/data/kernel_tests/sample_from_datasets_test.py": [
62
],
"project:tensorflow/python/data/kernel_tests/snapshot_test.py": [
410
],
"project:tensorflow/python/data/kernel_tests/sparse_batch_test.py": [
32,
54,
116
],
"project:tensorflow/python/debug/lib/session_debug_testlib.py": [
570,
571
],
"project:tensorflow/python/distribute/experimental/rpc/rpc_ops_test.py": [
781,
805
],
"project:tensorflow/python/distribute/numpy_dataset_test.py": [
30
],
"project:tensorflow/python/distribute/tpu_replicated_variable_test.py": [
48,
49,
63,
69
],
"project:tensorflow/python/distribute/zero_batch_test.py": [
49,
50,
119,
120,
171,
172
],
"project:tensorflow/python/dlpack/dlpack_test.py": [
61,
79
],
"project:tensorflow/python/eager/backprop_test.py": [
72,
104,
1953,
1954
],
"project:tensorflow/python/eager/benchmarks/resnet50/resnet50_graph_test.py": [
36,
38
],
"project:tensorflow/python/eager/forwardprop_test.py": [
1056
],
"project:tensorflow/python/eager/pywrap_tfe_test.py": [
299,
345
],
"project:tensorflow/python/framework/convert_to_constants_test.py": [
419,
484,
503,
505,
508,
509,
510,
788,
857,
878,
882,
886,
888,
889
],
"project:tensorflow/python/framework/function_test.py": [
280,
282,
308,
747,
909,
1678
],
"project:tensorflow/python/framework/tensor_util_test.py": [
855,
888,
892,
952,
957,
963,
985,
1002,
1014,
1024,
1033,
1039,
1050,
1056,
1098,
1104,
1114,
1130
],
"project:tensorflow/python/framework/test_util_test.py": [
813,
814,
815,
834,
844,
855,
876,
881
],
"project:tensorflow/python/grappler/auto_mixed_precision_test.py": [
867,
868
],
"project:tensorflow/python/grappler/constant_folding_test.py": [
88,
90
],
"project:tensorflow/python/grappler/layout_optimizer_test.py": [
264
],
"project:tensorflow/python/keras/backend.py": [
1757,
1793,
5116,
6045,
6079,
6137,
6167
],
"project:tensorflow/python/keras/engine/training_arrays_v1.py": [
347
],
"project:tensorflow/python/keras/engine/training_generator_v1.py": [
477
],
"project:tensorflow/python/keras/engine/training_utils_v1.py": [
946
],
"project:tensorflow/python/keras/testing_utils.py": [
77,
78,
81,
139,
140
],
"project:tensorflow/python/kernel_tests/array_ops/array_ops_test.py": [
150,
156,
236,
1846,
1957,
1958,
1977,
1980,
2004,
2005,
2024,
2027,
2050,
2052,
2072,
2076,
2100,
2102,
2122,
2126,
2245,
2259,
2290,
2291,
2329,
2330,
2343,
2344,
2466,
2498
],
"project:tensorflow/python/kernel_tests/array_ops/batch_scatter_ops_test.py": [
57,
60,
62
],
"project:tensorflow/python/kernel_tests/array_ops/batchtospace_op_test.py": [
270,
330
],
"project:tensorflow/python/kernel_tests/array_ops/bitcast_op_test.py": [
41,
53,
58
],
"project:tensorflow/python/kernel_tests/array_ops/broadcast_to_ops_test.py": [
60,
69,
78,
87,
184
],
"project:tensorflow/python/kernel_tests/array_ops/cast_op_test.py": [
106,
115,
127,
128
],
"project:tensorflow/python/kernel_tests/array_ops/concat_op_test.py": [
44,
45,
60,
61,
76,
77,
87,
88,
98,
99,
109,
110,
123,
125,
127,
137,
142,
219,
230,
252,
261,
280,
289,
300,
302,
304,
305,
312,
320,
341,
348,
349,
414,
415,
422,
431,
446,
461,
477,
493,
517,
518,
519,
527,
528,
560,
625,
638
],
"project:tensorflow/python/kernel_tests/array_ops/constant_op_eager_test.py": [
63,
91,
111,
118,
135,
143
],
"project:tensorflow/python/kernel_tests/array_ops/constant_op_test.py": [
75,
82,
89,
96,
102,
109,
119,
128,
802,
815,
834,
837,
853
],
"project:tensorflow/python/kernel_tests/array_ops/depthtospace_op_test.py": [
355
],
"project:tensorflow/python/kernel_tests/array_ops/diag_op_test.py": [
550,
564,
592,
621,
649,
684,
718,
720,
756,
901,
916,
1095,
1102,
1115,
1123,
1132,
1143,
1144,
1152,
1153,
1169,
1190
],
"project:tensorflow/python/kernel_tests/array_ops/gather_nd_op_test.py": [
182,
183,
194,
195,
402,
403
],
"project:tensorflow/python/kernel_tests/array_ops/gather_op_test.py": [
123,
124,
153,
204,
205,
238
],
"project:tensorflow/python/kernel_tests/array_ops/inplace_ops_test.py": [
107,
108,
109,
127,
128,
129
],
"project:tensorflow/python/kernel_tests/array_ops/manip_ops_test.py": [
64,
67,
70,
76,
78,
79,
84,
87,
89,
94,
95,
100
],
"project:tensorflow/python/kernel_tests/array_ops/matrix_band_part_op_test.py": [
77
],
"project:tensorflow/python/kernel_tests/array_ops/one_hot_op_test.py": [
428
],
"project:tensorflow/python/kernel_tests/array_ops/pad_op_test.py": [
240,
272,
275,
284,
287,
294,
296,
298,
304,
309,
311
],
"project:tensorflow/python/kernel_tests/array_ops/scatter_nd_ops_test.py": [
130,
137,
138,
144,
145,
361,
481,
757,
818,
1011
],
"project:tensorflow/python/kernel_tests/array_ops/scatter_ops_test.py": [
142,
150,
151,
154,
157,
164,
168
],
"project:tensorflow/python/kernel_tests/array_ops/shape_ops_test.py": [
141,
142,
143,
144,
145,
146,
149,
150,
151,
152,
153,
154,
207,
244,
303,
326,
383,
394,
433,
443,
453,
507,
521,
536,
537,
542,
566,
572,
583,
588,
603,
608,
618,
623,
638,
661
],
"project:tensorflow/python/kernel_tests/array_ops/slice_op_test.py": [
36,
45,
118,
132,
135,
141,
220,
223,
230,
233,
255,
269,
272,
273,
275,
283,
284,
288,
290,
327,
333,
352,
358
],
"project:tensorflow/python/kernel_tests/array_ops/spacetobatch_op_test.py": [
570,
627
],
"project:tensorflow/python/kernel_tests/array_ops/spacetodepth_op_test.py": [
342
],
"project:tensorflow/python/kernel_tests/array_ops/split_op_test.py": [
36,
116,
126,
127,
129,
131,
132,
145,
157,
178,
284,
285,
287,
289,
290
],
"project:tensorflow/python/kernel_tests/array_ops/stack_op_test.py": [
47,
168,
183
],
"project:tensorflow/python/kernel_tests/array_ops/unique_op_test.py": [
29,
39,
49,
77,
87,
97,
152,
173,
185,
197,
234,
247,
259,
296
],
"project:tensorflow/python/kernel_tests/array_ops/unstack_op_test.py": [
40,
111,
125,
169,
169,
212
],
"project:tensorflow/python/kernel_tests/array_ops/where_op_test.py": [
68,
93,
93,
94,
218,
249,
250
],
"project:tensorflow/python/kernel_tests/control_flow/functional_ops_test.py": [
947,
948,
949
],
"project:tensorflow/python/kernel_tests/data_structures/dynamic_partition_op_test.py": [
162,
164,
344
],
"project:tensorflow/python/kernel_tests/data_structures/fifo_queue_test.py": [
568,
595
],
"project:tensorflow/python/kernel_tests/data_structures/listdiff_op_test.py": [
85,
86,
87,
88
],
"project:tensorflow/python/kernel_tests/data_structures/padding_fifo_queue_test.py": [
1426,
1572
],
"project:tensorflow/python/kernel_tests/data_structures/priority_queue_test.py": [
41,
42,
43,
75,
76,
77,
125,
127,
178,
180,
236,
237,
238,
285,
286,
287,
305,
313,
338,
349
],
"project:tensorflow/python/kernel_tests/data_structures/tensor_array_ops_test.py": [
703,
706,
731
],
"project:tensorflow/python/kernel_tests/distributions/bernoulli_test.py": [
45
],
"project:tensorflow/python/kernel_tests/distributions/beta_test.py": [
49,
50,
58,
59,
67,
68,
307,
308,
325,
326,
327,
338,
339,
340,
358,
359,
360,
361
],
"project:tensorflow/python/kernel_tests/distributions/categorical_test.py": [
470,
471
],
"project:tensorflow/python/kernel_tests/distributions/dirichlet_multinomial_test.py": [
34,
39,
49,
341,
342,
344,
345
],
"project:tensorflow/python/kernel_tests/distributions/dirichlet_test.py": [
48,
56
],
"project:tensorflow/python/kernel_tests/distributions/multinomial_test.py": [
31,
243,
245,
247,
248
],
"project:tensorflow/python/kernel_tests/distributions/normal_test.py": [
52
],
"project:tensorflow/python/kernel_tests/distributions/special_math_test.py": [
56
],
"project:tensorflow/python/kernel_tests/distributions/util_test.py": [
679
],
"project:tensorflow/python/kernel_tests/histogram_ops_test.py": [
85
],
"project:tensorflow/python/kernel_tests/image_ops/extract_image_patches_grad_test.py": [
91,
122,
157,
190
],
"project:tensorflow/python/kernel_tests/image_ops/extract_volume_patches_grad_test.py": [
67,
92
],
"project:tensorflow/python/kernel_tests/io_ops/parse_single_example_op_test.py": [
128,
129,
171,
606,
941
],
"project:tensorflow/python/kernel_tests/io_ops/parsing_ops_test.py": [
120,
121,
166,
618,
711,
716,
1230,
1308,
1589,
2504,
2521,
2535
],
"project:tensorflow/python/kernel_tests/linalg/cholesky_op_test.py": [
129,
136,
136,
260,
262,
360
],
"project:tensorflow/python/kernel_tests/linalg/determinant_op_test.py": [
78,
90,
107,
125
],
"project:tensorflow/python/kernel_tests/linalg/eig_op_test.py": [
162,
165,
214,
217
],
"project:tensorflow/python/kernel_tests/linalg/einsum_op_test.py": [
40,
157,
188,
216,
242,
254,
270,
292,
423
],
"project:tensorflow/python/kernel_tests/linalg/linalg_grad_test.py": [
69,
118,
157,
160
],
"project:tensorflow/python/kernel_tests/linalg/linalg_ops_test.py": [
46,
68,
100,
619,
620,
622,
629,
630,
674,
675,
677
],
"project:tensorflow/python/kernel_tests/linalg/linear_operator_addition_test.py": [
25
],
"project:tensorflow/python/kernel_tests/linalg/linear_operator_adjoint_test.py": [
124,
125,
146,
146,
147,
147,
180,
208,
208
],
"project:tensorflow/python/kernel_tests/linalg/linear_operator_block_diag_test.py": [
33,
421
],
"project:tensorflow/python/kernel_tests/linalg/linear_operator_block_lower_triangular_test.py": [
32,
307
],
"project:tensorflow/python/kernel_tests/linalg/linear_operator_circulant_test.py": [
33
],
"project:tensorflow/python/kernel_tests/linalg/linear_operator_composition_test.py": [
28
],
"project:tensorflow/python/kernel_tests/linalg/linear_operator_identity_test.py": [
31
],
"project:tensorflow/python/kernel_tests/linalg/linear_operator_kronecker_test.py": [
32
],
"project:tensorflow/python/kernel_tests/linalg/linear_operator_low_rank_update_test.py": [
29
],
"project:tensorflow/python/kernel_tests/linalg/linear_operator_test.py": [
31,
382,
405,
426
],
"project:tensorflow/python/kernel_tests/linalg/linear_operator_toeplitz_test.py": [
83,
84
],
"project:tensorflow/python/kernel_tests/linalg/linear_operator_util_test.py": [
28
],
"project:tensorflow/python/kernel_tests/linalg/linear_operator_zeros_test.py": [
27
],
"project:tensorflow/python/kernel_tests/linalg/lu_op_test.py": [
196,
201,
202,
209,
214,
214
],
"project:tensorflow/python/kernel_tests/linalg/matrix_exponential_op_test.py": [
224,
234
],
"project:tensorflow/python/kernel_tests/linalg/matrix_inverse_op_test.py": [
143
],
"project:tensorflow/python/kernel_tests/linalg/matrix_logarithm_op_test.py": [
111,
122
],
"project:tensorflow/python/kernel_tests/linalg/matrix_solve_ls_op_test.py": [
47,
236,
253,
270
],
"project:tensorflow/python/kernel_tests/linalg/matrix_solve_op_test.py": [
72,
74,
112,
113
],
"project:tensorflow/python/kernel_tests/linalg/matrix_triangular_solve_op_test.py": [
151,
153,
158,
160,
165,
171
],
"project:tensorflow/python/kernel_tests/linalg/norm_op_test.py": [
90,
92
],
"project:tensorflow/python/kernel_tests/linalg/normalize_op_test.py": [
69,
71
],
"project:tensorflow/python/kernel_tests/linalg/qr_op_test.py": [
128,
131,
175,
191,
193,
250,
265
],
"project:tensorflow/python/kernel_tests/linalg/self_adjoint_eig_op_test.py": [
143,
146,
190,
193
],
"project:tensorflow/python/kernel_tests/linalg/sparse/conjugate_gradient_test.py": [
41,
49
],
"project:tensorflow/python/kernel_tests/linalg/sparse/csr_sparse_matrix_dense_mat_mul_grad_test.py": [
72,
73,
78,
79
],
"project:tensorflow/python/kernel_tests/linalg/sparse/csr_sparse_matrix_grad_test.py": [
62,
68,
86,
94,
113,
114,
117
],
"project:tensorflow/python/kernel_tests/linalg/sparse/csr_sparse_matrix_ops_test.py": [
201,
272,
402,
487,
488,
515,
535,
566,
567,
568,
569,
617,
618,
619,
620,
654,
655,
656,
657,
745,
746,
780,
854,
855,
879,
880,
902,
926,
966,
967,
991,
992,
1016,
1045,
1046,
1067,
1085,
1086,
1198,
1423
],
"project:tensorflow/python/kernel_tests/linalg/sparse/csr_sparse_matrix_sparse_mat_mul_grad_test.py": [
66,
67,
73,
74
],
"project:tensorflow/python/kernel_tests/linalg/sparse/csr_sparse_matrix_test.py": [
63,
83,
107,
107,
124,
125,
155,
156,
157,
158,
196,
197,
198,
199,
234,
235,
236,
237
],
"project:tensorflow/python/kernel_tests/linalg/svd_op_test.py": [
193,
196,
279,
281,
321,
323,
343,
345,
387,
402
],
"project:tensorflow/python/kernel_tests/linalg/tridiagonal_matmul_op_test.py": [
109,
110,
237
],
"project:tensorflow/python/kernel_tests/linalg/tridiagonal_solve_op_test.py": [
665,
675,
676,
677,
679
],
"project:tensorflow/python/kernel_tests/math_ops/aggregate_ops_test.py": [
57,
119,
121
],
"project:tensorflow/python/kernel_tests/math_ops/argmax_op_test.py": [
62,
87,
104
],
"project:tensorflow/python/kernel_tests/math_ops/banded_triangular_solve_op_test.py": [
131,
134,
138
],
"project:tensorflow/python/kernel_tests/math_ops/batch_matmul_op_test.py": [
36,
38
],
"project:tensorflow/python/kernel_tests/math_ops/bincount_op_test.py": [
99,
101,
103,
113,
122,
127,
203,
219,
220,
237,
254,
255,
266,
279,
296,
297,
409,
410,
433,
434,
435,
458,
459,
483,
484,
485,
509,
539,
580,
581,
667,
689,
690,
717
],
"project:tensorflow/python/kernel_tests/math_ops/cwise_ops_binary_test.py": [
215,
216,
291,
292
],
"project:tensorflow/python/kernel_tests/math_ops/cwise_ops_test.py": [
260,
261,
284,
285,
296,
297,
397,
398,
429,
430,
433,
434,
437,
438,
441,
442,
445,
446,
449,
450,
453,
454,
459,
460,
461,
490,
491,
492,
493,
497,
498,
501,
502,
505,
506,
509,
510,
513,
514,
517,
518,
521,
522,
527,
528,
529,
553,
557,
558,
560,
561,
563,
564,
566,
567,
569,
570,
572,
573,
575,
576,
580,
581,
582,
599,
600,
601,
693,
694,
695,
709,
710,
711,
730,
731,
732,
758,
759,
780,
781,
788,
789,
828,
830,
1140,
1151,
1285,
1286,
1307,
1309,
1318,
1326
],
"project:tensorflow/python/kernel_tests/math_ops/cwise_ops_unary_test.py": [
625,
628
],
"project:tensorflow/python/kernel_tests/math_ops/matmul_op_test.py": [
264,
266,
268,
270
],
"project:tensorflow/python/kernel_tests/math_ops/reduction_ops_test.py": [
149,
283,
284,
323,
324,
394,
404,
449,
450,
451,
452,
456,
457,
1102,
1151
],
"project:tensorflow/python/kernel_tests/math_ops/reduction_ops_test_big.py": [
99,
126
],
"project:tensorflow/python/kernel_tests/math_ops/segment_reduction_ops_test.py": [
610,
1178,
1179
],
"project:tensorflow/python/kernel_tests/math_ops/tensordot_op_test.py": [
144,
147,
148,
149,
155,
158,
209,
211
],
"project:tensorflow/python/kernel_tests/math_ops/topk_op_test.py": [
132,
145,
160,
175,
191
],
"project:tensorflow/python/kernel_tests/math_ops/transpose_op_test.py": [
102,
122,
304,
308,
312,
318,
322,
328
],
"project:tensorflow/python/kernel_tests/metrics_test.py": [
800,
923,
1000,
1057,
1135,
1318,
1388,
1389,
1402,
1494,
1641,
1781,
1821,
1949,
1950
],
"project:tensorflow/python/kernel_tests/nn_ops/atrous_conv2d_test.py": [
113,
118,
147,
148
],
"project:tensorflow/python/kernel_tests/nn_ops/atrous_convolution_test.py": [
209,
214,
215,
251,
252
],
"project:tensorflow/python/kernel_tests/nn_ops/betainc_op_test.py": [
114,
115,
116,
121,
122,
123,
128,
129,
130,
136,
137,
138,
144,
145,
146,
175,
176,
177,
188
],
"project:tensorflow/python/kernel_tests/nn_ops/bias_op_base.py": [
126,
127,
134,
135,
137,
138,
140,
141,
148,
149,
152,
283,
302,
308,
308,
314,
314,
321,
321
],
"project:tensorflow/python/kernel_tests/nn_ops/bias_op_d9m_test.py": [
57
],
"project:tensorflow/python/kernel_tests/nn_ops/conv1d_transpose_test.py": [
136,
137
],
"project:tensorflow/python/kernel_tests/nn_ops/conv2d_backprop_filter_grad_test.py": [
46,
57,
89,
101
],
"project:tensorflow/python/kernel_tests/nn_ops/conv2d_transpose_test.py": [
171,
172
],
"project:tensorflow/python/kernel_tests/nn_ops/conv3d_backprop_filter_v2_grad_test.py": [
40,
50
],
"project:tensorflow/python/kernel_tests/nn_ops/conv3d_transpose_test.py": [
126,
127,
209,
210
],
"project:tensorflow/python/kernel_tests/nn_ops/conv_ops_test.py": [
244,
245,
961,
962,
1180,
1181,
2946,
2947
],
"project:tensorflow/python/kernel_tests/nn_ops/ctc_loss_op_test.py": [
254,
277,
1064,
1066,
1068,
1101,
1103,
1104,
1167,
1182,
1184
],
"project:tensorflow/python/kernel_tests/nn_ops/cudnn_deterministic_base.py": [
75
],
"project:tensorflow/python/kernel_tests/nn_ops/depthwise_conv_op_base.py": [
969,
970,
1034,
1035,
1117,
1118
],
"project:tensorflow/python/kernel_tests/nn_ops/embedding_ops_test.py": [
66,
70,
106,
107,
114,
115,
162,
352,
375,
398,
424,
449,
477,
491,
512,
552,
554,
580,
612,
621,
657,
661,
662,
1293
],
"project:tensorflow/python/kernel_tests/nn_ops/fractional_avg_pool_op_test.py": [
36,
410
],
"project:tensorflow/python/kernel_tests/nn_ops/fractional_max_pool_op_test.py": [
36,
398
],
"project:tensorflow/python/kernel_tests/nn_ops/losses_test.py": [
762
],
"project:tensorflow/python/kernel_tests/nn_ops/lrn_op_test.py": [
58,
64,
66,
67,
69,
77,
154,
159,
160,
161,
163,
165,
167
],
"project:tensorflow/python/kernel_tests/nn_ops/morphological_ops_test.py": [
215,
216,
535,
536
],
"project:tensorflow/python/kernel_tests/nn_ops/nth_element_op_test.py": [
61,
62,
72,
73,
96
],
"project:tensorflow/python/kernel_tests/nn_ops/pooling_ops_3d_test.py": [
338
],
"project:tensorflow/python/kernel_tests/nn_ops/pooling_ops_test.py": [
944,
963,
964,
1001
],
"project:tensorflow/python/kernel_tests/nn_ops/rnn_cell_test.py": [
227,
263,
291,
404,
431,
464,
498,
558,
601,
656,
705,
741,
787,
841,
890,
933,
970,
1003,
1050,
1093,
1131,
1135,
1509,
1641,
1838,
1960,
1961,
2123,
2125,
2174,
2253,
2257,
2318,
2356,
2400,
2538,
2540,
3253
],
"project:tensorflow/python/kernel_tests/nn_ops/rnn_test.py": [
409,
411,
457,
459,
522,
590,
653,
655,
690
],
"project:tensorflow/python/kernel_tests/nn_ops/softmax_op_test.py": [
139,
140,
143,
154,
155,
158,
170,
171,
174,
186,
187,
191,
278
],
"project:tensorflow/python/kernel_tests/nn_ops/xent_op_d9m_test.py": [
75
],
"project:tensorflow/python/kernel_tests/numerics_test.py": [
36,
45
],
"project:tensorflow/python/kernel_tests/random/multinomial_op_test.py": [
110,
111,
215
],
"project:tensorflow/python/kernel_tests/random/random_binomial_test.py": [
191,
192
],
"project:tensorflow/python/kernel_tests/random/random_crop_test.py": [
39,
90
],
"project:tensorflow/python/kernel_tests/random/random_shuffle_queue_test.py": [
1205
],
"project:tensorflow/python/kernel_tests/signal/dct_ops_test.py": [
193,
194,
195,
208,
209,
210,
223,
235
],
"project:tensorflow/python/kernel_tests/signal/fft_ops_test.py": [
218,
219,
238,
239,
276,
277,
494,
500,
501,
603,
604,
679
],
"project:tensorflow/python/kernel_tests/signal/spectral_ops_test.py": [
165,
188,
300,
338
],
"project:tensorflow/python/kernel_tests/sparse_ops/sparse_add_op_test.py": [
51,
157,
160,
161,
179,
180,
181,
253,
255
],
"project:tensorflow/python/kernel_tests/sparse_ops/sparse_matmul_op_test.py": [
98,
99,
100,
117
],
"project:tensorflow/python/kernel_tests/sparse_ops/sparse_ops_test.py": [
849,
854,
875,
878,
1004,
1005,
1047,
1048,
1075,
1078,
1126,
1197,
1198,
1239,
1242,
1244
],
"project:tensorflow/python/kernel_tests/sparse_ops/sparse_reorder_op_test.py": [
115,
130,
143
],
"project:tensorflow/python/kernel_tests/sparse_ops/sparse_reshape_op_test.py": [
325,
326,
328,
329,
332
],
"project:tensorflow/python/kernel_tests/sparse_ops/sparse_tensor_dense_matmul_grad_test.py": [
48,
50,
62
],
"project:tensorflow/python/kernel_tests/sparse_ops/sparse_tensor_dense_matmul_op_d9m_test.py": [
59,
61
],
"project:tensorflow/python/kernel_tests/sparse_ops/sparse_tensor_dense_matmul_op_test.py": [
91,
94,
110,
112,
215,
216,
217,
222,
225,
248,
249,
251,
329,
331
],
"project:tensorflow/python/kernel_tests/sparse_ops/sparse_tensors_map_ops_test.py": [
193
],
"project:tensorflow/python/kernel_tests/sparse_ops/sparse_xent_op_d9m_test.py": [
80,
84
],
"project:tensorflow/python/kernel_tests/sparse_ops/sparse_xent_op_test.py": [
76,
77
],
"project:tensorflow/python/kernel_tests/sparse_ops/sparse_xent_op_test_base.py": [
313
],
"project:tensorflow/python/kernel_tests/sparse_ops/sparsemask_op_test.py": [
29
],
"project:tensorflow/python/kernel_tests/strings_ops/base64_ops_test.py": [
74,
75,
81,
81,
82,
87,
104,
110,
123,
130,
141
],
"project:tensorflow/python/kernel_tests/summary_ops/summary_v1_audio_op_test.py": [
52
],
"project:tensorflow/python/kernel_tests/summary_ops/summary_v1_image_op_test.py": [
56,
92
],
"project:tensorflow/python/kernel_tests/trace_op_test.py": [
38
],
"project:tensorflow/python/kernel_tests/v1_compat_tests/scatter_nd_ops_test.py": [
93,
100,
101,
107,
108
],
"project:tensorflow/python/kernel_tests/variables/resource_variable_ops_test.py": [
402,
415,
457,
1489
],
"project:tensorflow/python/kernel_tests/variables/variables_test.py": [
416
],
"project:tensorflow/python/lib/core/custom_float_test.py": [
552,
563,
577,
586,
599,
616,
632,
644
],
"project:tensorflow/python/ops/batch_ops_test.py": [
243,
245,
247
],
"project:tensorflow/python/ops/bincount_ops_test.py": [
580,
582,
600,
602,
605,
625,
627,
646,
672,
762,
782,
783
],
"project:tensorflow/python/ops/clustering_ops_test.py": [
158,
161
],
"project:tensorflow/python/ops/gradient_checker.py": [
231,
233
],
"project:tensorflow/python/ops/gradient_checker_v2_test.py": [
38,
40,
191,
204,
206,
231,
253,
290,
291,
292,
293,
294,
297
],
"project:tensorflow/python/ops/gradients_test.py": [
379,
382,
384,
726,
752,
769,
800,
820,
842,
856,
869,
938,
1443
],
"project:tensorflow/python/ops/image_grad_d9m_test.py": [
100,
270,
292
],
"project:tensorflow/python/ops/image_grad_test_base.py": [
475,
569,
599
],
"project:tensorflow/python/ops/image_ops_test.py": [
69,
125,
157,
305,
318,
331,
349,
369,
517,
518,
542,
543,
547,
548,
1014,
1015,
1609,
1610,
1752,
1825,
2168,
2427,
3239,
3357,
3370,
3376,
3382,
3388,
3394,
3400,
3899,
3906,
3912,
3918,
3924,
3930,
3936,
4027,
4156,
4265,
4687,
5681,
5780,
5936,
6086,
6264
],
"project:tensorflow/python/ops/math_grad_test.py": [
41,
42,
65
],
"project:tensorflow/python/ops/math_ops_test.py": [
51,
151,
159,
169,
179,
530,
541,
555,
1160,
1226
],
"project:tensorflow/python/ops/nccl_ops_test.py": [
42,
48,
79,
141
],
"project:tensorflow/python/ops/nn_batchnorm_test.py": [
73,
74,
75,
76,
77,
123,
124,
125,
126,
127,
208,
209,
210,
211,
212,
213,
260,
261,
262,
263,
264,
303,
304,
305,
306,
307,
369,
421,
422,
425,
467,
494,
560,
658,
660,
697
],
"project:tensorflow/python/ops/nn_fused_batchnorm_d9m_test.py": [
62,
65,
67,
68,
69,
73
],
"project:tensorflow/python/ops/nn_fused_batchnorm_test.py": [
69,
70,
71,
72,
73,
151,
152,
153,
158,
159,
214,
239,
240,
241,
251,
252,
307,
308,
309,
310,
321,
322,
692,
693,
694,
695,
696
],
"project:tensorflow/python/ops/nn_test.py": [
59,
111,
136,
148,
167,
168,
181,
182,
202,
224,
250,
274,
284,
294,
307,
308,
569,
570,
571,
629,
665,
702,
746,
782,
981,
992,
1017,
1066,
1110,
1123,
1144,
1986,
1994
],
"project:tensorflow/python/ops/numpy_ops/integration_test/benchmarks/micro_benchmarks.py": [
93,
126,
149
],
"project:tensorflow/python/ops/numpy_ops/integration_test/benchmarks/numpy_mlp.py": [
32,
34,
36,
38
],
"project:tensorflow/python/ops/numpy_ops/np_array_ops_test.py": [
1090,
1123,
1169
],
"project:tensorflow/python/ops/parallel_for/control_flow_ops_test.py": [
1826,
1863,
1864,
2056,
2057,
2062,
2763,
2763,
2806,
2806
],
"project:tensorflow/python/ops/parallel_for/gradients_test.py": [
86,
88,
279
],
"project:tensorflow/python/ops/ragged/ragged_gather_op_test.py": [
400,
401
],
"project:tensorflow/python/ops/ragged/ragged_one_hot_op_test.py": [
172
],
"project:tensorflow/python/ops/ragged/ragged_to_tensor_op_test.py": [
844
],
"project:tensorflow/python/ops/rnn_grad_test.py": [
67,
68,
69,
136
],
"project:tensorflow/python/ops/sort_ops_test.py": [
37,
39,
61,
62,
64,
76,
77,
79,
126,
152,
169
],
"project:tensorflow/python/ops/sparse_ops_test.py": [
83,
149
],
"project:tensorflow/python/ops/special_math_ops_test.py": [
118,
189,
196,
206,
215,
234,
238,
248,
257,
274,
281,
291,
302,
319,
326,
336,
347,
367,
371,
381,
390,
439,
454,
469,
485,
497,
513,
525,
537,
549,
565,
576,
594,
604,
622,
639,
652,
784,
808,
892,
934,
955,
1107
],
"project:tensorflow/python/ops/split_benchmark.py": [
77
],
"project:tensorflow/python/ops/v1_compat_tests/gradient_checker_test.py": [
213,
214,
215,
216,
217,
220
],
"project:tensorflow/python/tpu/async_checkpoint_test.py": [
68,
70
],
"project:tensorflow/python/tpu/tests/tpu_embedding_v2_initialization_test.py": [
70,
71
],
"project:tensorflow/python/tpu/tests/tpu_embedding_v2_valid_input_test.py": [
222,
223
],
"project:tensorflow/python/training/evaluation_test.py": [
65,
68
],
"project:tensorflow/python/training/saver_test.py": [
2494,
2495,
2569,
2570,
2602,
2603,
2629,
2630
],
"project:tensorflow/python/util/nest_test.py": [
568,
568,
569,
569
],
"project:tensorflow/tools/ci_build/osx/arm64/tensorflow_metal_plugin_test.py": [
348,
367,
381,
463,
473,
490,
493,
499,
547,
548,
555,
557,
612,
974,
1030,
1035,
1036,
1037,
1038,
1040,
1051,
1052,
1053,
1055,
1102,
1108,
1114,
1303,
1304,
1900,
1901,
2125,
2414,
2424,
2434,
2444,
2543,
2646,
2647,
2669,
2670,
2789,
3516,
3516,
3519,
3519,
3521,
3521,
3596,
3596,
3603,
3604,
3618,
3619,
4041,
4072,
4074,
4076,
4086,
4091,
4129,
4131,
4133,
4134,
4141,
4149,
4171,
4238,
4241,
4244,
4568,
4569,
4570,
4575,
4576,
4633,
4634,
4635,
4636,
4637,
4765,
4766,
4767,
4777,
4778,
4938,
4939,
4989,
4990,
4996,
4997,
5003,
5004,
5044,
5046,
5194,
5195,
5234,
5235,
5238,
5239,
5242,
5243,
5246,
5247,
5250,
5251,
5254,
5255,
5258,
5259,
5264,
5265,
5266,
5295,
5296,
5297,
5298,
5301,
5302,
5305,
5306,
5309,
5310,
5313,
5314,
5317,
5318,
5321,
5322,
5325,
5326,
5331,
5332,
5333,
5356,
5359,
5360,
5362,
5363,
5365,
5366,
5368,
5369,
5371,
5372,
5374,
5375,
5377,
5378,
5382,
5383,
5384,
5405,
5406,
5407,
5562,
5563,
5686
],
"project:tensorflow/tools/gcs_test/python/gcs_smoke.py": [
38
]
}
