{
'project:django-2.2.3/django/contrib/admin/options.py':[
540,
],
'project:django-2.2.3/django/db/backends/base/schema.py':[
40,
],
'project:django-2.2.3/django/db/migrations/autodetector.py':[
18,
],
'project:django-2.2.3/django/db/models/base.py':[
399,
],
'project:django-2.2.3/django/db/models/query.py':[
186,
],
'project:django-2.2.3/django/db/models/sql/compiler.py':[
26,
],
'project:django-2.2.3/django/db/models/sql/query.py':[
139,
],
'project:docker-compose-1.24.1/compose/service.py':[
168,
],
'project:docker-compose-1.24.1/tests/acceptance/cli_test.py':[
117,
],
'project:numpy-1.16.4/numpy/core/tests/test_regression.py':[
27,
],
'project:numpy-1.16.4/numpy/ma/core.py':[
2710,
],
'project:twisted-12.1.0/twisted/mail/imap4.py':[
460,
2196,
],
'project:twisted-12.1.0/twisted/words/protocols/irc.py':[
971,
],
}
