{
'project:biopython/Bio/Align/AlignInfo.py':[
500,
],
'project:biopython/Bio/Blast/NCBIWWW.py':[
34,
],
'project:biopython/Bio/Cluster/__init__.py':[
105,
346,
416,
],
'project:biopython/Bio/File.py':[
289,
],
'project:biopython/Bio/Graphics/GenomeDiagram/_AbstractDrawer.py':[
220,
404,
],
'project:biopython/Bio/Graphics/GenomeDiagram/_CircularDrawer.py':[
62,
1068,
1085,
1186,
1275,
1356,
1381,
1393,
1583,
],
'project:biopython/Bio/Graphics/GenomeDiagram/_Diagram.py':[
87,
157,
],
'project:biopython/Bio/Graphics/GenomeDiagram/_Feature.py':[
71,
],
'project:biopython/Bio/Graphics/GenomeDiagram/_Graph.py':[
47,
],
'project:biopython/Bio/Graphics/GenomeDiagram/_GraphSet.py':[
55,
],
'project:biopython/Bio/Graphics/GenomeDiagram/_LinearDrawer.py':[
82,
1471,
1484,
1498,
1558,
1574,
],
'project:biopython/Bio/Graphics/GenomeDiagram/_Track.py':[
84,
],
'project:biopython/Bio/Graphics/KGML_vis.py':[
106,
],
'project:biopython/Bio/HMM/MarkovModel.py':[
459,
],
'project:biopython/Bio/MarkovModel.py':[
227,
301,
],
'project:biopython/Bio/MaxEntropy.py':[
230,
262,
],
'project:biopython/Bio/Nexus/Nexus.py':[
1466,
1531,
],
'project:biopython/Bio/Nexus/Trees.py':[
58,
],
'project:biopython/Bio/PDB/Atom.py':[
33,
],
'project:biopython/Bio/PDB/PDBIO.py':[
134,
],
'project:biopython/Bio/PDB/SCADIO.py':[
50,
],
'project:biopython/Bio/PDB/StructureBuilder.py':[
180,
],
'project:biopython/Bio/PDB/mmtf/DefaultParser.py':[
47,
124,
179,
],
'project:biopython/Bio/Phylo/NewickIO.py':[
266,
],
'project:biopython/Bio/Phylo/PhyloXML.py':[
180,
357,
545,
578,
1220,
1531,
],
'project:biopython/Bio/Phylo/_utils.py':[
321,
507,
],
'project:biopython/Bio/PopGen/GenePop/Controller.py':[
246,
272,
],
'project:biopython/Bio/SCOP/__init__.py':[
922,
],
'project:biopython/Bio/SeqFeature.py':[
91,
371,
],
'project:biopython/Bio/SeqRecord.py':[
161,
1054,
1238,
],
'project:biopython/Bio/SeqUtils/MeltingTemp.py':[
706,
845,
],
'project:biopython/Bio/codonalign/__init__.py':[
33,
606,
],
'project:biopython/Bio/motifs/jaspar/__init__.py':[
24,
],
'project:biopython/Bio/motifs/jaspar/db.py':[
168,
455,
],
'project:biopython/Bio/pairwise2.py':[
512,
632,
747,
896,
1184,
],
'project:buildbot-0.8.6p1/buildbot/buildslave.py':[
55,
756,
],
'project:buildbot-0.8.6p1/buildbot/changes/bonsaipoller.py':[
209,
],
'project:buildbot-0.8.6p1/buildbot/changes/changes.py':[
83,
],
'project:buildbot-0.8.6p1/buildbot/changes/filter.py':[
27,
],
'project:buildbot-0.8.6p1/buildbot/changes/gitpoller.py':[
34,
],
'project:buildbot-0.8.6p1/buildbot/changes/p4poller.py':[
65,
],
'project:buildbot-0.8.6p1/buildbot/changes/svnpoller.py':[
62,
],
'project:buildbot-0.8.6p1/buildbot/clients/base.py':[
73,
],
'project:buildbot-0.8.6p1/buildbot/clients/sendchange.py':[
28,
],
'project:buildbot-0.8.6p1/buildbot/clients/tryclient.py':[
337,
],
'project:buildbot-0.8.6p1/buildbot/config.py':[
596,
],
'project:buildbot-0.8.6p1/buildbot/db/changes.py':[
32,
],
'project:buildbot-0.8.6p1/buildbot/db/sourcestamps.py':[
31,
],
'project:buildbot-0.8.6p1/buildbot/db/users.py':[
150,
],
'project:buildbot-0.8.6p1/buildbot/ec2buildslave.py':[
45,
],
'project:buildbot-0.8.6p1/buildbot/libvirtbuildslave.py':[
135,
],
'project:buildbot-0.8.6p1/buildbot/master.py':[
358,
],
'project:buildbot-0.8.6p1/buildbot/process/buildstep.py':[
343,
],
'project:buildbot-0.8.6p1/buildbot/process/factory.py':[
160,
195,
211,
],
'project:buildbot-0.8.6p1/buildbot/process/mtrlogobserver.py':[
271,
],
'project:buildbot-0.8.6p1/buildbot/schedulers/base.py':[
258,
],
'project:buildbot-0.8.6p1/buildbot/schedulers/basic.py':[
38,
],
'project:buildbot-0.8.6p1/buildbot/schedulers/forcesched.py':[
203,
],
'project:buildbot-0.8.6p1/buildbot/schedulers/timed.py':[
237,
],
'project:buildbot-0.8.6p1/buildbot/schedulers/trysched.py':[
215,
],
'project:buildbot-0.8.6p1/buildbot/sourcestamp.py':[
131,
],
'project:buildbot-0.8.6p1/buildbot/status/mail.py':[
169,
540,
],
'project:buildbot-0.8.6p1/buildbot/status/status_push.py':[
51,
328,
],
'project:buildbot-0.8.6p1/buildbot/status/tinderbox.py':[
55,
],
'project:buildbot-0.8.6p1/buildbot/status/web/baseweb.py':[
145,
],
'project:buildbot-0.8.6p1/buildbot/status/web/console.py':[
284,
528,
],
'project:buildbot-0.8.6p1/buildbot/status/words.py':[
774,
897,
964,
],
'project:buildbot-0.8.6p1/buildbot/steps/master.py':[
36,
],
'project:buildbot-0.8.6p1/buildbot/steps/package/rpm/rpmbuild.py':[
36,
],
'project:buildbot-0.8.6p1/buildbot/steps/python.py':[
224,
],
'project:buildbot-0.8.6p1/buildbot/steps/python_twisted.py':[
209,
],
'project:buildbot-0.8.6p1/buildbot/steps/shell.py':[
384,
],
'project:buildbot-0.8.6p1/buildbot/steps/source/cvs.py':[
32,
],
'project:buildbot-0.8.6p1/buildbot/steps/source/git.py':[
28,
],
'project:buildbot-0.8.6p1/buildbot/steps/source/mercurial.py':[
35,
],
'project:buildbot-0.8.6p1/buildbot/steps/source/oldsource.py':[
79,
396,
573,
838,
1246,
],
'project:buildbot-0.8.6p1/buildbot/steps/source/svn.py':[
38,
],
'project:buildbot-0.8.6p1/buildbot/steps/transfer.py':[
224,
305,
424,
495,
],
'project:buildbot-0.8.6p1/buildbot/steps/trigger.py':[
31,
],
'project:buildbot-0.8.6p1/buildbot/steps/vstudio.py':[
103,
],
'project:buildbot-0.8.6p1/buildbot/test/fake/fakedb.py':[
351,
541,
],
'project:buildbot-0.8.6p1/buildbot/test/fake/remotecommand.py':[
50,
233,
],
'project:buildbot-0.8.6p1/buildbot/test/unit/test_steps_vstudio.py':[
97,
],
'project:buildbot-0.8.6p1/docs/bbdocs/ext.py':[
75,
121,
150,
165,
180,
263,
],
'project:buildbot-slave-0.8.6p1/buildslave/bot.py':[
424,
],
'project:buildbot-slave-0.8.6p1/buildslave/runprocess.py':[
232,
517,
],
'project:django-2.2.3/django/contrib/admin/helpers.py':[
71,
227,
334,
],
'project:django-2.2.3/django/contrib/admin/views/main.py':[
39,
],
'project:django-2.2.3/django/contrib/admin/widgets.py':[
236,
],
'project:django-2.2.3/django/contrib/auth/forms.py':[
265,
],
'project:django-2.2.3/django/contrib/contenttypes/fields.py':[
288,
],
'project:django-2.2.3/django/contrib/contenttypes/forms.py':[
12,
52,
],
'project:django-2.2.3/django/contrib/gis/db/models/fields.py':[
207,
],
'project:django-2.2.3/django/contrib/gis/utils/layermapping.py':[
80,
476,
],
'project:django-2.2.3/django/contrib/gis/utils/ogrinspect.py':[
122,
],
'project:django-2.2.3/django/core/files/uploadedfile.py':[
82,
],
'project:django-2.2.3/django/core/mail/__init__.py':[
38,
],
'project:django-2.2.3/django/core/mail/backends/smtp.py':[
17,
],
'project:django-2.2.3/django/core/mail/message.py':[
201,
423,
],
'project:django-2.2.3/django/core/serializers/base.py':[
75,
],
'project:django-2.2.3/django/core/serializers/xml_serializer.py':[
354,
],
'project:django-2.2.3/django/db/backends/base/schema.py':[
537,
915,
1105,
],
'project:django-2.2.3/django/db/backends/postgresql/schema.py':[
110,
],
'project:django-2.2.3/django/db/backends/sqlite3/schema.py':[
347,
],
'project:django-2.2.3/django/db/models/deletion.py':[
169,
],
'project:django-2.2.3/django/db/models/fields/__init__.py':[
133,
1665,
],
'project:django-2.2.3/django/db/models/fields/related.py':[
460,
782,
1102,
],
'project:django-2.2.3/django/db/models/fields/reverse_related.py':[
37,
192,
231,
253,
],
'project:django-2.2.3/django/db/models/query.py':[
1335,
],
'project:django-2.2.3/django/db/models/sql/datastructures.py':[
43,
],
'project:django-2.2.3/django/db/models/sql/query.py':[
1154,
1298,
],
'project:django-2.2.3/django/forms/fields.py':[
57,
1079,
],
'project:django-2.2.3/django/forms/forms.py':[
74,
],
'project:django-2.2.3/django/forms/formsets.py':[
50,
418,
],
'project:django-2.2.3/django/forms/models.py':[
103,
279,
473,
565,
856,
887,
1040,
1163,
],
'project:django-2.2.3/django/forms/widgets.py':[
618,
],
'project:django-2.2.3/django/http/response.py':[
158,
],
'project:django-2.2.3/django/template/engine.py':[
20,
],
'project:django-2.2.3/django/template/library.py':[
237,
],
'project:django-2.2.3/django/template/response.py':[
142,
],
'project:django-2.2.3/django/templatetags/i18n.py':[
100,
],
'project:django-2.2.3/django/test/runner.py':[
407,
],
'project:django-2.2.3/django/urls/resolvers.py':[
31,
],
'project:django-2.2.3/django/utils/feedgenerator.py':[
61,
85,
],
'project:django-cms-3.7.1/cms/api.py':[
102,
216,
335,
381,
],
'project:django-cms-3.7.1/cms/forms/fields.py':[
36,
],
'project:django-cms-3.7.1/cms/forms/widgets.py':[
186,
],
'project:django-cms-3.7.1/cms/plugin_rendering.py':[
207,
],
'project:django-cms-3.7.1/cms/templatetags/cms_tags.py':[
498,
600,
643,
],
'project:django-cms-3.7.1/cms/tests/test_toolbar.py':[
47,
],
'project:django-cms-3.7.1/cms/toolbar/items.py':[
125,
137,
149,
160,
289,
331,
],
'project:django-cms-3.7.1/cms/toolbar/toolbar.py':[
273,
281,
289,
],
'project:django-cms-3.7.1/cms/wizards/forms.py':[
48,
],
'project:django-cms-3.7.1/cms/wizards/wizard_base.py':[
18,
],
'project:django-cms-3.7.1/menus/base.py':[
37,
],
'project:django-cms-3.7.1/menus/templatetags/menu_tags.py':[
127,
],
'project:docker-compose-1.24.1/compose/cli/command.py':[
106,
],
'project:docker-compose-1.24.1/compose/network.py':[
31,
],
'project:docker-compose-1.24.1/compose/project.py':[
357,
497,
],
'project:docker-compose-1.24.1/compose/service.py':[
170,
521,
],
'project:docker-compose-1.24.1/compose/volume.py':[
22,
],
'project:numpy-1.16.4/numpy/_pytesttester.py':[
75,
],
'project:numpy-1.16.4/numpy/compat/_inspect.py':[
142,
170,
],
'project:numpy-1.16.4/numpy/core/arrayprint.py':[
69,
99,
510,
519,
707,
1059,
],
'project:numpy-1.16.4/numpy/core/code_generators/generate_umath.py':[
126,
],
'project:numpy-1.16.4/numpy/core/defchararray.py':[
1967,
],
'project:numpy-1.16.4/numpy/core/records.py':[
416,
574,
639,
708,
737,
813,
],
'project:numpy-1.16.4/numpy/core/tests/test_deprecations.py':[
49,
],
'project:numpy-1.16.4/numpy/core/tests/test_dtype.py':[
547,
],
'project:numpy-1.16.4/numpy/core/tests/test_multiarray.py':[
4286,
],
'project:numpy-1.16.4/numpy/distutils/ccompiler.py':[
223,
],
'project:numpy-1.16.4/numpy/distutils/command/config.py':[
315,
349,
430,
],
'project:numpy-1.16.4/numpy/distutils/extension.py':[
24,
],
'project:numpy-1.16.4/numpy/distutils/fcompiler/__init__.py':[
644,
],
'project:numpy-1.16.4/numpy/distutils/mingw32ccompiler.py':[
172,
],
'project:numpy-1.16.4/numpy/distutils/misc_util.py':[
742,
],
'project:numpy-1.16.4/numpy/lib/financial.py':[
568,
581,
],
'project:numpy-1.16.4/numpy/lib/npyio.py':[
804,
1187,
1194,
1544,
],
'project:numpy-1.16.4/numpy/lib/recfunctions.py':[
1366,
1372,
],
'project:numpy-1.16.4/numpy/ma/bench.py':[
72,
84,
],
'project:numpy-1.16.4/numpy/ma/core.py':[
2775,
6064,
6364,
],
'project:numpy-1.16.4/numpy/ma/mrecords.py':[
109,
510,
553,
],
'project:numpy-1.16.4/numpy/polynomial/_polybase.py':[
796,
],
'project:numpy-1.16.4/numpy/testing/_private/noseclasses.py':[
60,
139,
],
'project:numpy-1.16.4/numpy/testing/_private/nosetester.py':[
329,
],
'project:numpy-1.16.4/numpy/testing/_private/utils.py':[
690,
],
'project:numpy-1.16.4/tools/npy_tempita/__init__.py':[
106,
526,
],
'project:tensorflow/python/autograph/converters/control_flow_deprecated_py2.py':[
98,
],
'project:tensorflow/python/autograph/operators/control_flow_deprecated_py2.py':[
279,
383,
446,
509,
572,
636,
667,
725,
817,
883,
],
'project:tensorflow/python/autograph/pyct/common_transformers/anf_test.py':[
143,
146,
346,
352,
],
'project:tensorflow/python/client/timeline.py':[
120,
167,
],
'project:tensorflow/python/compiler/tensorrt/test/tf_trt_integration_test_base.py':[
198,
],
'project:tensorflow/python/compiler/tensorrt/trt_convert.py':[
165,
430,
1271,
],
'project:tensorflow/python/compiler/tensorrt/trt_convert_test.py':[
264,
],
'project:tensorflow/python/compiler/tensorrt/trt_convert_windows.py':[
83,
],
'project:tensorflow/python/data/benchmarks/benchmark_base.py':[
87,
],
'project:tensorflow/python/data/experimental/benchmarks/parallel_interleave_benchmark.py':[
100,
],
'project:tensorflow/python/data/experimental/kernel_tests/make_csv_dataset_test.py':[
108,
],
'project:tensorflow/python/data/experimental/kernel_tests/reader_dataset_ops_test_base.py':[
72,
368,
],
'project:tensorflow/python/data/experimental/kernel_tests/serialization/dataset_serialization_test_base.py':[
314,
],
'project:tensorflow/python/data/experimental/ops/data_service_ops.py':[
51,
129,
],
'project:tensorflow/python/data/experimental/ops/grouping.py':[
128,
],
'project:tensorflow/python/data/experimental/ops/iterator_ops.py':[
308,
],
'project:tensorflow/python/data/experimental/ops/readers.py':[
130,
222,
322,
569,
606,
738,
755,
939,
],
'project:tensorflow/python/data/experimental/ops/snapshot.py':[
39,
108,
200,
],
'project:tensorflow/python/data/kernel_tests/test_base.py':[
144,
],
'project:tensorflow/python/data/ops/dataset_ops.py':[
3186,
4069,
4189,
],
'project:tensorflow/python/data/ops/multi_device_iterator_ops.py':[
466,
],
'project:tensorflow/python/data/ops/readers.py':[
238,
442,
500,
],
'project:tensorflow/python/debug/cli/analyzer_cli.py':[
1364,
],
'project:tensorflow/python/debug/cli/analyzer_cli_test.py':[
116,
261,
],
'project:tensorflow/python/debug/cli/cli_shared.py':[
150,
],
'project:tensorflow/python/debug/cli/curses_ui.py':[
1296,
],
'project:tensorflow/python/debug/cli/curses_ui_test.py':[
145,
],
'project:tensorflow/python/debug/cli/profile_analyzer_cli.py':[
147,
477,
],
'project:tensorflow/python/debug/lib/check_numerics_callback.py':[
127,
],
'project:tensorflow/python/debug/lib/debug_events_monitors.py':[
87,
195,
],
'project:tensorflow/python/debug/lib/debug_events_reader.py':[
324,
557,
],
'project:tensorflow/python/debug/lib/debug_utils.py':[
82,
200,
],
'project:tensorflow/python/debug/lib/session_debug_testlib.py':[
125,
],
'project:tensorflow/python/debug/wrappers/framework.py':[
233,
397,
519,
594,
706,
],
'project:tensorflow/python/debug/wrappers/grpc_wrapper.py':[
212,
],
'project:tensorflow/python/distribute/cluster_resolver/cluster_resolver.py':[
213,
],
'project:tensorflow/python/distribute/cluster_resolver/gce_cluster_resolver.py':[
68,
],
'project:tensorflow/python/distribute/cluster_resolver/slurm_cluster_resolver.py':[
179,
],
'project:tensorflow/python/distribute/cluster_resolver/tpu/tpu_cluster_resolver.py':[
97,
],
'project:tensorflow/python/distribute/collective_all_reduce_strategy_test.py':[
346,
],
'project:tensorflow/python/distribute/combinations.py':[
214,
],
'project:tensorflow/python/distribute/cross_device_ops_test.py':[
586,
725,
],
'project:tensorflow/python/distribute/cross_device_utils.py':[
321,
],
'project:tensorflow/python/distribute/distribute_coordinator.py':[
112,
326,
631,
],
'project:tensorflow/python/distribute/input_lib_test.py':[
63,
129,
],
'project:tensorflow/python/distribute/mirrored_run.py':[
245,
],
'project:tensorflow/python/distribute/multi_process_runner.py':[
118,
689,
],
'project:tensorflow/python/distribute/multi_worker_test_base.py':[
83,
328,
],
'project:tensorflow/python/distribute/parameter_server_strategy_test.py':[
517,
],
'project:tensorflow/python/eager/backprop.py':[
126,
],
'project:tensorflow/python/eager/benchmarks/resnet50/resnet50.py':[
200,
],
'project:tensorflow/python/eager/benchmarks/resnet50/resnet50_test.py':[
271,
],
'project:tensorflow/python/eager/benchmarks/resnet50/resnet50_test_util.py':[
48,
],
'project:tensorflow/python/eager/benchmarks_test.py':[
1146,
1158,
1171,
1184,
],
'project:tensorflow/python/eager/def_function.py':[
136,
451,
],
'project:tensorflow/python/eager/def_function_test.py':[
670,
],
'project:tensorflow/python/eager/function.py':[
2753,
],
'project:tensorflow/python/eager/function_test.py':[
4157,
],
'project:tensorflow/python/eager/lift_to_graph.py':[
205,
],
'project:tensorflow/python/feature_column/feature_column.py':[
171,
534,
624,
822,
2485,
],
'project:tensorflow/python/feature_column/feature_column_v2.py':[
185,
289,
354,
491,
605,
789,
2795,
3063,
],
'project:tensorflow/python/feature_column/feature_column_v2_test.py':[
4612,
],
'project:tensorflow/python/framework/func_graph.py':[
496,
529,
794,
],
'project:tensorflow/python/framework/function.py':[
227,
590,
766,
808,
905,
],
'project:tensorflow/python/framework/meta_graph.py':[
504,
697,
903,
],
'project:tensorflow/python/framework/ops.py':[
1448,
1839,
3364,
3419,
],
'project:tensorflow/python/framework/test_util.py':[
2607,
],
'project:tensorflow/python/keras/applications/densenet.py':[
130,
],
'project:tensorflow/python/keras/applications/efficientnet.py':[
195,
413,
519,
545,
571,
597,
623,
649,
675,
701,
],
'project:tensorflow/python/keras/applications/inception_resnet_v2.py':[
45,
251,
],
'project:tensorflow/python/keras/applications/mobilenet.py':[
84,
],
'project:tensorflow/python/keras/applications/mobilenet_v2.py':[
97,
],
'project:tensorflow/python/keras/applications/nasnet.py':[
66,
],
'project:tensorflow/python/keras/applications/resnet.py':[
60,
],
'project:tensorflow/python/keras/backend.py':[
3996,
],
'project:tensorflow/python/keras/backend_test.py':[
46,
74,
],
'project:tensorflow/python/keras/callbacks.py':[
69,
131,
1122,
1582,
1879,
2278,
2511,
],
'project:tensorflow/python/keras/callbacks_v1.py':[
118,
],
'project:tensorflow/python/keras/datasets/imdb.py':[
32,
],
'project:tensorflow/python/keras/datasets/reuters.py':[
32,
],
'project:tensorflow/python/keras/distribute/keras_correctness_test_base.py':[
175,
427,
],
'project:tensorflow/python/keras/engine/base_layer.py':[
479,
],
'project:tensorflow/python/keras/engine/base_layer_utils.py':[
55,
],
'project:tensorflow/python/keras/engine/base_layer_v1.py':[
309,
],
'project:tensorflow/python/keras/engine/base_preprocessing_layer.py':[
81,
],
'project:tensorflow/python/keras/engine/data_adapter.py':[
256,
555,
635,
764,
891,
1091,
],
'project:tensorflow/python/keras/engine/input_layer.py':[
91,
212,
],
'project:tensorflow/python/keras/engine/training.py':[
463,
826,
1244,
1488,
1794,
1834,
1862,
],
'project:tensorflow/python/keras/engine/training_arrays.py':[
46,
603,
668,
697,
],
'project:tensorflow/python/keras/engine/training_distributed.py':[
123,
580,
687,
728,
],
'project:tensorflow/python/keras/engine/training_generator.py':[
41,
365,
551,
592,
616,
641,
682,
698,
720,
781,
808,
],
'project:tensorflow/python/keras/engine/training_utils.py':[
2102,
2123,
2136,
],
'project:tensorflow/python/keras/engine/training_v1.py':[
241,
610,
809,
914,
1218,
1257,
1284,
1906,
2081,
2194,
2332,
2881,
],
'project:tensorflow/python/keras/layers/convolutional.py':[
111,
472,
628,
772,
896,
1164,
1469,
1727,
1956,
2141,
2294,
],
'project:tensorflow/python/keras/layers/convolutional_recurrent.py':[
157,
488,
815,
],
'project:tensorflow/python/keras/layers/core.py':[
1127,
],
'project:tensorflow/python/keras/layers/cudnn_recurrent.py':[
199,
383,
],
'project:tensorflow/python/keras/layers/einsum_dense.py':[
112,
],
'project:tensorflow/python/keras/layers/einsum_dense_test.py':[
227,
238,
],
'project:tensorflow/python/keras/layers/embeddings.py':[
89,
],
'project:tensorflow/python/keras/layers/legacy_rnn/rnn_cell_impl.py':[
517,
665,
841,
],
'project:tensorflow/python/keras/layers/legacy_rnn/rnn_cell_wrapper_impl.py':[
41,
],
'project:tensorflow/python/keras/layers/local.py':[
134,
448,
],
'project:tensorflow/python/keras/layers/normalization.py':[
151,
1068,
],
'project:tensorflow/python/keras/layers/normalization_v2.py':[
113,
],
'project:tensorflow/python/keras/layers/pooling.py':[
57,
269,
541,
],
'project:tensorflow/python/keras/layers/preprocessing/image_preprocessing.py':[
477,
898,
],
'project:tensorflow/python/keras/layers/preprocessing/index_lookup.py':[
83,
],
'project:tensorflow/python/keras/layers/preprocessing/integer_lookup.py':[
165,
],
'project:tensorflow/python/keras/layers/preprocessing/string_lookup.py':[
164,
],
'project:tensorflow/python/keras/layers/preprocessing/text_vectorization.py':[
202,
],
'project:tensorflow/python/keras/layers/recurrent.py':[
394,
1287,
1506,
1728,
2047,
2295,
2692,
],
'project:tensorflow/python/keras/layers/recurrent_v2.py':[
146,
318,
507,
589,
675,
722,
871,
1027,
1238,
1320,
1442,
1492,
],
'project:tensorflow/python/keras/legacy_tf_layers/base.py':[
316,
],
'project:tensorflow/python/keras/legacy_tf_layers/convolutional.py':[
80,
122,
279,
321,
486,
528,
695,
807,
858,
978,
1147,
1188,
1326,
1368,
],
'project:tensorflow/python/keras/legacy_tf_layers/core.py':[
85,
117,
],
'project:tensorflow/python/keras/legacy_tf_layers/normalization.py':[
124,
181,
],
'project:tensorflow/python/keras/legacy_tf_layers/normalization_test.py':[
68,
168,
],
'project:tensorflow/python/keras/metrics.py':[
1907,
],
'project:tensorflow/python/keras/mixed_precision/experimental/keras_test.py':[
501,
],
'project:tensorflow/python/keras/mixed_precision/experimental/loss_scale_optimizer.py':[
132,
],
'project:tensorflow/python/keras/models.py':[
590,
],
'project:tensorflow/python/keras/optimizer_v2/adam.py':[
107,
330,
],
'project:tensorflow/python/keras/optimizer_v2/adam_test.py':[
39,
57,
77,
],
'project:tensorflow/python/keras/optimizer_v2/adamax_test.py':[
37,
52,
],
'project:tensorflow/python/keras/optimizer_v2/ftrl.py':[
67,
],
'project:tensorflow/python/keras/optimizer_v2/learning_rate_schedule.py':[
912,
],
'project:tensorflow/python/keras/optimizer_v2/legacy_learning_rate_decay.py':[
680,
],
'project:tensorflow/python/keras/optimizer_v2/nadam_test.py':[
48,
],
'project:tensorflow/python/keras/optimizer_v2/optimizer_v2.py':[
1003,
],
'project:tensorflow/python/keras/optimizer_v2/rmsprop.py':[
98,
],
'project:tensorflow/python/keras/optimizer_v2/rmsprop_test.py':[
64,
81,
],
'project:tensorflow/python/keras/optimizers.py':[
487,
],
'project:tensorflow/python/keras/premade/linear.py':[
63,
],
'project:tensorflow/python/keras/preprocessing/image.py':[
357,
431,
534,
753,
808,
868,
961,
],
'project:tensorflow/python/keras/preprocessing/image_dataset.py':[
35,
],
'project:tensorflow/python/keras/preprocessing/text_dataset.py':[
30,
],
'project:tensorflow/python/keras/preprocessing/timeseries.py':[
31,
],
'project:tensorflow/python/keras/testing_utils.py':[
87,
],
'project:tensorflow/python/keras/utils/data_utils.py':[
169,
],
'project:tensorflow/python/keras/utils/metrics_utils.py':[
237,
],
'project:tensorflow/python/kernel_tests/batchtospace_op_test.py':[
269,
],
'project:tensorflow/python/kernel_tests/conv_ops_3d_test.py':[
67,
122,
460,
775,
],
'project:tensorflow/python/kernel_tests/conv_ops_test.py':[
182,
265,
322,
373,
782,
898,
1104,
1286,
1332,
1528,
1690,
1849,
2711,
],
'project:tensorflow/python/kernel_tests/ctc_decoder_ops_test.py':[
48,
],
'project:tensorflow/python/kernel_tests/depthtospace_op_test.py':[
283,
],
'project:tensorflow/python/kernel_tests/depthwise_conv_op_test.py':[
270,
586,
],
'project:tensorflow/python/kernel_tests/linalg/sparse/csr_sparse_matrix_dense_mat_mul_grad_test.py':[
61,
],
'project:tensorflow/python/kernel_tests/matrix_solve_ls_op_test.py':[
82,
],
'project:tensorflow/python/kernel_tests/matrix_triangular_solve_op_test.py':[
50,
],
'project:tensorflow/python/kernel_tests/morphological_ops_test.py':[
33,
309,
],
'project:tensorflow/python/kernel_tests/partitioned_variables_test.py':[
200,
],
'project:tensorflow/python/kernel_tests/pooling_ops_3d_test.py':[
48,
228,
],
'project:tensorflow/python/kernel_tests/pooling_ops_test.py':[
109,
186,
219,
971,
1047,
1278,
1301,
1743,
],
'project:tensorflow/python/kernel_tests/proto/decode_proto_op_test_base.py':[
149,
],
'project:tensorflow/python/kernel_tests/random/random_binomial_test.py':[
40,
],
'project:tensorflow/python/kernel_tests/random/random_ops_test.py':[
39,
],
'project:tensorflow/python/kernel_tests/reverse_sequence_op_test.py':[
35,
],
'project:tensorflow/python/kernel_tests/signal/mel_ops_test.py':[
148,
],
'project:tensorflow/python/kernel_tests/signal/spectral_ops_test.py':[
188,
297,
],
'project:tensorflow/python/kernel_tests/spacetobatch_op_test.py':[
545,
],
'project:tensorflow/python/kernel_tests/spacetodepth_op_test.py':[
266,
],
'project:tensorflow/python/kernel_tests/sparse_matmul_op_test.py':[
43,
137,
],
'project:tensorflow/python/kernel_tests/sparse_tensor_dense_matmul_op_test.py':[
310,
],
'project:tensorflow/python/kernel_tests/string_split_op_test.py':[
211,
],
'project:tensorflow/python/kernel_tests/tridiagonal_solve_op_test.py':[
389,
423,
],
'project:tensorflow/python/lib/io/tf_record.py':[
51,
],
'project:tensorflow/python/module/module.py':[
317,
],
'project:tensorflow/python/ops/array_ops.py':[
1086,
5101,
5152,
5192,
5227,
],
'project:tensorflow/python/ops/batch_norm_benchmark.py':[
126,
],
'project:tensorflow/python/ops/bincount_ops.py':[
36,
],
'project:tensorflow/python/ops/bincount_ops_test.py':[
147,
343,
490,
],
'project:tensorflow/python/ops/candidate_sampling_ops.py':[
221,
],
'project:tensorflow/python/ops/check_ops.py':[
301,
781,
],
'project:tensorflow/python/ops/clustering_ops.py':[
59,
561,
],
'project:tensorflow/python/ops/collective_ops.py':[
23,
113,
],
'project:tensorflow/python/ops/collective_ops_test.py':[
45,
],
'project:tensorflow/python/ops/concat_benchmark.py':[
81,
],
'project:tensorflow/python/ops/control_flow_ops.py':[
1414,
2323,
2504,
],
'project:tensorflow/python/ops/control_flow_ops_test.py':[
604,
],
'project:tensorflow/python/ops/conv2d_benchmark.py':[
44,
97,
],
'project:tensorflow/python/ops/ctc_ops.py':[
75,
198,
740,
835,
939,
],
'project:tensorflow/python/ops/data_flow_ops.py':[
632,
2105,
2444,
],
'project:tensorflow/python/ops/distributions/bijector_impl.py':[
494,
],
'project:tensorflow/python/ops/distributions/distribution.py':[
425,
],
'project:tensorflow/python/ops/embedding_ops.py':[
775,
],
'project:tensorflow/python/ops/functional_ops.py':[
441,
705,
1054,
],
'project:tensorflow/python/ops/gradient_checker.py':[
211,
245,
277,
354,
],
'project:tensorflow/python/ops/gradients_impl.py':[
44,
177,
],
'project:tensorflow/python/ops/gradients_util.py':[
479,
],
'project:tensorflow/python/ops/image_ops_impl.py':[
2784,
2888,
3667,
4070,
4262,
4515,
4592,
4998,
],
'project:tensorflow/python/ops/image_ops_test.py':[
1584,
1603,
1909,
1928,
],
'project:tensorflow/python/ops/linalg/linear_operator.py':[
154,
1181,
],
'project:tensorflow/python/ops/linalg/linear_operator_circulant.py':[
58,
702,
882,
1032,
],
'project:tensorflow/python/ops/linalg/linear_operator_identity.py':[
207,
560,
],
'project:tensorflow/python/ops/linalg/linear_operator_low_rank_update.py':[
132,
],
'project:tensorflow/python/ops/linalg/linear_operator_permutation.py':[
106,
],
'project:tensorflow/python/ops/linalg/linear_operator_test_util.py':[
322,
538,
],
'project:tensorflow/python/ops/linalg/linear_operator_toeplitz.py':[
111,
],
'project:tensorflow/python/ops/linalg/linear_operator_tridiag.py':[
128,
],
'project:tensorflow/python/ops/linalg/linear_operator_zeros.py':[
126,
],
'project:tensorflow/python/ops/lookup_ops.py':[
606,
786,
1289,
1928,
],
'project:tensorflow/python/ops/losses/losses_impl.py':[
266,
],
'project:tensorflow/python/ops/map_fn.py':[
47,
623,
],
'project:tensorflow/python/ops/math_ops.py':[
2050,
3065,
],
'project:tensorflow/python/ops/matmul_benchmark.py':[
71,
118,
],
'project:tensorflow/python/ops/metrics_impl.py':[
633,
2484,
2577,
2810,
3427,
3517,
3538,
3632,
],
'project:tensorflow/python/ops/nn_batchnorm_test.py':[
40,
46,
53,
60,
66,
],
'project:tensorflow/python/ops/nn_fused_batchnorm_test.py':[
45,
56,
103,
130,
211,
274,
],
'project:tensorflow/python/ops/nn_grad.py':[
932,
],
'project:tensorflow/python/ops/nn_impl.py':[
737,
964,
1073,
1548,
1653,
1708,
1771,
1958,
2063,
2175,
2267,
],
'project:tensorflow/python/ops/nn_ops.py':[
188,
398,
594,
868,
1028,
1203,
1331,
1506,
1804,
1978,
2172,
2293,
2354,
2419,
2496,
2849,
2919,
3039,
3060,
3131,
3211,
4655,
4725,
5132,
5305,
],
'project:tensorflow/python/ops/nn_test.py':[
548,
],
'project:tensorflow/python/ops/numpy_ops/np_array_ops.py':[
465,
],
'project:tensorflow/python/ops/numpy_ops/np_math_ops_test.py':[
50,
],
'project:tensorflow/python/ops/parallel_for/pfor.py':[
1183,
],
'project:tensorflow/python/ops/parsing_config.py':[
391,
],
'project:tensorflow/python/ops/partitioned_variables.py':[
245,
],
'project:tensorflow/python/ops/ragged/ragged_batch_gather_op_test.py':[
352,
462,
],
'project:tensorflow/python/ops/ragged/ragged_concat_op_test.py':[
228,
],
'project:tensorflow/python/ops/ragged/ragged_dynamic_partition_op_test.py':[
160,
],
'project:tensorflow/python/ops/ragged/ragged_from_tensor_op_test.py':[
351,
],
'project:tensorflow/python/ops/ragged/ragged_gather_op_test.py':[
149,
],
'project:tensorflow/python/ops/ragged/ragged_map_fn_op_test.py':[
156,
],
'project:tensorflow/python/ops/ragged/ragged_map_ops.py':[
30,
],
'project:tensorflow/python/ops/ragged/ragged_one_hot_op_test.py':[
85,
118,
],
'project:tensorflow/python/ops/ragged/ragged_stack_op_test.py':[
323,
],
'project:tensorflow/python/ops/ragged/ragged_to_tensor_op_test.py':[
324,
614,
747,
],
'project:tensorflow/python/ops/ragged/ragged_util_test.py':[
199,
],
'project:tensorflow/python/ops/ragged/row_partition_test.py':[
692,
],
'project:tensorflow/python/ops/ragged/string_ngrams_op_test.py':[
326,
],
'project:tensorflow/python/ops/random_ops.py':[
104,
],
'project:tensorflow/python/ops/resource_variable_ops.py':[
342,
1280,
1412,
1513,
1815,
1917,
],
'project:tensorflow/python/ops/rnn.py':[
151,
347,
505,
1520,
],
'project:tensorflow/python/ops/structured/structured_tensor_test.py':[
439,
],
'project:tensorflow/python/ops/tensor_array_ops.py':[
56,
397,
654,
1005,
],
'project:tensorflow/python/ops/tensor_forest_ops.py':[
29,
],
'project:tensorflow/python/ops/variable_scope.py':[
288,
438,
571,
798,
1115,
1245,
1317,
1541,
1685,
1729,
1851,
2205,
2461,
],
'project:tensorflow/python/ops/variables.py':[
182,
223,
369,
1462,
1560,
1679,
2536,
],
'project:tensorflow/python/ops/while_v2.py':[
58,
581,
886,
917,
],
'project:tensorflow/python/platform/benchmark.py':[
243,
303,
],
'project:tensorflow/python/profiler/model_analyzer_test.py':[
473,
587,
],
'project:tensorflow/python/saved_model/builder_impl.py':[
230,
302,
516,
560,
],
'project:tensorflow/python/summary/writer/fake_summary_writer.py':[
61,
],
'project:tensorflow/python/summary/writer/writer.py':[
300,
],
'project:tensorflow/python/tools/api/generator/create_python_api.py':[
586,
],
'project:tensorflow/python/tools/freeze_graph.py':[
77,
286,
],
'project:tensorflow/python/tools/saved_model_aot_compile.py':[
212,
],
'project:tensorflow/python/tools/saved_model_cli.py':[
372,
],
'project:tensorflow/python/tpu/async_checkpoint.py':[
42,
],
'project:tensorflow/python/tpu/datasets.py':[
50,
],
'project:tensorflow/python/tpu/feature_column.py':[
161,
364,
391,
498,
524,
],
'project:tensorflow/python/tpu/feature_column_v2.py':[
55,
211,
423,
451,
608,
635,
],
'project:tensorflow/python/tpu/ops/tpu_ops.py':[
377,
450,
],
'project:tensorflow/python/tpu/tpu.py':[
1091,
1555,
1706,
],
'project:tensorflow/python/tpu/tpu_embedding.py':[
59,
383,
425,
493,
570,
647,
873,
],
'project:tensorflow/python/tpu/tpu_embedding_v2.py':[
830,
841,
855,
],
'project:tensorflow/python/tpu/tpu_embedding_v2_utils.py':[
36,
257,
364,
],
'project:tensorflow/python/tpu/tpu_feed.py':[
749,
],
'project:tensorflow/python/training/adagrad_da.py':[
48,
],
'project:tensorflow/python/training/adam_test.py':[
37,
],
'project:tensorflow/python/training/basic_session_run_hooks.py':[
516,
],
'project:tensorflow/python/training/checkpoint_management.py':[
534,
],
'project:tensorflow/python/training/checkpoint_ops.py':[
33,
206,
419,
],
'project:tensorflow/python/training/evaluation.py':[
172,
],
'project:tensorflow/python/training/ftrl.py':[
42,
],
'project:tensorflow/python/training/input.py':[
123,
211,
760,
800,
835,
879,
929,
1028,
1085,
1195,
1251,
1355,
1419,
1517,
],
'project:tensorflow/python/training/monitored_session.py':[
107,
322,
435,
1095,
],
'project:tensorflow/python/training/optimizer.py':[
355,
],
'project:tensorflow/python/training/queue_runner_impl.py':[
61,
],
'project:tensorflow/python/training/rmsprop.py':[
65,
],
'project:tensorflow/python/training/rmsprop_test.py':[
61,
74,
],
'project:tensorflow/python/training/saver.py':[
419,
472,
689,
1082,
1219,
1518,
],
'project:tensorflow/python/training/session_manager.py':[
95,
160,
229,
321,
],
'project:tensorflow/python/training/supervisor.py':[
209,
],
'project:tensorflow/python/training/sync_replicas_optimizer.py':[
152,
],
'project:tensorflow/python/training/tracking/base.py':[
684,
],
'project:tensorflow/python/training/training_ops_test.py':[
87,
132,
243,
282,
426,
],
'project:tensorflow/python/training/warm_starting_util.py':[
114,
195,
],
'project:tensorflow/tools/compatibility/tf_upgrade_v2.py':[
1705,
2126,
2165,
],
'project:tensorflow/tools/docs/parser.py':[
1462,
],
'project:tornado-2.3/demos/appengine/markdown.py':[
108,
],
'project:tornado-2.3/demos/blog/markdown.py':[
108,
],
'project:tornado-2.3/tornado/httpclient.py':[
227,
350,
],
'project:tornado-2.3/tornado/httpserver.py':[
367,
],
'project:tornado-2.3/tornado/options.py':[
92,
187,
],
'project:tornado-2.3/tornado/web.py':[
360,
],
'project:twisted-12.1.0/doc/words/examples/oscardemo.py':[
77,
],
'project:twisted-12.1.0/twisted/conch/insults/helper.py':[
31,
],
'project:twisted-12.1.0/twisted/conch/scripts/cftp.py':[
364,
],
'project:twisted-12.1.0/twisted/conch/ssh/channel.py':[
55,
],
'project:twisted-12.1.0/twisted/conch/test/test_recvline.py':[
310,
336,
362,
],
'project:twisted-12.1.0/twisted/conch/ui/ansi.py':[
31,
],
'project:twisted-12.1.0/twisted/cred/checkers.py':[
118,
],
'project:twisted-12.1.0/twisted/internet/_posixserialport.py':[
31,
],
'project:twisted-12.1.0/twisted/internet/_sslverify.py':[
526,
602,
],
'project:twisted-12.1.0/twisted/internet/_win32serialport.py':[
29,
],
'project:twisted-12.1.0/twisted/internet/base.py':[
42,
],
'project:twisted-12.1.0/twisted/internet/interfaces.py':[
566,
],
'project:twisted-12.1.0/twisted/internet/iocpreactor/reactor.py':[
243,
],
'project:twisted-12.1.0/twisted/internet/posixbase.py':[
334,
],
'project:twisted-12.1.0/twisted/internet/process.py':[
355,
450,
616,
931,
],
'project:twisted-12.1.0/twisted/internet/ssl.py':[
177,
],
'project:twisted-12.1.0/twisted/lore/slides.py':[
241,
],
'project:twisted-12.1.0/twisted/lore/tree.py':[
808,
],
'project:twisted-12.1.0/twisted/mail/imap4.py':[
3686,
],
'project:twisted-12.1.0/twisted/mail/smtp.py':[
1815,
],
'project:twisted-12.1.0/twisted/manhole/service.py':[
95,
],
'project:twisted-12.1.0/twisted/names/dns.py':[
763,
1135,
1542,
],
'project:twisted-12.1.0/twisted/names/srvconnect.py':[
39,
],
'project:twisted-12.1.0/twisted/pair/rawudp.py':[
37,
],
'project:twisted-12.1.0/twisted/protocols/ftp.py':[
388,
],
'project:twisted-12.1.0/twisted/protocols/gps/nmea.py':[
104,
175,
],
'project:twisted-12.1.0/twisted/protocols/sip.py':[
161,
233,
375,
],
'project:twisted-12.1.0/twisted/python/fakepwd.py':[
19,
52,
122,
161,
],
'project:twisted-12.1.0/twisted/python/formmethod.py':[
72,
145,
197,
222,
315,
],
'project:twisted-12.1.0/twisted/python/reflect.py':[
739,
],
'project:twisted-12.1.0/twisted/runner/inetdconf.py':[
97,
123,
],
'project:twisted-12.1.0/twisted/runner/test/test_procmon.py':[
32,
100,
],
'project:twisted-12.1.0/twisted/scripts/test/test_tap2rpm.py':[
25,
],
'project:twisted-12.1.0/twisted/scripts/tkunzip.py':[
38,
],
'project:twisted-12.1.0/twisted/spread/pb.py':[
881,
],
'project:twisted-12.1.0/twisted/spread/ui/tkutil.py':[
198,
316,
],
'project:twisted-12.1.0/twisted/test/mock_win32process.py':[
19,
],
'project:twisted-12.1.0/twisted/test/test_amp.py':[
266,
338,
346,
],
'project:twisted-12.1.0/twisted/trial/runner.py':[
757,
],
'project:twisted-12.1.0/twisted/web/_stan.py':[
122,
],
'project:twisted-12.1.0/twisted/web/client.py':[
311,
426,
1071,
],
'project:twisted-12.1.0/twisted/web/domhelpers.py':[
165,
],
'project:twisted-12.1.0/twisted/web/http.py':[
955,
],
'project:twisted-12.1.0/twisted/web/iweb.py':[
221,
],
'project:twisted-12.1.0/twisted/web/microdom.py':[
101,
134,
300,
346,
368,
399,
424,
446,
546,
],
'project:twisted-12.1.0/twisted/web/test/test_proxy.py':[
238,
],
'project:twisted-12.1.0/twisted/web/test/test_wsgi.py':[
120,
],
'project:twisted-12.1.0/twisted/web/xmlrpc.py':[
411,
507,
],
'project:twisted-12.1.0/twisted/words/im/ircsupport.py':[
249,
],
'project:twisted-12.1.0/twisted/words/im/pbsupport.py':[
189,
],
'project:twisted-12.1.0/twisted/words/protocols/irc.py':[
513,
],
'project:twisted-12.1.0/twisted/words/protocols/oscar.py':[
944,
],
}
