{
"project:django-cms-3.11.4/cms/test_utils/util/mock.py": [
17
],
"project:numpy-1.26.0/numpy/distutils/intelccompiler.py": [
89,
111
],
"project:tornado-6.3.3/tornado/test/concurrent_test.py": [
181
],
"project:tornado-6.3.3/tornado/util.py": [
256,
257
]
}
