{
"project:buildbot-0.8.6p1/buildbot/buildslave.py": [
533
],
"project:buildbot-0.8.6p1/buildbot/changes/bonsaipoller.py": [
92
],
"project:buildbot-0.8.6p1/buildbot/changes/svnpoller.py": [
101,
262
],
"project:buildbot-0.8.6p1/buildbot/config.py": [
149
],
"project:buildbot-0.8.6p1/buildbot/db/changes.py": [
238
],
"project:buildbot-0.8.6p1/buildbot/db/enginestrategy.py": [
87
],
"project:buildbot-0.8.6p1/buildbot/db/model.py": [
430,
456
],
"project:buildbot-0.8.6p1/buildbot/db/pool.py": [
237,
305
],
"project:buildbot-0.8.6p1/buildbot/db/state.py": [
100,
111
],
"project:buildbot-0.8.6p1/buildbot/libvirtbuildslave.py": [
53
],
"project:buildbot-0.8.6p1/buildbot/master.py": [
174,
209,
282
],
"project:buildbot-0.8.6p1/buildbot/monkeypatches/bug4881.py": [
139,
143,
147
],
"project:buildbot-0.8.6p1/buildbot/process/botmaster.py": [
409,
470,
511
],
"project:buildbot-0.8.6p1/buildbot/process/build.py": [
241,
505
],
"project:buildbot-0.8.6p1/buildbot/process/builder.py": [
296,
324,
346,
363
],
"project:buildbot-0.8.6p1/buildbot/process/buildstep.py": [
173,
553,
633,
641
],
"project:buildbot-0.8.6p1/buildbot/process/metrics.py": [
327,
487
],
"project:buildbot-0.8.6p1/buildbot/schedulers/base.py": [
207
],
"project:buildbot-0.8.6p1/buildbot/scripts/runner.py": [
393,
570,
1155
],
"project:buildbot-0.8.6p1/buildbot/status/build.py": [
417
],
"project:buildbot-0.8.6p1/buildbot/status/builder.py": [
155,
458,
499,
513
],
"project:buildbot-0.8.6p1/buildbot/status/master.py": [
332
],
"project:buildbot-0.8.6p1/buildbot/status/progress.py": [
242
],
"project:buildbot-0.8.6p1/buildbot/status/tinderbox.py": [
175
],
"project:buildbot-0.8.6p1/buildbot/status/web/baseweb.py": [
491
],
"project:buildbot-0.8.6p1/buildbot/status/web/builder.py": [
339,
377
],
"project:buildbot-0.8.6p1/buildbot/status/web/buildstatus.py": [
40
],
"project:buildbot-0.8.6p1/buildbot/status/web/console.py": [
726
],
"project:buildbot-0.8.6p1/buildbot/status/web/slaves.py": [
87
],
"project:buildbot-0.8.6p1/buildbot/status/words.py": [
742,
750
],
"project:buildbot-0.8.6p1/buildbot/steps/package/rpm/rpmbuild.py": [
104
],
"project:buildbot-0.8.6p1/buildbot/steps/shell.py": [
203
],
"project:buildbot-0.8.6p1/buildbot/steps/source/oldsource.py": [
913
],
"project:buildbot-0.8.6p1/buildbot/test/fake/fakedb.py": [
804,
877
],
"project:buildbot-0.8.6p1/buildbot/test/unit/test_changes_mail_CVSMaildirSource.py": [
79,
101,
150,
160,
171,
182,
192,
202,
212
],
"project:buildbot-0.8.6p1/buildbot/test/unit/test_db_migrate_versions_019_merge_schedulers_to_objects.py": [
108
],
"project:buildbot-0.8.6p1/buildbot/test/unit/test_db_migrate_versions_020_remove_change_links.py": [
60
],
"project:buildbot-0.8.6p1/buildbot/test/unit/test_schedulers_manager.py": [
33
],
"project:buildbot-0.8.6p1/buildbot/test/unit/test_scripts_runner.py": [
195,
210,
227
],
"project:buildbot-0.8.6p1/buildbot/test/unit/test_status_logfile.py": [
63,
79
],
"project:buildbot-0.8.6p1/buildbot/util/eventual.py": [
47
],
"project:buildbot-0.8.6p1/buildbot/util/maildir.py": [
29,
127
],
"project:buildbot-0.8.6p1/buildbot/util/subscription.py": [
52
],
"project:buildbot-0.8.6p1/contrib/buildbot_cvs_mail.py": [
45
],
"project:buildbot-0.8.6p1/contrib/bzr_buildbot.py": [
355
],
"project:buildbot-0.8.6p1/contrib/check_buildbot.py": [
53,
58,
74
],
"project:buildbot-0.8.6p1/contrib/git_buildbot.py": [
390
],
"project:buildbot-0.8.6p1/contrib/googlecode_atom.py": [
161
],
"project:buildbot-0.8.6p1/contrib/svnpoller.py": [
66,
98
],
"project:buildbot-slave-0.8.6p1/buildslave/bot.py": [
365,
499
],
"project:buildbot-slave-0.8.6p1/buildslave/commands/base.py": [
601
],
"project:buildbot-slave-0.8.6p1/buildslave/commands/bk.py": [
105
],
"project:buildbot-slave-0.8.6p1/buildslave/commands/fs.py": [
40,
197
],
"project:buildbot-slave-0.8.6p1/buildslave/commands/transfer.py": [
89
],
"project:buildbot-slave-0.8.6p1/buildslave/commands/utils.py": [
65
],
"project:buildbot-slave-0.8.6p1/buildslave/monkeypatches/bug4881.py": [
139,
143,
147
],
"project:buildbot-slave-0.8.6p1/buildslave/runprocess.py": [
385
],
"project:buildbot-slave-0.8.6p1/buildslave/test/unit/test_runprocess.py": [
356
],
"project:buildbot-slave-0.8.6p1/buildslave/test/util/command.py": [
110
],
"project:django-4.2.5/tests/bash_completion/tests.py": [
55
],
"project:django-cms-3.11.4/cms/admin/pageadmin.py": [
1551
],
"project:django-cms-3.11.4/cms/models/pagemodel.py": [
454
],
"project:django-cms-3.11.4/cms/models/placeholdermodel.py": [
254,
278
],
"project:django-cms-3.11.4/cms/test_utils/testcases.py": [
80
],
"project:django-cms-3.11.4/cms/tests/test_migrations.py": [
23
],
"project:django-cms-3.11.4/cms/toolbar/toolbar.py": [
317
],
"project:django-cms-3.11.4/menus/utils.py": [
147
],
"project:mypy-1.5.1/mypy/api.py": [
60
],
"project:mypy-1.5.1/mypy/dmypy_server.py": [
347
],
"project:mypy-1.5.1/mypy/moduleinspect.py": [
50
],
"project:mypy-1.5.1/mypy/stubtest.py": [
211,
1618
],
"project:mypy-1.5.1/mypyc/test/test_run.py": [
111
],
"project:numpy-1.26.0/numpy/_pytesttester.py": [
204
],
"project:numpy-1.26.0/numpy/core/tests/test_nditer.py": [
3106
],
"project:numpy-1.26.0/numpy/lib/utils.py": [
973
],
"project:numpy-1.26.0/vendored-meson/meson/test cases/unit/110 replace unencodable xml chars/script.py": [
21,
36
],
"project:pecos/examples/MACLR/dataset.py": [
96,
118
],
"project:pecos/examples/MACLR/evaluate.py": [
94
],
"project:pecos/examples/MACLR/main.py": [
282
],
"project:pecos/pecos/core/base.py": [
517,
522
],
"project:tensorflow/python/autograph/pyct/cfg_test.py": [
1191
],
"project:tensorflow/python/autograph/pyct/static_analysis/activity_test.py": [
504
],
"project:tensorflow/python/autograph/pyct/static_analysis/liveness_test.py": [
80,
96,
360,
377,
396
],
"project:tensorflow/python/autograph/pyct/static_analysis/reaching_definitions_test.py": [
109
],
"project:tensorflow/python/compiler/tensorrt/model_tests/model_handler.py": [
338
],
"project:tensorflow/python/compiler/tensorrt/trt_convert.py": [
801,
1066
],
"project:tensorflow/python/data/experimental/kernel_tests/service/fault_tolerance_test.py": [
178
],
"project:tensorflow/python/debug/cli/debugger_cli_common.py": [
690
],
"project:tensorflow/python/distribute/coordinator/fault_tolerance_test.py": [
196
],
"project:tensorflow/python/distribute/distribute_lib.py": [
1191
],
"project:tensorflow/python/distribute/failure_handling/failure_handler_test.py": [
341,
481
],
"project:tensorflow/python/distribute/failure_handling/gce_failure_handler_test.py": [
343,
432,
522
],
"project:tensorflow/python/eager/polymorphic_function/monomorphic_function.py": [
1897
],
"project:tensorflow/python/framework/dtypes.py": [
138,
141,
168,
171
],
"project:tensorflow/python/framework/errors_test.py": [
113
],
"project:tensorflow/python/framework/memory_checker.py": [
35
],
"project:tensorflow/python/framework/ops.py": [
3613,
3628
],
"project:tensorflow/python/keras/engine/sequential.py": [
308,
340
],
"project:tensorflow/python/keras/saving/saving_utils.py": [
317
],
"project:tensorflow/python/keras/utils/tf_inspect.py": [
25
],
"project:tensorflow/python/ops/resource_variable_ops.py": [
500
],
"project:tensorflow/python/ops/while_v2.py": [
341
],
"project:tensorflow/python/training/coordinator.py": [
294
],
"project:tensorflow/tools/compatibility/update/generate_v2_renames_map.py": [
102
],
"project:tornado-6.3.3/demos/websocket/chatdemo.py": [
76
],
"project:tornado-6.3.3/tornado/autoreload.py": [
326
],
"project:tornado-6.3.3/tornado/platform/twisted.py": [
146
],
"project:tornado-6.3.3/tornado/test/process_test.py": [
71
],
"project:twisted-23.8.0/docs/core/benchmarks/deferreds.py": [
77
],
"project:twisted-23.8.0/docs/core/benchmarks/failure.py": [
51,
59,
71
],
"project:twisted-23.8.0/docs/core/examples/courier.py": [
104
],
"project:twisted-23.8.0/docs/core/examples/cred.py": [
73
],
"project:twisted-23.8.0/docs/core/examples/testlogging.py": [
24
],
"project:twisted-23.8.0/docs/core/howto/listings/pb/trap_client.py": [
36
],
"project:twisted-23.8.0/docs/words/examples/cursesclient.py": [
168
],
"project:twisted-23.8.0/src/twisted/_threads/_team.py": [
183
],
"project:twisted-23.8.0/src/twisted/application/app.py": [
305
],
"project:twisted-23.8.0/src/twisted/conch/client/default.py": [
120
],
"project:twisted-23.8.0/src/twisted/conch/endpoints.py": [
787
],
"project:twisted-23.8.0/src/twisted/conch/scripts/cftp.py": [
90,
123,
519,
994
],
"project:twisted-23.8.0/src/twisted/conch/scripts/conch.py": [
163,
169,
198,
537
],
"project:twisted-23.8.0/src/twisted/conch/scripts/tkconch.py": [
496,
529
],
"project:twisted-23.8.0/src/twisted/conch/test/test_cftp.py": [
928
],
"project:twisted-23.8.0/src/twisted/conch/test/test_conch.py": [
642
],
"project:twisted-23.8.0/src/twisted/conch/test/test_endpoints.py": [
260
],
"project:twisted-23.8.0/src/twisted/conch/test/test_manhole.py": [
38
],
"project:twisted-23.8.0/src/twisted/conch/test/test_ssh.py": [
114
],
"project:twisted-23.8.0/src/twisted/conch/unix.py": [
114
],
"project:twisted-23.8.0/src/twisted/enterprise/adbapi.py": [
58,
288,
436,
450
],
"project:twisted-23.8.0/src/twisted/internet/_baseprocess.py": [
44,
67
],
"project:twisted-23.8.0/src/twisted/internet/_posixstdio.py": [
113,
126,
136
],
"project:twisted-23.8.0/src/twisted/internet/_producer_helpers.py": [
65,
75
],
"project:twisted-23.8.0/src/twisted/internet/_sslverify.py": [
1062,
1900,
1913
],
"project:twisted-23.8.0/src/twisted/internet/_threadedselect.py": [
124,
134
],
"project:twisted-23.8.0/src/twisted/internet/asyncioreactor.py": [
127
],
"project:twisted-23.8.0/src/twisted/internet/base.py": [
497,
515,
707,
1062,
1089
],
"project:twisted-23.8.0/src/twisted/internet/defer.py": [
174,
235,
1115,
1275,
1605,
1802,
2074
],
"project:twisted-23.8.0/src/twisted/internet/endpoints.py": [
268,
478,
608,
682,
1194,
1271,
1318
],
"project:twisted-23.8.0/src/twisted/internet/iocpreactor/tcp.py": [
109,
119
],
"project:twisted-23.8.0/src/twisted/internet/iocpreactor/udp.py": [
157
],
"project:twisted-23.8.0/src/twisted/internet/kqreactor.py": [
174,
200,
298
],
"project:twisted-23.8.0/src/twisted/internet/pollreactor.py": [
103
],
"project:twisted-23.8.0/src/twisted/internet/process.py": [
93,
312,
433,
468,
570,
845,
948,
1086,
1184,
1231
],
"project:twisted-23.8.0/src/twisted/internet/protocol.py": [
827
],
"project:twisted-23.8.0/src/twisted/internet/task.py": [
529
],
"project:twisted-23.8.0/src/twisted/internet/tcp.py": [
295,
305,
1422
],
"project:twisted-23.8.0/src/twisted/internet/test/reactormixins.py": [
271,
362
],
"project:twisted-23.8.0/src/twisted/internet/test/test_endpoints.py": [
1869
],
"project:twisted-23.8.0/src/twisted/internet/test/test_process.py": [
166
],
"project:twisted-23.8.0/src/twisted/internet/udp.py": [
255
],
"project:twisted-23.8.0/src/twisted/internet/unix.py": [
400,
588,
620
],
"project:twisted-23.8.0/src/twisted/internet/win32eventreactor.py": [
296
],
"project:twisted-23.8.0/src/twisted/internet/wxreactor.py": [
173
],
"project:twisted-23.8.0/src/twisted/logger/_format.py": [
58,
258,
275
],
"project:twisted-23.8.0/src/twisted/logger/test/test_json.py": [
256
],
"project:twisted-23.8.0/src/twisted/mail/alias.py": [
292,
699
],
"project:twisted-23.8.0/src/twisted/mail/imap4.py": [
1359,
1382,
1406,
1423,
1440,
2622,
4816,
5557
],
"project:twisted-23.8.0/src/twisted/mail/mail.py": [
673,
700
],
"project:twisted-23.8.0/src/twisted/mail/maildir.py": [
229,
413
],
"project:twisted-23.8.0/src/twisted/mail/pop3.py": [
617,
628,
646,
660,
1229,
1549
],
"project:twisted-23.8.0/src/twisted/mail/scripts/mailmail.py": [
59,
180
],
"project:twisted-23.8.0/src/twisted/mail/smtp.py": [
656,
685,
710,
1518
],
"project:twisted-23.8.0/src/twisted/mail/test/pop3testserver.py": [
132,
149
],
"project:twisted-23.8.0/src/twisted/mail/test/test_mail.py": [
1255,
2333
],
"project:twisted-23.8.0/src/twisted/names/dns.py": [
3157,
3224,
3239,
3338
],
"project:twisted-23.8.0/src/twisted/names/hosts.py": [
35
],
"project:twisted-23.8.0/src/twisted/pair/tuntap.py": [
340
],
"project:twisted-23.8.0/src/twisted/plugin.py": [
145,
160,
183,
219
],
"project:twisted-23.8.0/src/twisted/protocols/amp.py": [
934,
1148,
1842
],
"project:twisted-23.8.0/src/twisted/protocols/ftp.py": [
516,
1888,
1911,
1923,
1960,
2110,
2126,
2142,
2154,
2179
],
"project:twisted-23.8.0/src/twisted/protocols/postfix.py": [
74
],
"project:twisted-23.8.0/src/twisted/protocols/sip.py": [
935,
1111
],
"project:twisted-23.8.0/src/twisted/python/failure.py": [
792
],
"project:twisted-23.8.0/src/twisted/python/log.py": [
92,
99,
379,
385,
391
],
"project:twisted-23.8.0/src/twisted/python/logfile.py": [
270
],
"project:twisted-23.8.0/src/twisted/python/reflect.py": [
361,
369,
372,
414,
430,
434
],
"project:twisted-23.8.0/src/twisted/python/test/test_shellcomp.py": [
90,
111
],
"project:twisted-23.8.0/src/twisted/python/threadpool.py": [
246
],
"project:twisted-23.8.0/src/twisted/python/util.py": [
343
],
"project:twisted-23.8.0/src/twisted/runner/inetdconf.py": [
162,
196
],
"project:twisted-23.8.0/src/twisted/scripts/_twistd_unix.py": [
288
],
"project:twisted-23.8.0/src/twisted/spread/flavors.py": [
501
],
"project:twisted-23.8.0/src/twisted/spread/pb.py": [
654,
664,
683,
693,
700,
736,
974,
1068,
1220
],
"project:twisted-23.8.0/src/twisted/spread/util.py": [
50
],
"project:twisted-23.8.0/src/twisted/test/stdio_test_loseconn.py": [
35
],
"project:twisted-23.8.0/src/twisted/test/test_adbapi.py": [
453,
461,
481,
489,
513,
521,
547
],
"project:twisted-23.8.0/src/twisted/test/test_defer.py": [
100,
1625,
1646,
1704,
2011,
2025,
2039,
2047
],
"project:twisted-23.8.0/src/twisted/test/test_failure.py": [
34,
50,
65,
93,
630,
652,
670,
918,
946,
973,
1004,
1006,
1024,
1032
],
"project:twisted-23.8.0/src/twisted/test/test_fdesc.py": [
226
],
"project:twisted-23.8.0/src/twisted/test/test_ftp.py": [
3072
],
"project:twisted-23.8.0/src/twisted/test/test_internet.py": [
742,
770,
788,
875
],
"project:twisted-23.8.0/src/twisted/test/test_log.py": [
73,
86
],
"project:twisted-23.8.0/src/twisted/test/test_process.py": [
615
],
"project:twisted-23.8.0/src/twisted/test/test_sip.py": [
16
],
"project:twisted-23.8.0/src/twisted/test/test_threads.py": [
111
],
"project:twisted-23.8.0/src/twisted/test/test_usage.py": [
609
],
"project:twisted-23.8.0/src/twisted/trial/_asynctest.py": [
218,
232
],
"project:twisted-23.8.0/src/twisted/trial/_dist/test/test_matchers.py": [
177
],
"project:twisted-23.8.0/src/twisted/trial/_dist/worker.py": [
119
],
"project:twisted-23.8.0/src/twisted/trial/_synctest.py": [
168,
1069,
1394,
1448
],
"project:twisted-23.8.0/src/twisted/trial/reporter.py": [
889
],
"project:twisted-23.8.0/src/twisted/trial/runner.py": [
617,
633,
712,
731
],
"project:twisted-23.8.0/src/twisted/trial/test/pyunitcases.py": [
107
],
"project:twisted-23.8.0/src/twisted/trial/test/test_reporter.py": [
1437
],
"project:twisted-23.8.0/src/twisted/trial/test/test_script.py": [
709
],
"project:twisted-23.8.0/src/twisted/trial/test/test_util.py": [
472
],
"project:twisted-23.8.0/src/twisted/trial/util.py": [
256
],
"project:twisted-23.8.0/src/twisted/web/_auth/wrapper.py": [
126
],
"project:twisted-23.8.0/src/twisted/web/_newclient.py": [
195,
556,
855,
1604,
1652
],
"project:twisted-23.8.0/src/twisted/web/client.py": [
832
],
"project:twisted-23.8.0/src/twisted/web/html.py": [
53
],
"project:twisted-23.8.0/src/twisted/web/http.py": [
1629,
1644,
1660
],
"project:twisted-23.8.0/src/twisted/web/script.py": [
186
],
"project:twisted-23.8.0/src/twisted/web/server.py": [
228
],
"project:twisted-23.8.0/src/twisted/web/test/test_http.py": [
1130,
1466
],
"project:twisted-23.8.0/src/twisted/web/test/test_util.py": [
141,
332
],
"project:twisted-23.8.0/src/twisted/web/test/test_wsgi.py": [
50,
337,
1736
],
"project:twisted-23.8.0/src/twisted/web/twcgi.py": [
286
],
"project:twisted-23.8.0/src/twisted/web/wsgi.py": [
508
],
"project:twisted-23.8.0/src/twisted/web/xmlrpc.py": [
453,
550,
558
],
"project:twisted-23.8.0/src/twisted/words/im/ircsupport.py": [
113,
179,
209
],
"project:twisted-23.8.0/src/twisted/words/protocols/irc.py": [
453,
2717,
2883,
2891,
2903
],
"project:twisted-23.8.0/src/twisted/words/xish/utility.py": [
105
]
}
