{
'project:buildbot-0.8.6p1/buildbot/changes/bonsaipoller.py':[
56,
],
'project:buildbot-0.8.6p1/buildbot/sourcestamp.py':[
293,
],
'project:buildbot-0.8.6p1/buildbot/status/web/base.py':[
580,
],
'project:twisted-12.1.0/doc/core/examples/mouse.py':[
31,
],
'project:twisted-12.1.0/doc/historic/2003/pycon/deferex/deferex-complex-raise.py':[
7,
],
'project:twisted-12.1.0/doc/historic/2003/pycon/deferex/deferex-simple-raise.py':[
3,
],
'project:twisted-12.1.0/twisted/mail/imap4.py':[
2682,
],
'project:twisted-12.1.0/twisted/manhole/service.py':[
340,
],
'project:twisted-12.1.0/twisted/web/test/test_web.py':[
595,
],
'project:twisted-12.1.0/twisted/web/twcgi.py':[
36,
],
'project:twisted-12.1.0/twisted/words/protocols/irc.py':[
1761,
],
}
