{
'project:buildbot-0.8.6p1/buildbot/status/web/hooks/__init__.py':[
0,
],
'project:mypy-0.782/test-data/packages/modulefinder-site-packages/foo/bar.py':[
0,
],
'project:mypy-0.782/test-data/packages/modulefinder-site-packages/ns_pkg_typed/a.py':[
0,
],
'project:mypy-0.782/test-data/packages/modulefinder-site-packages/ns_pkg_typed/b/c.py':[
0,
],
'project:mypy-0.782/test-data/packages/modulefinder-site-packages/ns_pkg_untyped/a.py':[
0,
],
'project:mypy-0.782/test-data/packages/modulefinder-site-packages/ns_pkg_untyped/b/c.py':[
0,
],
'project:mypy-0.782/test-data/packages/modulefinder-site-packages/pkg_typed/__init__.py':[
0,
],
'project:mypy-0.782/test-data/packages/modulefinder-site-packages/pkg_typed/a.py':[
0,
],
'project:mypy-0.782/test-data/packages/modulefinder-site-packages/pkg_typed/b/__init__.py':[
0,
],
'project:mypy-0.782/test-data/packages/modulefinder-site-packages/pkg_typed/b/c.py':[
0,
],
'project:mypy-0.782/test-data/packages/modulefinder-site-packages/pkg_untyped/__init__.py':[
0,
],
'project:mypy-0.782/test-data/packages/modulefinder-site-packages/pkg_untyped/a.py':[
0,
],
'project:mypy-0.782/test-data/packages/modulefinder-site-packages/pkg_untyped/b/__init__.py':[
0,
],
'project:mypy-0.782/test-data/packages/modulefinder-site-packages/pkg_untyped/b/c.py':[
0,
],
'project:mypy-0.782/test-data/packages/modulefinder-site-packages/standalone.py':[
0,
],
}
