{
"project:django-4.2.5/tests/admin_autodiscover/models.py": [
4
],
"project:django-4.2.5/tests/admin_changelist/models.py": [
7,
12,
16,
22,
26,
48,
53,
67,
72,
78,
88,
92,
106,
119,
123
],
"project:django-4.2.5/tests/admin_changelist/tests.py": [
1315,
1321,
1391,
1397
],
"project:django-4.2.5/tests/admin_checks/models.py": [
10,
30,
36,
40,
47,
53,
57,
61
],
"project:django-4.2.5/tests/admin_custom_urls/models.py": [
53,
69
],
"project:django-4.2.5/tests/admin_docs/models.py": [
9,
13,
17,
21
],
"project:django-4.2.5/tests/admin_filters/models.py": [
48
],
"project:django-4.2.5/tests/admin_inlines/models.py": [
45,
51,
68,
74,
78,
87,
91,
96,
100,
108,
112,
124,
139,
143,
151,
162,
166,
170,
177,
185,
189,
200,
204,
212,
221,
226,
238,
242,
247,
252,
260,
265,
274,
284,
292,
300,
306,
310,
325,
346,
350,
354,
358
],
"project:django-4.2.5/tests/admin_ordering/models.py": [
5,
14
],
"project:django-4.2.5/tests/admin_registration/models.py": [
8
],
"project:django-4.2.5/tests/admin_scripts/another_app_waiting_migration/models.py": [
4
],
"project:django-4.2.5/tests/admin_scripts/app_raising_messages/models.py": [
5
],
"project:django-4.2.5/tests/admin_scripts/app_raising_warning/models.py": [
5
],
"project:django-4.2.5/tests/admin_scripts/app_waiting_migration/models.py": [
4
],
"project:django-4.2.5/tests/admin_scripts/app_with_import/models.py": [
7
],
"project:django-4.2.5/tests/admin_scripts/complex_app/models/bar.py": [
4
],
"project:django-4.2.5/tests/admin_scripts/complex_app/models/foo.py": [
4
],
"project:django-4.2.5/tests/admin_utils/models.py": [
51,
55,
59,
67,
71
],
"project:django-4.2.5/tests/admin_views/models.py": [
120,
124,
240,
322,
340,
348,
372,
384,
388,
408,
412,
425,
429,
434,
440,
446,
452,
476,
483,
489,
495,
623,
643,
663,
676,
715,
720,
748,
753,
766,
771,
776,
782,
787,
800,
805,
814,
819,
831,
843,
857,
867,
876,
883,
889,
895,
903,
914,
938,
942,
946,
950,
954,
962,
970,
977,
981,
995,
999,
1003,
1013,
1017,
1022,
1028,
1034,
1038,
1043,
1049,
1061,
1067,
1071,
1083,
1089,
1093,
1126
],
"project:django-4.2.5/tests/admin_widgets/models.py": [
33,
47,
82,
107,
136,
144,
149,
159,
173,
177
],
"project:django-4.2.5/tests/aggregation_regress/models.py": [
6,
12,
17,
24,
40,
47,
53,
61,
74,
78,
82,
87,
99,
110,
118,
129
],
"project:django-4.2.5/tests/annotations/models.py": [
4,
10,
15,
27,
39,
51,
58
],
"project:django-4.2.5/tests/app_loading/not_installed/models.py": [
4,
9,
16
],
"project:django-4.2.5/tests/apps/models.py": [
9,
13
],
"project:django-4.2.5/tests/apps/tests.py": [
341,
360,
370
],
"project:django-4.2.5/tests/async/models.py": [
5,
9,
14
],
"project:django-4.2.5/tests/auth_tests/models/minimal.py": [
4
],
"project:django-4.2.5/tests/auth_tests/models/proxy.py": [
5
],
"project:django-4.2.5/tests/auth_tests/models/with_foreign_key.py": [
5
],
"project:django-4.2.5/tests/auth_tests/models/with_many_to_many.py": [
5,
38
],
"project:django-4.2.5/tests/auth_tests/test_checks.py": [
205,
223,
234,
259,
301,
323,
343
],
"project:django-4.2.5/tests/auth_tests/test_validators.py": [
188
],
"project:django-4.2.5/tests/backends/base/app_unmigrated/models.py": [
4
],
"project:django-4.2.5/tests/backends/models.py": [
27,
35,
47,
56,
120,
125,
133,
141,
145,
149,
153
],
"project:django-4.2.5/tests/base/models.py": [
12
],
"project:django-4.2.5/tests/basic/models.py": [
22,
48
],
"project:django-4.2.5/tests/basic/tests.py": [
452,
460
],
"project:django-4.2.5/tests/bulk_create/models.py": [
14,
62,
66,
72,
77,
83,
87,
91,
95,
140
],
"project:django-4.2.5/tests/cache/models.py": [
10
],
"project:django-4.2.5/tests/check_framework/models.py": [
5
],
"project:django-4.2.5/tests/check_framework/test_model_checks.py": [
23,
27,
47,
51,
75,
80,
103,
108,
131,
136,
143,
161,
178,
182,
243,
248,
269,
274,
287,
308,
312,
375,
380,
403,
408,
441,
452,
461,
476,
485,
499,
529,
535,
542
],
"project:django-4.2.5/tests/check_framework/test_model_field_deprecation.py": [
13,
36,
59,
85
],
"project:django-4.2.5/tests/check_framework/test_multi_db.py": [
24,
35
],
"project:django-4.2.5/tests/check_framework/tests.py": [
316,
319,
322,
325
],
"project:django-4.2.5/tests/constraints/models.py": [
4,
31,
45,
60,
82,
120
],
"project:django-4.2.5/tests/constraints/tests.py": [
617
],
"project:django-4.2.5/tests/contenttypes_tests/models.py": [
9,
14,
21,
28,
35,
44,
72,
77,
87,
100,
109
],
"project:django-4.2.5/tests/contenttypes_tests/test_checks.py": [
17,
33,
54,
78,
96,
120,
131,
136,
142,
149,
159,
175,
184,
188,
206,
209,
217,
237,
242
],
"project:django-4.2.5/tests/contenttypes_tests/test_fields.py": [
14
],
"project:django-4.2.5/tests/contenttypes_tests/test_models.py": [
124
],
"project:django-4.2.5/tests/context_processors/models.py": [
4
],
"project:django-4.2.5/tests/custom_lookups/models.py": [
15,
19
],
"project:django-4.2.5/tests/custom_lookups/tests.py": [
186
],
"project:django-4.2.5/tests/custom_managers/models.py": [
124,
143,
172,
197,
201,
210
],
"project:django-4.2.5/tests/custom_pk/models.py": [
25,
33,
37,
41
],
"project:django-4.2.5/tests/datatypes/models.py": [
9,
22
],
"project:django-4.2.5/tests/dates/models.py": [
5,
13,
20
],
"project:django-4.2.5/tests/datetimes/models.py": [
25
],
"project:django-4.2.5/tests/db_functions/models.py": [
7,
14,
25,
32,
43,
48,
54
],
"project:django-4.2.5/tests/defer/models.py": [
8,
49
],
"project:django-4.2.5/tests/defer_regress/models.py": [
8,
15,
24,
29,
38,
48,
53,
57,
61,
66,
71,
75,
79,
90
],
"project:django-4.2.5/tests/delete/models.py": [
6,
10,
19,
23,
27,
39,
89,
117,
125,
130,
135,
145,
149,
153,
157,
161,
165,
173,
177,
181,
185,
191,
198,
203,
207,
211,
215,
220,
226,
233,
240
],
"project:django-4.2.5/tests/delete_regress/models.py": [
6,
13,
18,
23,
28,
32,
37,
43,
48,
56,
66,
70,
78,
82,
86,
90,
104,
118,
122,
126,
135,
139,
144,
148
],
"project:django-4.2.5/tests/distinct_on_fields/models.py": [
34
],
"project:django-4.2.5/tests/empty/models.py": [
11
],
"project:django-4.2.5/tests/expressions/models.py": [
9,
61,
102,
106
],
"project:django-4.2.5/tests/expressions/tests.py": [
1294,
1314
],
"project:django-4.2.5/tests/expressions_case/models.py": [
9,
43,
48,
53
],
"project:django-4.2.5/tests/expressions_window/models.py": [
4,
8,
20,
27
],
"project:django-4.2.5/tests/extra_regress/models.py": [
8,
27
],
"project:django-4.2.5/tests/field_deconstruction/tests.py": [
540
],
"project:django-4.2.5/tests/field_subclassing/tests.py": [
15
],
"project:django-4.2.5/tests/file_storage/models.py": [
40
],
"project:django-4.2.5/tests/file_uploads/models.py": [
4
],
"project:django-4.2.5/tests/filtered_relation/models.py": [
6,
18,
22,
43,
47,
69,
91,
95,
99,
114
],
"project:django-4.2.5/tests/fixtures/models.py": [
127,
154,
164
],
"project:django-4.2.5/tests/fixtures_regress/models.py": [
18,
34,
38,
50,
54,
155,
200,
209,
218,
227,
236,
245,
254,
264,
268
],
"project:django-4.2.5/tests/force_insert_update/models.py": [
8,
26
],
"project:django-4.2.5/tests/foreign_object/models/article.py": [
83,
94,
104
],
"project:django-4.2.5/tests/foreign_object/models/customers.py": [
4,
14,
32
],
"project:django-4.2.5/tests/foreign_object/models/person.py": [
80
],
"project:django-4.2.5/tests/foreign_object/tests.py": [
529,
536,
552,
560
],
"project:django-4.2.5/tests/forms_tests/models.py": [
18,
22,
29,
90,
121,
135,
139
],
"project:django-4.2.5/tests/forms_tests/tests/tests.py": [
208,
331,
345,
353,
356
],
"project:django-4.2.5/tests/from_db_value/models.py": [
22
],
"project:django-4.2.5/tests/generic_inline_admin/models.py": [
6,
31,
35,
52
],
"project:django-4.2.5/tests/generic_relations/models.py": [
37,
107,
121,
126,
133,
139,
149
],
"project:django-4.2.5/tests/generic_relations/test_forms.py": [
210
],
"project:django-4.2.5/tests/generic_relations_regress/models.py": [
22,
33,
47,
57,
63,
69,
75,
80,
86,
93,
97,
102,
107,
114,
121,
130,
155,
162,
169,
176,
186,
192,
197
],
"project:django-4.2.5/tests/generic_views/models.py": [
58,
63
],
"project:django-4.2.5/tests/get_earliest_or_latest/models.py": [
4,
13,
19
],
"project:django-4.2.5/tests/get_object_or_404/models.py": [
16,
30
],
"project:django-4.2.5/tests/get_or_create/models.py": [
4,
11,
15,
20,
24,
28,
45,
49,
57
],
"project:django-4.2.5/tests/i18n/models.py": [
7,
11
],
"project:django-4.2.5/tests/indexes/models.py": [
20,
29,
43,
52
],
"project:django-4.2.5/tests/indexes/tests.py": [
86
],
"project:django-4.2.5/tests/inline_formsets/models.py": [
4,
8,
12
],
"project:django-4.2.5/tests/inspectdb/models.py": [
5,
10,
15,
20,
26,
34,
40,
54,
81,
95,
102,
109,
116,
131,
144
],
"project:django-4.2.5/tests/introspection/models.py": [
4,
9,
14,
19,
32,
50,
58,
77,
92,
107
],
"project:django-4.2.5/tests/invalid_models_tests/test_backend_specific.py": [
22
],
"project:django-4.2.5/tests/invalid_models_tests/test_custom_fields.py": [
14
],
"project:django-4.2.5/tests/invalid_models_tests/test_deprecated_fields.py": [
12,
30,
52,
73,
98
],
"project:django-4.2.5/tests/invalid_models_tests/test_models.py": [
36,
52,
68,
84,
100,
123,
142,
145,
163,
179,
198,
214,
225,
242,
261,
264,
281,
297,
316,
339,
342,
358,
381,
398,
430,
446,
478,
495,
514,
534,
560,
563,
579,
598,
608,
625,
641,
659,
678,
699,
702,
719,
752,
758,
780,
783,
860,
893,
908,
923,
944,
963,
969,
976,
993,
996,
1025,
1028,
1049,
1074,
1077,
1099,
1115,
1132,
1141,
1144,
1153,
1156,
1176,
1179,
1198,
1215,
1234,
1253,
1256,
1275,
1294,
1297,
1300,
1319,
1323,
1342,
1352,
1361,
1364,
1373,
1376,
1385,
1401,
1417,
1433,
1451,
1469,
1486,
1502,
1505,
1513,
1530,
1533,
1546,
1554,
1565,
1579,
1585,
1605,
1611,
1633,
1636,
1639,
1664,
1667,
1670,
1692,
1696,
1719,
1723,
1748,
1751,
1756,
1760,
1766,
1778,
1781,
1789,
1799,
1879,
1899,
1915,
1924,
1933,
1945,
1957,
1981,
1993,
2018,
2039,
2063,
2085,
2088,
2104,
2119,
2145,
2194,
2236,
2296,
2328,
2344,
2371,
2399,
2426,
2458,
2474,
2492,
2511,
2536,
2539,
2551,
2583,
2600,
2623,
2649,
2679,
2682,
2698,
2720,
2733,
2751,
2770,
2789,
2809,
2831,
2834
],
"project:django-4.2.5/tests/invalid_models_tests/test_ordinary_fields.py": [
18,
26,
47,
68,
77,
97,
111,
129,
145,
161,
177,
193,
211,
243,
249,
252,
271,
279,
287,
300,
320,
348,
360,
389,
405,
428,
450,
466,
481,
510,
555,
598,
619,
640,
661,
677,
687,
693,
700,
716,
737,
747,
767,
796,
822,
853,
911,
933,
949,
962,
989,
1009,
1015,
1024,
1033,
1052
],
"project:django-4.2.5/tests/invalid_models_tests/test_relative_fields.py": [
13,
17,
27,
50,
53,
60,
83,
86,
93,
96,
124,
141,
144,
147,
175,
178,
183,
214,
217,
220,
223,
243,
246,
249,
268,
271,
288,
291,
313,
317,
320,
327,
332,
368,
390,
408,
411,
427,
430,
451,
454,
475,
487,
508,
519,
526,
531,
562,
575,
605,
617,
631,
634,
654,
657,
674,
698,
704,
737,
740,
744,
802,
851,
868,
871,
901,
926,
929,
1001,
1004,
1007,
1029,
1032,
1069,
1072,
1077,
1102,
1105,
1109,
1155,
1158,
1161,
1184,
1188,
1196,
1247,
1250,
1253,
1366,
1369,
1372,
1396,
1431,
1453,
1474,
1510,
1524,
1546,
1567,
1606,
1613,
1773,
1825,
1839,
1842,
1847,
1883,
1886,
1893,
1931,
1934,
1939,
1963,
1971,
2002,
2011
],
"project:django-4.2.5/tests/known_related_objects/models.py": [
10,
14,
18,
24
],
"project:django-4.2.5/tests/lookup/models.py": [
19,
41,
80,
86,
91,
96,
102
],
"project:django-4.2.5/tests/lookup/tests.py": [
272
],
"project:django-4.2.5/tests/m2m_and_m2o/models.py": [
9,
25
],
"project:django-4.2.5/tests/m2m_intermediary/models.py": [
23,
28
],
"project:django-4.2.5/tests/m2m_recursive/models.py": [
32
],
"project:django-4.2.5/tests/m2m_regress/models.py": [
59,
68,
93
],
"project:django-4.2.5/tests/m2m_signals/models.py": [
4,
11,
24
],
"project:django-4.2.5/tests/m2m_through/models.py": [
7,
18,
66,
72,
80,
90,
97,
107,
114,
127,
136,
143,
155
],
"project:django-4.2.5/tests/m2m_through_regress/models.py": [
6,
13,
65,
76
],
"project:django-4.2.5/tests/managers_regress/tests.py": [
94,
110,
129,
185,
222,
259
],
"project:django-4.2.5/tests/many_to_many/models.py": [
59
],
"project:django-4.2.5/tests/many_to_one/models.py": [
30,
35,
54,
58,
63,
70,
77,
81,
86,
90,
94,
108,
126,
131
],
"project:django-4.2.5/tests/many_to_one_null/models.py": [
11,
26,
30
],
"project:django-4.2.5/tests/max_lengths/models.py": [
4,
11
],
"project:django-4.2.5/tests/messages_tests/models.py": [
4
],
"project:django-4.2.5/tests/migration_test_data_persistence/models.py": [
4,
8
],
"project:django-4.2.5/tests/migrations/migrations_test_apps/lookuperror_a/models.py": [
4,
8,
12,
17
],
"project:django-4.2.5/tests/migrations/migrations_test_apps/lookuperror_b/models.py": [
4,
8,
12
],
"project:django-4.2.5/tests/migrations/migrations_test_apps/lookuperror_c/models.py": [
4,
8,
12
],
"project:django-4.2.5/tests/migrations/migrations_test_apps/migrated_unapplied_app/models.py": [
4
],
"project:django-4.2.5/tests/migrations/migrations_test_apps/unmigrated_app/models.py": [
4
],
"project:django-4.2.5/tests/migrations/migrations_test_apps/unmigrated_app_simple/models.py": [
4
],
"project:django-4.2.5/tests/migrations/migrations_test_apps/unmigrated_app_syncdb/models.py": [
4,
8
],
"project:django-4.2.5/tests/migrations/models.py": [
9,
34,
42
],
"project:django-4.2.5/tests/migrations/test_commands.py": [
1297,
1301,
1796,
1822,
1864,
1888,
1942,
1962,
1978,
1993,
2100,
2122,
2197,
2471,
2506,
2523,
2545,
2579
],
"project:django-4.2.5/tests/migrations/test_state.py": [
44,
69,
81,
90,
95,
107,
234,
254,
299,
316,
325,
455,
480,
485,
533,
592,
596,
698,
708,
762,
767,
814,
920,
927,
934,
942,
1007,
1012,
1019,
1039,
1078,
1085,
1105,
1112,
1128,
1187,
1204,
1209,
1218,
1738,
1770,
1820,
1838,
1878,
1891
],
"project:django-4.2.5/tests/model_fields/models.py": [
19,
28,
33,
55,
63,
67,
71,
79,
83,
87,
91,
95,
99,
103,
107,
111,
115,
120,
124,
128,
132,
137,
141,
145,
151,
155,
159,
163,
170,
176,
180,
207,
217,
222,
229,
238,
269,
300,
315,
330,
369,
376,
388,
396,
436,
443,
447,
451,
455
],
"project:django-4.2.5/tests/model_fields/test_foreignkey.py": [
34,
37,
90,
107,
110,
117,
120,
123,
131,
134,
142,
148,
165
],
"project:django-4.2.5/tests/model_fields/test_manytomanyfield.py": [
40,
44,
73,
78,
81,
88
],
"project:django-4.2.5/tests/model_fields/tests.py": [
144,
216
],
"project:django-4.2.5/tests/model_forms/models.py": [
15,
77,
81,
105,
117,
124,
137,
156,
160,
228,
250,
259,
287,
365,
370,
387,
392,
433,
449,
455,
470,
476,
486,
497,
502,
509,
513,
518
],
"project:django-4.2.5/tests/model_forms/tests.py": [
3340
],
"project:django-4.2.5/tests/model_formsets/models.py": [
46,
79,
104,
175,
179,
186,
225,
230,
236,
241,
246,
250,
256,
261
],
"project:django-4.2.5/tests/model_formsets_regress/models.py": [
4,
9,
14,
19,
29,
35,
43,
48
],
"project:django-4.2.5/tests/model_indexes/models.py": [
4
],
"project:django-4.2.5/tests/model_indexes/tests.py": [
202
],
"project:django-4.2.5/tests/model_inheritance/models.py": [
49,
79,
83,
135,
159,
167
],
"project:django-4.2.5/tests/model_inheritance/test_abstract_inheritance.py": [
128,
157,
247,
282,
297,
360,
396
],
"project:django-4.2.5/tests/model_inheritance/tests.py": [
222,
240,
261,
283,
292,
303,
579
],
"project:django-4.2.5/tests/model_inheritance_regress/models.py": [
6,
53,
64,
72,
81,
93,
112,
139,
168,
187,
197
],
"project:django-4.2.5/tests/model_meta/models.py": [
6,
137,
166
],
"project:django-4.2.5/tests/model_options/models/default_related_name.py": [
4,
9,
14
],
"project:django-4.2.5/tests/model_options/models/tablespaces.py": [
11,
15,
24,
33
],
"project:django-4.2.5/tests/model_options/test_default_pk.py": [
22,
34,
45,
57,
65,
76,
82,
91,
99,
107,
116
],
"project:django-4.2.5/tests/model_package/models/article.py": [
4,
8
],
"project:django-4.2.5/tests/model_package/models/publication.py": [
4
],
"project:django-4.2.5/tests/model_package/tests.py": [
9
],
"project:django-4.2.5/tests/model_regress/models.py": [
4,
21,
27,
31,
35,
48,
53,
57,
61
],
"project:django-4.2.5/tests/model_regress/test_pickle.py": [
15,
35,
57
],
"project:django-4.2.5/tests/model_regress/tests.py": [
243
],
"project:django-4.2.5/tests/modeladmin/models.py": [
26,
37,
55
],
"project:django-4.2.5/tests/modeladmin/test_checks.py": [
570,
1194,
1205
],
"project:django-4.2.5/tests/modeladmin/tests.py": [
128,
131,
134,
137
],
"project:django-4.2.5/tests/multiple_database/models.py": [
68,
76
],
"project:django-4.2.5/tests/mutually_referential/models.py": [
10,
19
],
"project:django-4.2.5/tests/nested_foreign_keys/models.py": [
4,
8,
13,
25,
29
],
"project:django-4.2.5/tests/null_fk/models.py": [
8,
12,
17,
30,
41,
45,
49
],
"project:django-4.2.5/tests/null_fk_ordering/models.py": [
12,
16,
25,
29,
34,
39
],
"project:django-4.2.5/tests/null_queries/models.py": [
4,
8,
16,
20,
24
],
"project:django-4.2.5/tests/one_to_one/models.py": [
28,
33,
46,
51,
56,
70,
74,
78,
82,
86,
98,
108
],
"project:django-4.2.5/tests/order_with_respect_to/models.py": [
8,
37,
41,
45
],
"project:django-4.2.5/tests/order_with_respect_to/tests.py": [
20,
24
],
"project:django-4.2.5/tests/ordering/models.py": [
19,
27,
60,
67,
74,
81
],
"project:django-4.2.5/tests/postgres_tests/models.py": [
95,
99,
103,
107,
113,
118,
198,
202,
206
],
"project:django-4.2.5/tests/postgres_tests/test_constraints.py": [
1188
],
"project:django-4.2.5/tests/prefetch_related/models.py": [
31,
43,
53,
67,
88,
97,
136,
147,
180,
185,
199,
221,
233,
241,
265,
276,
281,
289,
303,
309
],
"project:django-4.2.5/tests/properties/models.py": [
10
],
"project:django-4.2.5/tests/proxy_model_inheritance/app2/models.py": [
4
],
"project:django-4.2.5/tests/proxy_model_inheritance/models.py": [
4
],
"project:django-4.2.5/tests/proxy_models/models.py": [
135
],
"project:django-4.2.5/tests/proxy_models/tests.py": [
155,
179,
183
],
"project:django-4.2.5/tests/queries/models.py": [
10,
68,
124,
164,
176,
180,
188,
195,
202,
233,
242,
249,
257,
265,
269,
291,
305,
309,
332,
336,
353,
473,
477,
491,
498,
508,
515,
519,
523,
528,
541,
561,
566,
571,
576,
589,
593,
598,
603,
608,
613,
617,
650,
678,
684,
689,
703,
709,
713,
717,
724,
729,
737,
744,
749,
756,
765,
778,
782,
786
],
"project:django-4.2.5/tests/queryset_pickle/models.py": [
31,
38,
43,
51,
59,
63,
78
],
"project:django-4.2.5/tests/raw_query/models.py": [
4,
20,
27,
33,
38,
42
],
"project:django-4.2.5/tests/resolve_url/models.py": [
8
],
"project:django-4.2.5/tests/reverse_lookup/models.py": [
10,
14,
19
],
"project:django-4.2.5/tests/schema/models.py": [
11,
21,
28,
35,
43,
51,
58,
65,
74,
84,
93,
103,
113,
124,
133,
141,
150,
158,
166,
174,
182,
203,
212
],
"project:django-4.2.5/tests/schema/tests.py": [
419,
478,
504,
558,
562,
584,
821,
942,
982,
1038,
1042,
1232,
1253,
1277,
1319,
1365,
1453,
1831,
1861,
1881,
1900,
1970,
1989,
2032,
2038,
2081,
2114,
2153,
2161,
2198,
2206,
2237,
2317,
2325,
2371,
2427,
2433,
2501,
2651,
2657,
2682,
2689,
3335,
3361,
3437,
3443,
3783,
3912,
3935,
4100,
4105,
4596,
4981,
4989,
5022,
5026,
5079,
5085,
5108,
5114,
5138,
5160
],
"project:django-4.2.5/tests/select_for_update/models.py": [
4,
16,
21,
36,
40,
46
],
"project:django-4.2.5/tests/select_related/models.py": [
17,
21,
26,
31,
36,
41,
46,
51,
59,
65,
69,
74,
84
],
"project:django-4.2.5/tests/select_related_onetoone/models.py": [
4,
9,
15,
19,
25,
34,
38,
43,
47,
70
],
"project:django-4.2.5/tests/select_related_regress/models.py": [
4,
8,
21,
40,
44,
48,
52,
56,
60,
68,
72,
77,
81,
94,
113
],
"project:django-4.2.5/tests/serializers/models/base.py": [
61,
112,
160,
174
],
"project:django-4.2.5/tests/serializers/models/data.py": [
16,
20,
24,
28,
32,
36,
40,
44,
48,
52,
56,
60,
68,
72,
76,
80,
84,
88,
92,
96,
100,
113,
124,
134,
141,
145,
149,
154,
158,
162,
166,
170,
174,
188,
192,
196,
200,
204,
208,
216,
220,
224,
232,
236,
240,
244,
248,
259,
263,
267,
275,
279,
316
],
"project:django-4.2.5/tests/serializers/models/multi_table.py": [
9
],
"project:django-4.2.5/tests/serializers/models/natural.py": [
12,
22,
48,
67
],
"project:django-4.2.5/tests/serializers/test_json.py": [
80
],
"project:django-4.2.5/tests/serializers/test_jsonl.py": [
67
],
"project:django-4.2.5/tests/servers/models.py": [
4
],
"project:django-4.2.5/tests/signals/models.py": [
15,
35
],
"project:django-4.2.5/tests/signals/tests.py": [
397,
451,
475,
515
],
"project:django-4.2.5/tests/sitemaps_tests/models.py": [
5,
13
],
"project:django-4.2.5/tests/sites_framework/tests.py": [
47,
62
],
"project:django-4.2.5/tests/str/tests.py": [
25
],
"project:django-4.2.5/tests/string_lookup/models.py": [
4,
9,
16,
20,
25,
29
],
"project:django-4.2.5/tests/swappable_models/models.py": [
4,
12
],
"project:django-4.2.5/tests/syndication_tests/models.py": [
19
],
"project:django-4.2.5/tests/test_runner/models.py": [
4,
11,
20
],
"project:django-4.2.5/tests/test_utils/models.py": [
4,
8,
14
],
"project:django-4.2.5/tests/test_utils/tests.py": [
2418,
2425,
2433,
2440,
2445,
2450
],
"project:django-4.2.5/tests/timezones/models.py": [
4,
8,
12,
16,
21,
26,
30
],
"project:django-4.2.5/tests/transaction_hooks/models.py": [
4
],
"project:django-4.2.5/tests/unmanaged_models/models.py": [
11,
19,
30,
44,
52,
64,
74,
92,
97,
102,
109,
119
],
"project:django-4.2.5/tests/update/models.py": [
9,
16,
21,
25,
30,
38,
42,
48
],
"project:django-4.2.5/tests/update_only_fields/models.py": [
4,
8,
35
],
"project:django-4.2.5/tests/utils_tests/models.py": [
4,
8
],
"project:django-4.2.5/tests/validation/models.py": [
15,
49,
55,
59,
74,
84,
99,
106,
116,
123,
130,
141,
150,
156,
166,
189,
207
],
"project:django-4.2.5/tests/validation/test_unique.py": [
71
],
"project:django-4.2.5/tests/view_tests/models.py": [
8
],
"project:django-cms-3.11.4/cms/models/apphooks_reload.py": [
6
],
"project:django-cms-3.11.4/cms/test_utils/project/extensionapp/models.py": [
28,
39
],
"project:django-cms-3.11.4/cms/test_utils/project/fakemlng/models.py": [
6,
9
],
"project:django-cms-3.11.4/cms/test_utils/project/mti_pluginapp/models.py": [
73
],
"project:django-cms-3.11.4/cms/test_utils/project/objectpermissionsapp/models.py": [
42
],
"project:django-cms-3.11.4/cms/test_utils/project/placeholderapp/models.py": [
60,
69
],
"project:django-cms-3.11.4/cms/test_utils/project/pluginapp/plugins/manytomany_rel/models.py": [
35,
39
],
"project:django-cms-3.11.4/cms/test_utils/project/sampleapp/models.py": [
23,
28,
36,
40,
44,
48
],
"project:django-cms-3.11.4/cms/tests/test_check.py": [
127
],
"project:django-cms-3.11.4/menus/models.py": [
20
]
}
