{
"project:numpy-1.16.4/numpy/core/tests/test_numeric.py": [
1160
],
"project:tensorflow/python/framework/ops.py": [
859
],
"project:twisted-12.1.0/twisted/persisted/crefutil.py": [
35
],
"project:twisted-12.1.0/twisted/test/test_failure.py": [
303,
314
],
"project:twisted-12.1.0/twisted/test/test_log.py": [
260,
266
],
"project:twisted-12.1.0/twisted/test/test_rebuild.py": [
29
]
}
