{
"project:django-4.2.5/tests/httpwrappers/tests.py": [
625
]
}
