{
"project:numpy-1.26.0/numpy/f2py/crackfortran.py": [
1517
]
}
