{
"project:biopython/Bio/Affy/CelFile.py": [
66,
67,
68,
69,
70,
71,
72,
73
],
"project:biopython/Bio/Align/bigbed.py": [
1094,
1154,
1155,
1166,
1320,
1321,
1322,
1323,
1324,
1349,
1434,
1435,
1436
],
"project:biopython/Bio/Graphics/GenomeDiagram/_CrossLink.py": [
34,
35
],
"project:biopython/Bio/PDB/internal_coords.py": [
454,
457,
460,
463,
467,
476,
481,
482,
494,
496,
828,
829,
832,
921,
954,
955,
999,
1003,
1113,
1114,
1115,
1116,
1117,
1120,
1121,
1122,
1123,
1172,
1175,
2088,
2090,
2382,
2393,
2603,
2604,
2731,
3376,
3403,
3404,
3405,
3406,
3431,
3434,
4620,
4621
],
"project:biopython/Bio/Restriction/PrintFormat.py": [
88,
89,
90,
91,
92,
93
],
"project:biopython/Bio/SCOP/__init__.py": [
193,
194,
782,
783,
784,
785
],
"project:biopython/Bio/SeqIO/UniprotIO.py": [
498
],
"project:biopython/Bio/SeqRecord.py": [
178,
179
],
"project:biopython/Bio/SeqUtils/IsoelectricPoint.py": [
91,
91
],
"project:biopython/BioSQL/Loader.py": [
54
],
"project:buildbot-0.8.6p1/buildbot/changes/bonsaipoller.py": [
95,
96,
97,
98,
99
],
"project:buildbot-0.8.6p1/buildbot/changes/changes.py": [
220
],
"project:buildbot-0.8.6p1/buildbot/clients/tryclient.py": [
407,
408
],
"project:buildbot-0.8.6p1/buildbot/config.py": [
56,
57,
58,
59,
60,
61,
62,
63,
64,
65,
67,
68,
69,
70,
71,
656,
659,
667
],
"project:buildbot-0.8.6p1/buildbot/locks.py": [
44,
166,
167
],
"project:buildbot-0.8.6p1/buildbot/master.py": [
50,
51
],
"project:buildbot-0.8.6p1/buildbot/monkeypatches/bug4881.py": [
121
],
"project:buildbot-0.8.6p1/buildbot/process/buildrequest.py": [
73
],
"project:buildbot-0.8.6p1/buildbot/scripts/checkconfig.py": [
23
],
"project:buildbot-0.8.6p1/buildbot/status/logfile.py": [
85,
193,
194,
195,
196,
199,
200,
201,
233,
234
],
"project:buildbot-0.8.6p1/buildbot/status/persistent_queue.py": [
84,
146,
151,
152,
155,
157,
158,
270,
273
],
"project:buildbot-0.8.6p1/buildbot/status/progress.py": [
36,
37,
38,
39,
134
],
"project:buildbot-0.8.6p1/buildbot/status/slave.py": [
33,
34
],
"project:buildbot-0.8.6p1/buildbot/status/web/authz.py": [
24,
48
],
"project:buildbot-0.8.6p1/buildbot/status/web/console.py": [
83
],
"project:buildbot-0.8.6p1/buildbot/status/words.py": [
72,
77,
78
],
"project:buildbot-0.8.6p1/buildbot/steps/blocker.py": [
355
],
"project:buildbot-0.8.6p1/buildbot/test/fake/remotecommand.py": [
33
],
"project:buildbot-0.8.6p1/buildbot/test/unit/test_process_botmaster_DuplicateSlaveArbitrator.py": [
32,
59,
60,
61,
90
],
"project:buildbot-0.8.6p1/buildbot/test/unit/test_process_build.py": [
53,
54,
55,
56,
57,
58
],
"project:buildbot-0.8.6p1/buildbot/test/unit/test_process_users_manual.py": [
36
],
"project:buildbot-0.8.6p1/buildbot/test/unit/test_schedulers_basic.py": [
46
],
"project:buildbot-0.8.6p1/buildbot/util/eventual.py": [
28
],
"project:buildbot-slave-0.8.6p1/buildslave/commands/base.py": [
134,
136
],
"project:buildbot-slave-0.8.6p1/buildslave/monkeypatches/bug4881.py": [
121
],
"project:buildbot-slave-0.8.6p1/buildslave/runprocess.py": [
212,
221,
222,
278,
279,
280,
318,
319,
322,
323,
324,
325,
332,
351,
353
],
"project:buildbot-slave-0.8.6p1/buildslave/test/fake/slavebuilder.py": [
28
],
"project:django-4.2.5/django/db/backends/base/base.py": [
56
],
"project:django-4.2.5/django/http/multipartparser.py": [
402
],
"project:django-4.2.5/tests/order_with_respect_to/base_tests.py": [
12,
13,
14
],
"project:django-cms-3.11.4/cms/test_utils/testcases.py": [
461
],
"project:numpy-1.26.0/numpy/core/tests/test_overrides.py": [
554,
560
],
"project:numpy-1.26.0/numpy/ma/timer_comparison.py": [
41
],
"project:numpy-1.26.0/numpy/random/tests/test_generator_mt19937.py": [
2528,
2529,
2530,
2531
],
"project:numpy-1.26.0/numpy/random/tests/test_random.py": [
1665,
1666,
1667,
1668
],
"project:numpy-1.26.0/numpy/random/tests/test_randomstate.py": [
1947,
1948,
1949,
1950
],
"project:numpy-1.26.0/vendored-meson/meson/mesonbuild/cmake/common.py": [
162
],
"project:numpy-1.26.0/vendored-meson/meson/mesonbuild/scripts/depfixer.py": [
44,
45,
46,
47,
48,
49,
51,
52,
53,
54,
55,
56,
57,
58
],
"project:pecos/pecos/xmc/base.py": [
522,
527,
532,
552,
561
],
"project:pecos/pecos/xmc/xtransformer/module.py": [
39,
42
],
"project:tensorflow/python/debug/lib/debug_service_pb2_grpc.py": [
37,
42,
47
],
"project:tensorflow/python/framework/test_util_test.py": [
1136,
1158
],
"project:tensorflow/python/tpu/profiler/profiler_analysis_pb2_grpc.py": [
38,
45,
52
],
"project:tensorflow/python/training/saver.py": [
100,
101,
104,
105
],
"project:twisted-23.8.0/docs/conch/howto/listings/echoclient_ssh.py": [
95
],
"project:twisted-23.8.0/docs/core/benchmarks/netstringreceiver.py": [
34,
35,
89
],
"project:twisted-23.8.0/docs/core/examples/dbcred.py": [
55,
56,
57,
61
],
"project:twisted-23.8.0/docs/core/examples/pbbenchclient.py": [
11,
24
],
"project:twisted-23.8.0/docs/core/examples/pbgtk2.py": [
19,
42
],
"project:twisted-23.8.0/docs/core/examples/threadedselect/blockingdemo.py": [
26
],
"project:twisted-23.8.0/docs/core/howto/listings/pb/copy2_classes.py": [
11,
12
],
"project:twisted-23.8.0/docs/core/howto/listings/pb/copy_sender.py": [
15
],
"project:twisted-23.8.0/docs/core/howto/listings/pb/pb2client.py": [
26
],
"project:twisted-23.8.0/src/twisted/_threads/_convenience.py": [
25
],
"project:twisted-23.8.0/src/twisted/_threads/_team.py": [
36,
37,
38,
90,
91,
95,
97,
98
],
"project:twisted-23.8.0/src/twisted/_threads/_threadworker.py": [
43
],
"project:twisted-23.8.0/src/twisted/application/app.py": [
38,
39,
158,
357,
358,
389,
478,
480,
481
],
"project:twisted-23.8.0/src/twisted/application/internet.py": [
453,
482,
483,
591,
594,
596,
597,
599,
601,
765,
797
],
"project:twisted-23.8.0/src/twisted/application/reactors.py": [
58,
59
],
"project:twisted-23.8.0/src/twisted/application/runner/_pidfile.py": [
113
],
"project:twisted-23.8.0/src/twisted/application/runner/_runner.py": [
60,
62,
63,
64,
67,
68,
69,
70
],
"project:twisted-23.8.0/src/twisted/application/service.py": [
356
],
"project:twisted-23.8.0/src/twisted/application/test/test_internet.py": [
72,
73,
74,
449,
450,
451
],
"project:twisted-23.8.0/src/twisted/conch/avatar.py": [
18,
19
],
"project:twisted-23.8.0/src/twisted/conch/checkers.py": [
159,
164,
196,
314,
528,
553
],
"project:twisted-23.8.0/src/twisted/conch/client/knownhosts.py": [
89,
90,
360
],
"project:twisted-23.8.0/src/twisted/conch/endpoints.py": [
768,
771
],
"project:twisted-23.8.0/src/twisted/conch/insults/window.py": [
28,
29,
30,
31,
32
],
"project:twisted-23.8.0/src/twisted/conch/manhole.py": [
280,
290
],
"project:twisted-23.8.0/src/twisted/conch/manhole_ssh.py": [
40,
113,
114,
116,
117
],
"project:twisted-23.8.0/src/twisted/conch/manhole_tap.py": [
42,
43,
44
],
"project:twisted-23.8.0/src/twisted/conch/mixin.py": [
22
],
"project:twisted-23.8.0/src/twisted/conch/recvline.py": [
38,
89,
90,
323
],
"project:twisted-23.8.0/src/twisted/conch/scripts/conch.py": [
285
],
"project:twisted-23.8.0/src/twisted/conch/ssh/_kex.py": [
77,
87,
104,
115,
126,
137,
148,
159
],
"project:twisted-23.8.0/src/twisted/conch/ssh/filetransfer.py": [
930
],
"project:twisted-23.8.0/src/twisted/conch/ssh/keys.py": [
870
],
"project:twisted-23.8.0/src/twisted/conch/ssh/service.py": [
20
],
"project:twisted-23.8.0/src/twisted/conch/ssh/transport.py": [
95,
110,
120,
121,
122,
123,
124,
125,
126,
127,
128
],
"project:twisted-23.8.0/src/twisted/conch/telnet.py": [
427
],
"project:twisted-23.8.0/src/twisted/conch/test/test_cftp.py": [
328,
764
],
"project:twisted-23.8.0/src/twisted/conch/test/test_conch.py": [
92,
366,
368,
371,
372,
374,
375
],
"project:twisted-23.8.0/src/twisted/conch/test/test_endpoints.py": [
159,
294,
303,
304
],
"project:twisted-23.8.0/src/twisted/conch/test/test_insults.py": [
156
],
"project:twisted-23.8.0/src/twisted/conch/test/test_knownhosts.py": [
1133,
1134,
1135
],
"project:twisted-23.8.0/src/twisted/conch/test/test_manhole.py": [
150
],
"project:twisted-23.8.0/src/twisted/conch/test/test_recvline.py": [
647,
717
],
"project:twisted-23.8.0/src/twisted/conch/test/test_session.py": [
106,
114,
126,
138,
146,
148,
151,
160,
166,
329
],
"project:twisted-23.8.0/src/twisted/conch/test/test_ssh.py": [
54,
151,
153,
157,
158,
197,
326,
410
],
"project:twisted-23.8.0/src/twisted/conch/test/test_telnet.py": [
22,
23,
30,
31,
32,
33
],
"project:twisted-23.8.0/src/twisted/conch/test/test_transport.py": [
156,
157,
158,
159,
160,
161,
162,
163,
164,
165,
166,
428,
429,
437,
438,
446,
447,
455,
456
],
"project:twisted-23.8.0/src/twisted/conch/test/test_unix.py": [
41
],
"project:twisted-23.8.0/src/twisted/conch/test/test_userauth.py": [
191,
206,
225
],
"project:twisted-23.8.0/src/twisted/conch/ui/ansi.py": [
75,
75,
76,
76
],
"project:twisted-23.8.0/src/twisted/conch/unix.py": [
190,
220,
256
],
"project:twisted-23.8.0/src/twisted/cred/checkers.py": [
75,
105,
171,
172,
223,
230
],
"project:twisted-23.8.0/src/twisted/cred/credentials.py": [
232,
233,
507,
509
],
"project:twisted-23.8.0/src/twisted/cred/strcred.py": [
145,
146
],
"project:twisted-23.8.0/src/twisted/cred/test/test_cred.py": [
46,
47,
357,
358,
364
],
"project:twisted-23.8.0/src/twisted/enterprise/adbapi.py": [
157,
158,
162,
199,
231,
233
],
"project:twisted-23.8.0/src/twisted/internet/_baseprocess.py": [
26
],
"project:twisted-23.8.0/src/twisted/internet/_newtls.py": [
242,
255
],
"project:twisted-23.8.0/src/twisted/internet/_pollingfile.py": [
35,
36
],
"project:twisted-23.8.0/src/twisted/internet/_producer_helpers.py": [
93
],
"project:twisted-23.8.0/src/twisted/internet/_resolver.py": [
139,
209,
328
],
"project:twisted-23.8.0/src/twisted/internet/_signals.py": [
139,
140,
141,
185,
214,
215,
216
],
"project:twisted-23.8.0/src/twisted/internet/_sslverify.py": [
917,
1118,
1119,
1124,
1280,
1283,
1285,
1474,
1555,
1559,
1560,
1561,
1562,
1563,
1566,
1567,
1570,
1574,
1576,
1585,
1604,
1611,
1710,
1864,
1865,
1867,
1872,
1933
],
"project:twisted-23.8.0/src/twisted/internet/abstract.py": [
73,
74
],
"project:twisted-23.8.0/src/twisted/internet/address.py": [
77,
78
],
"project:twisted-23.8.0/src/twisted/internet/base.py": [
490,
529
],
"project:twisted-23.8.0/src/twisted/internet/defer.py": [
374
],
"project:twisted-23.8.0/src/twisted/internet/endpoints.py": [
452,
453,
454,
455,
592,
629,
644,
705,
788,
823,
827,
830,
833,
1123,
1174,
1176,
1218,
1258,
1286,
1300,
2175,
2176,
2197,
2198
],
"project:twisted-23.8.0/src/twisted/internet/inotify.py": [
141
],
"project:twisted-23.8.0/src/twisted/internet/process.py": [
552
],
"project:twisted-23.8.0/src/twisted/internet/protocol.py": [
35,
248,
690,
819
],
"project:twisted-23.8.0/src/twisted/internet/serialport.py": [
57
],
"project:twisted-23.8.0/src/twisted/internet/ssl.py": [
72,
142,
147
],
"project:twisted-23.8.0/src/twisted/internet/task.py": [
74,
76,
423,
486,
487,
599,
662,
686,
771
],
"project:twisted-23.8.0/src/twisted/internet/tcp.py": [
151,
200,
201,
399,
400,
464,
701,
713,
717,
958,
959
],
"project:twisted-23.8.0/src/twisted/internet/test/reactormixins.py": [
177,
178,
179,
180
],
"project:twisted-23.8.0/src/twisted/internet/test/test_base.py": [
41,
45,
47
],
"project:twisted-23.8.0/src/twisted/internet/test/test_endpoints.py": [
742,
869,
876,
877,
879
],
"project:twisted-23.8.0/src/twisted/internet/test/test_fdset.py": [
388
],
"project:twisted-23.8.0/src/twisted/internet/test/test_resolver.py": [
185
],
"project:twisted-23.8.0/src/twisted/internet/test/test_tcp.py": [
184,
327,
981,
985,
1509,
2071
],
"project:twisted-23.8.0/src/twisted/internet/test/test_testing.py": [
315
],
"project:twisted-23.8.0/src/twisted/internet/test/test_tls.py": [
52,
59,
101
],
"project:twisted-23.8.0/src/twisted/internet/test/test_udp_internals.py": [
34
],
"project:twisted-23.8.0/src/twisted/internet/test/test_unix.py": [
729,
801
],
"project:twisted-23.8.0/src/twisted/internet/test/test_win32events.py": [
45,
45,
45
],
"project:twisted-23.8.0/src/twisted/internet/testing.py": [
127,
195,
196,
198,
335,
367,
466,
469,
470,
471,
473,
476,
477,
478,
479,
480,
481,
482,
483,
760,
761
],
"project:twisted-23.8.0/src/twisted/internet/unix.py": [
69,
70,
73
],
"project:twisted-23.8.0/src/twisted/internet/win32eventreactor.py": [
333,
375
],
"project:twisted-23.8.0/src/twisted/logger/_file.py": [
37,
38
],
"project:twisted-23.8.0/src/twisted/logger/_filter.py": [
113,
114,
142
],
"project:twisted-23.8.0/src/twisted/logger/_global.py": [
87,
91,
107,
158
],
"project:twisted-23.8.0/src/twisted/logger/_legacy.py": [
37
],
"project:twisted-23.8.0/src/twisted/logger/_stdlib.py": [
67,
79
],
"project:twisted-23.8.0/src/twisted/logger/test/test_stdlib.py": [
46,
48,
51,
54
],
"project:twisted-23.8.0/src/twisted/mail/_cred.py": [
37
],
"project:twisted-23.8.0/src/twisted/mail/alias.py": [
398,
399,
415
],
"project:twisted-23.8.0/src/twisted/mail/imap4.py": [
451,
489,
539,
5690,
5691,
5895,
5983,
5991
],
"project:twisted-23.8.0/src/twisted/mail/mail.py": [
425
],
"project:twisted-23.8.0/src/twisted/mail/maildir.py": [
355,
881
],
"project:twisted-23.8.0/src/twisted/mail/pop3.py": [
111,
180,
200
],
"project:twisted-23.8.0/src/twisted/mail/protocols.py": [
35
],
"project:twisted-23.8.0/src/twisted/mail/relaymanager.py": [
507,
701,
702,
705,
706,
919,
920,
932
],
"project:twisted-23.8.0/src/twisted/mail/scripts/mailmail.py": [
217,
218,
219,
220,
228
],
"project:twisted-23.8.0/src/twisted/mail/test/test_imap.py": [
1564,
1570,
1571,
1652,
1658,
1659,
1865,
1866,
3439,
3452,
3461,
3729,
4562
],
"project:twisted-23.8.0/src/twisted/mail/test/test_mail.py": [
854,
1541
],
"project:twisted-23.8.0/src/twisted/mail/test/test_options.py": [
138
],
"project:twisted-23.8.0/src/twisted/mail/test/test_pop3.py": [
864,
865,
1070,
1085,
1092
],
"project:twisted-23.8.0/src/twisted/mail/test/test_pop3client.py": [
461,
462
],
"project:twisted-23.8.0/src/twisted/mail/test/test_smtp.py": [
358,
359,
480,
504,
1171
],
"project:twisted-23.8.0/src/twisted/names/client.py": [
455
],
"project:twisted-23.8.0/src/twisted/names/common.py": [
53
],
"project:twisted-23.8.0/src/twisted/names/dns.py": [
3107
],
"project:twisted-23.8.0/src/twisted/names/srvconnect.py": [
19,
52,
83,
84,
85,
86,
91
],
"project:twisted-23.8.0/src/twisted/names/test/test_dns.py": [
4851,
4852,
4853
],
"project:twisted-23.8.0/src/twisted/names/test/test_examples.py": [
38,
39,
42,
44,
60
],
"project:twisted-23.8.0/src/twisted/names/test/test_rootresolve.py": [
596
],
"project:twisted-23.8.0/src/twisted/names/test/test_util.py": [
41,
42,
43
],
"project:twisted-23.8.0/src/twisted/pair/test/test_tuntap.py": [
102,
103,
158,
159,
244,
245
],
"project:twisted-23.8.0/src/twisted/pair/testing.py": [
168,
187,
188,
189,
191,
192,
193,
329
],
"project:twisted-23.8.0/src/twisted/persisted/aot.py": [
99,
306
],
"project:twisted-23.8.0/src/twisted/persisted/crefutil.py": [
25
],
"project:twisted-23.8.0/src/twisted/persisted/dirdbm.py": [
50
],
"project:twisted-23.8.0/src/twisted/persisted/styles.py": [
304,
305
],
"project:twisted-23.8.0/src/twisted/plugin.py": [
65,
87
],
"project:twisted-23.8.0/src/twisted/plugins/cred_anonymous.py": [
29,
30,
31,
32
],
"project:twisted-23.8.0/src/twisted/plugins/cred_file.py": [
35,
36,
37,
39,
41
],
"project:twisted-23.8.0/src/twisted/plugins/cred_memory.py": [
40,
41,
42,
43
],
"project:twisted-23.8.0/src/twisted/plugins/cred_sshkeys.py": [
31,
32,
33,
34
],
"project:twisted-23.8.0/src/twisted/plugins/cred_unix.py": [
65,
170,
171,
172,
173
],
"project:twisted-23.8.0/src/twisted/plugins/twisted_trial.py": [
13,
14
],
"project:twisted-23.8.0/src/twisted/positioning/_sentence.py": [
47
],
"project:twisted-23.8.0/src/twisted/positioning/base.py": [
782,
783
],
"project:twisted-23.8.0/src/twisted/positioning/nmea.py": [
441,
453,
779
],
"project:twisted-23.8.0/src/twisted/positioning/test/test_nmea.py": [
55,
517
],
"project:twisted-23.8.0/src/twisted/positioning/test/test_sentence.py": [
89,
90
],
"project:twisted-23.8.0/src/twisted/protocols/amp.py": [
787,
788,
790,
1206,
2211,
2212,
2213
],
"project:twisted-23.8.0/src/twisted/protocols/basic.py": [
859
],
"project:twisted-23.8.0/src/twisted/protocols/ftp.py": [
659,
660,
683,
1847,
2083,
2187,
2208,
2320
],
"project:twisted-23.8.0/src/twisted/protocols/htb.py": [
61,
62,
132,
133,
137,
138,
287
],
"project:twisted-23.8.0/src/twisted/protocols/loopback.py": [
31,
94,
277,
283
],
"project:twisted-23.8.0/src/twisted/protocols/pcp.py": [
29,
30,
31
],
"project:twisted-23.8.0/src/twisted/protocols/policies.py": [
632,
634
],
"project:twisted-23.8.0/src/twisted/protocols/sip.py": [
195,
196,
209,
854,
855
],
"project:twisted-23.8.0/src/twisted/protocols/test/test_basic.py": [
559
],
"project:twisted-23.8.0/src/twisted/protocols/test/test_tls.py": [
159
],
"project:twisted-23.8.0/src/twisted/protocols/tls.py": [
73,
635
],
"project:twisted-23.8.0/src/twisted/python/_shellcomp.py": [
169,
282,
286,
287,
288,
289,
322,
323,
328,
333,
338
],
"project:twisted-23.8.0/src/twisted/python/components.py": [
155,
156,
190,
193,
363,
364,
396,
397
],
"project:twisted-23.8.0/src/twisted/python/fakepwd.py": [
64,
65
],
"project:twisted-23.8.0/src/twisted/python/formmethod.py": [
35,
41,
45,
46,
424,
441
],
"project:twisted-23.8.0/src/twisted/python/htmlizer.py": [
22,
22,
23,
77
],
"project:twisted-23.8.0/src/twisted/python/log.py": [
170,
171,
172,
180,
181,
603
],
"project:twisted-23.8.0/src/twisted/python/logfile.py": [
47
],
"project:twisted-23.8.0/src/twisted/python/modules.py": [
265,
267,
606,
607,
608,
609,
610,
611
],
"project:twisted-23.8.0/src/twisted/python/monkey.py": [
15
],
"project:twisted-23.8.0/src/twisted/python/randbytes.py": [
41
],
"project:twisted-23.8.0/src/twisted/python/rebuild.py": [
34
],
"project:twisted-23.8.0/src/twisted/python/roots.py": [
32
],
"project:twisted-23.8.0/src/twisted/python/test/test_components.py": [
94,
591
],
"project:twisted-23.8.0/src/twisted/python/test/test_deprecate.py": [
742
],
"project:twisted-23.8.0/src/twisted/python/threadpool.py": [
47,
48
],
"project:twisted-23.8.0/src/twisted/python/usage.py": [
870,
871,
872,
873
],
"project:twisted-23.8.0/src/twisted/python/util.py": [
612,
644
],
"project:twisted-23.8.0/src/twisted/python/win32.py": [
113,
114,
115
],
"project:twisted-23.8.0/src/twisted/python/zipstream.py": [
95
],
"project:twisted-23.8.0/src/twisted/runner/inetdconf.py": [
47,
48,
106,
112
],
"project:twisted-23.8.0/src/twisted/runner/test/test_procmon.py": [
30,
55,
56,
77
],
"project:twisted-23.8.0/src/twisted/scripts/trial.py": [
173,
197,
222
],
"project:twisted-23.8.0/src/twisted/spread/jelly.py": [
366,
623,
625,
951,
970,
988,
989
],
"project:twisted-23.8.0/src/twisted/spread/test/test_pb.py": [
74,
75,
1243,
1245,
1845
],
"project:twisted-23.8.0/src/twisted/spread/test/test_pbfailure.py": [
398
],
"project:twisted-23.8.0/src/twisted/spread/util.py": [
33,
68,
69,
98,
99,
102
],
"project:twisted-23.8.0/src/twisted/test/iosim.py": [
30,
32,
67,
69,
90,
95,
98,
290,
291
],
"project:twisted-23.8.0/src/twisted/test/ssl_helpers.py": [
43
],
"project:twisted-23.8.0/src/twisted/test/test_adbapi.py": [
638
],
"project:twisted-23.8.0/src/twisted/test/test_amp.py": [
549,
550,
551,
1897,
2273,
2275,
2279,
2281
],
"project:twisted-23.8.0/src/twisted/test/test_application.py": [
36,
316
],
"project:twisted-23.8.0/src/twisted/test/test_ftp.py": [
1337,
1469,
3611,
3729
],
"project:twisted-23.8.0/src/twisted/test/test_log.py": [
336
],
"project:twisted-23.8.0/src/twisted/test/test_loopback.py": [
261,
298
],
"project:twisted-23.8.0/src/twisted/test/test_pcp.py": [
246
],
"project:twisted-23.8.0/src/twisted/test/test_persisted.py": [
231
],
"project:twisted-23.8.0/src/twisted/test/test_process.py": [
974,
1287,
1290,
1291,
1292,
1296,
1297,
1305,
1313,
1314
],
"project:twisted-23.8.0/src/twisted/test/test_rebuild.py": [
41
],
"project:twisted-23.8.0/src/twisted/test/test_reflect.py": [
364,
365
],
"project:twisted-23.8.0/src/twisted/test/test_ssl.py": [
236,
236,
239,
239
],
"project:twisted-23.8.0/src/twisted/test/test_sslverify.py": [
483,
484,
485,
490,
499,
516,
521,
541,
544,
655,
655,
656,
656,
662,
662,
665,
665,
668,
669,
670,
671,
1362,
2780,
2918,
2919,
2920,
3016,
3017,
3018
],
"project:twisted-23.8.0/src/twisted/test/test_task.py": [
1000,
1002,
1003,
1004
],
"project:twisted-23.8.0/src/twisted/test/test_tcp.py": [
119,
121,
122,
127
],
"project:twisted-23.8.0/src/twisted/test/test_threadpool.py": [
647
],
"project:twisted-23.8.0/src/twisted/test/test_twistd.py": [
209,
211,
586,
740,
1073,
1074
],
"project:twisted-23.8.0/src/twisted/test/test_udp.py": [
24
],
"project:twisted-23.8.0/src/twisted/test/testutils.py": [
30,
31
],
"project:twisted-23.8.0/src/twisted/trial/_dist/disttrial.py": [
92,
93,
94,
95,
118,
119,
120,
122,
305,
310,
311,
312,
313,
322,
323,
324,
326,
327
],
"project:twisted-23.8.0/src/twisted/trial/_dist/test/test_disttrial.py": [
823,
848
],
"project:twisted-23.8.0/src/twisted/trial/_dist/test/test_worker.py": [
317
],
"project:twisted-23.8.0/src/twisted/trial/_synctest.py": [
298,
300,
302
],
"project:twisted-23.8.0/src/twisted/trial/reporter.py": [
927,
996
],
"project:twisted-23.8.0/src/twisted/trial/runner.py": [
322,
413,
414,
416,
552,
570,
715,
891,
896,
897,
898,
899,
900,
902
],
"project:twisted-23.8.0/src/twisted/trial/test/erroneous.py": [
81
],
"project:twisted-23.8.0/src/twisted/trial/test/test_reporter.py": [
45,
1562,
1618
],
"project:twisted-23.8.0/src/twisted/trial/test/test_runner.py": [
49,
56,
763
],
"project:twisted-23.8.0/src/twisted/trial/test/test_tests.py": [
778,
780,
1257,
1258,
1259
],
"project:twisted-23.8.0/src/twisted/trial/test/test_util.py": [
142,
144
],
"project:twisted-23.8.0/src/twisted/trial/util.py": [
149
],
"project:twisted-23.8.0/src/twisted/web/_auth/basic.py": [
35
],
"project:twisted-23.8.0/src/twisted/web/_auth/wrapper.py": [
33,
36,
91,
106
],
"project:twisted-23.8.0/src/twisted/web/_http2.py": [
929,
936,
937,
938,
1200
],
"project:twisted-23.8.0/src/twisted/web/_newclient.py": [
692,
694,
1104,
1105,
1128,
1131,
1160,
1224,
1265
],
"project:twisted-23.8.0/src/twisted/web/_stan.py": [
68,
76,
95,
125,
133,
141
],
"project:twisted-23.8.0/src/twisted/web/_template_util.py": [
901
],
"project:twisted-23.8.0/src/twisted/web/client.py": [
339,
405,
407,
489,
533,
535,
658,
659,
751,
752,
753,
969,
970,
971,
1325,
1547,
1553,
1562,
1565
],
"project:twisted-23.8.0/src/twisted/web/http.py": [
820,
822,
824,
828,
849,
1070,
1763,
1764,
1765,
1920,
1921
],
"project:twisted-23.8.0/src/twisted/web/http_headers.py": [
74
],
"project:twisted-23.8.0/src/twisted/web/microdom.py": [
150,
153,
154
],
"project:twisted-23.8.0/src/twisted/web/resource.py": [
118,
128
],
"project:twisted-23.8.0/src/twisted/web/script.py": [
40
],
"project:twisted-23.8.0/src/twisted/web/server.py": [
613,
614,
648,
678,
679,
680
],
"project:twisted-23.8.0/src/twisted/web/static.py": [
702,
709
],
"project:twisted-23.8.0/src/twisted/web/test/requesthelper.py": [
214,
246,
248,
249,
250,
252,
367,
433
],
"project:twisted-23.8.0/src/twisted/web/test/test_agent.py": [
138,
421,
1455,
1456
],
"project:twisted-23.8.0/src/twisted/web/test/test_client.py": [
20
],
"project:twisted-23.8.0/src/twisted/web/test/test_http2.py": [
373
],
"project:twisted-23.8.0/src/twisted/web/test/test_httpauth.py": [
53,
310,
311,
312,
606
],
"project:twisted-23.8.0/src/twisted/web/test/test_proxy.py": [
119
],
"project:twisted-23.8.0/src/twisted/web/test/test_template.py": [
221,
227,
751
],
"project:twisted-23.8.0/src/twisted/web/test/test_web.py": [
1161
],
"project:twisted-23.8.0/src/twisted/web/test/test_wsgi.py": [
195
],
"project:twisted-23.8.0/src/twisted/web/wsgi.py": [
262,
550
],
"project:twisted-23.8.0/src/twisted/web/xmlrpc.py": [
520,
568,
569,
570
],
"project:twisted-23.8.0/src/twisted/words/im/basechat.py": [
39,
321,
324,
325
],
"project:twisted-23.8.0/src/twisted/words/im/basesupport.py": [
98,
109
],
"project:twisted-23.8.0/src/twisted/words/protocols/jabber/sasl_mechanisms.py": [
135
],
"project:twisted-23.8.0/src/twisted/words/service.py": [
130,
135,
1145,
1146
],
"project:twisted-23.8.0/src/twisted/words/test/test_basesupport.py": [
41
],
"project:twisted-23.8.0/src/twisted/words/test/test_jabbersasl.py": [
35
],
"project:twisted-23.8.0/src/twisted/words/test/test_xishutil.py": [
40
],
"project:twisted-23.8.0/src/twisted/words/xish/domish.py": [
45,
46,
422,
434,
437,
783,
784,
785,
793,
794,
795,
796
],
"project:twisted-23.8.0/src/twisted/words/xish/utility.py": [
164,
165,
166,
168
],
"project:twisted-23.8.0/src/twisted/words/xish/xpath.py": [
110,
130,
131,
192,
193,
280,
285
]
}
