{
"project:django-4.2.5/tests/httpwrappers/tests.py": [
355
],
"project:numpy-1.26.0/numpy/core/tests/test_multiarray.py": [
97
],
"project:numpy-1.26.0/numpy/core/tests/test_nditer.py": [
849
],
"project:numpy-1.26.0/numpy/core/tests/test_regression.py": [
1433
],
"project:numpy-1.26.0/numpy/f2py/cfuncs.py": [
58,
1251
],
"project:numpy-1.26.0/numpy/f2py/tests/test_array_from_pyobj.py": [
135,
136
],
"project:numpy-1.26.0/numpy/lib/index_tricks.py": [
191
],
"project:numpy-1.26.0/numpy/ma/tests/test_core.py": [
2024,
2029
],
"project:numpy-1.26.0/numpy/ma/timer_comparison.py": [
172,
174
],
"project:twisted-23.8.0/src/twisted/test/test_dirdbm.py": [
26
]
}
