{
'project:django-2.2.3/django/utils/functional.py':[
161,
],
'project:numpy-1.16.4/numpy/lib/_version.py':[
155,
],
}
