{
"project:tensorflow/python/autograph/tests/early_return_test.py": [
123,
125,
133,
134,
142
],
"project:twisted-23.8.0/src/twisted/internet/test/test_posixbase.py": [
55
]
}
