{
'project:biopython/Bio/PDB/PICIO.py':[
124,
125,
126,
140,
143,
143,
158,
159,
160,
161,
192,
193,
207,
207,
207,
211,
213,
214,
215,
216,
217,
218,
232,
232,
328,
329,
329,
],
'project:biopython/Bio/Phylo/PAML/_parse_baseml.py':[
30,
43,
119,
245,
259,
],
'project:biopython/Bio/Phylo/PAML/_parse_codeml.py':[
37,
42,
55,
64,
109,
137,
138,
182,
282,
309,
416,
417,
464,
],
'project:biopython/Bio/Phylo/PAML/_parse_yn00.py':[
43,
46,
77,
78,
125,
126,
],
'project:biopython/Bio/PopGen/GenePop/Controller.py':[
629,
630,
658,
659,
660,
661,
715,
746,
873,
],
'project:biopython/Bio/SearchIO/_legacy/NCBIStandalone.py':[
1354,
],
'project:biopython/Bio/motifs/jaspar/__init__.py':[
293,
294,
295,
299,
299,
310,
],
'project:biopython/Bio/motifs/pfm.py':[
359,
361,
361,
381,
],
'project:buildbot-0.8.6p1/buildbot/changes/mail.py':[
438,
438,
],
'project:buildbot-0.8.6p1/buildbot/clients/tryclient.py':[
126,
162,
183,
282,
283,
],
'project:buildbot-0.8.6p1/buildbot/monkeypatches/sqlalchemy2189.py':[
43,
44,
89,
90,
],
'project:buildbot-0.8.6p1/buildbot/status/web/change_hook.py':[
111,
112,
],
'project:buildbot-0.8.6p1/buildbot/status/web/hooks/github.py':[
119,
],
'project:buildbot-0.8.6p1/buildbot/status/web/status_json.py':[
295,
297,
298,
299,
307,
],
'project:buildbot-0.8.6p1/buildbot/steps/shell.py':[
275,
],
'project:buildbot-0.8.6p1/buildbot/steps/source/svn.py':[
357,
],
'project:buildbot-0.8.6p1/contrib/git_buildbot.py':[
161,
174,
279,
],
'project:buildbot-0.8.6p1/contrib/github_buildbot.py':[
81,
],
'project:buildbot-slave-0.8.6p1/buildslave/commands/hg.py':[
163,
164,
283,
],
'project:buildbot-slave-0.8.6p1/buildslave/commands/p4.py':[
68,
],
'project:django-2.2.3/django/contrib/gis/db/backends/base/features.py':[
96,
],
'project:django-2.2.3/django/db/backends/sqlite3/introspection.py':[
206,
206,
206,
],
'project:django-2.2.3/django/views/debug.py':[
375,
],
'project:django-2.2.3/django/views/static.py':[
127,
128,
],
'project:docker-compose-1.24.1/compose/service.py':[
1103,
],
'project:docker-compose-1.24.1/setup.py':[
28,
],
'project:mypy-0.782/mypy/config_parser.py':[
21,
21,
],
'project:mypy-0.782/mypy/fastparse.py':[
197,
],
'project:mypy-0.782/mypy/stubdoc.py':[
261,
263,
321,
355,
],
'project:mypy-0.782/mypy/stubutil.py':[
194,
],
'project:mypy-0.782/mypy/test/data.py':[
102,
104,
287,
432,
434,
436,
566,
],
'project:mypy-0.782/mypy/test/testcheck.py':[
118,
282,
],
'project:mypy-0.782/mypy/test/testcmdline.py':[
114,
],
'project:mypy-0.782/mypy/test/testfinegrained.py':[
197,
],
'project:mypy-0.782/mypy/test/testpep561.py':[
167,
],
'project:mypy-0.782/mypy/test/teststubgen.py':[
574,
587,
],
'project:mypy-0.782/mypyc/test/test_commandline.py':[
39,
],
'project:mypy-0.782/mypyc/test/testutil.py':[
168,
],
'project:mypy-0.782/scripts/find_type.py':[
47,
48,
49,
],
'project:mypy-0.782/test-data/stdlib-samples/3.2/test/support.py':[
1052,
1052,
],
'project:numpy-1.16.4/numpy/core/code_generators/genapi.py':[
174,
175,
],
'project:numpy-1.16.4/numpy/distutils/mingw32ccompiler.py':[
80,
],
'project:numpy-1.16.4/numpy/f2py/tests/util.py':[
217,
217,
218,
],
'project:tensorflow/python/compiler/tensorrt/test/tf_trt_integration_test_base.py':[
530,
],
'project:tensorflow/python/compiler/tensorrt/trt_convert_test.py':[
318,
],
'project:tensorflow/python/distribute/cluster_resolver/slurm_cluster_resolver.py':[
78,
79,
83,
101,
102,
],
'project:tensorflow/python/ops/special_math_ops.py':[
505,
506,
506,
],
'project:tensorflow/python/tools/optimize_for_inference_lib.py':[
157,
],
'project:tensorflow/python/tpu/tpu_embedding.py':[
2216,
2218,
],
'project:tensorflow/tools/ci_build/update_version.py':[
162,
164,
166,
168,
],
'project:tensorflow/tools/dockerfiles/assembler.py':[
608,
],
'project:tensorflow/tools/docs/py_guide_parser.py':[
67,
],
'project:tensorflow/tools/tensorflow_builder/config_detector/config_detector.py':[
318,
319,
509,
509,
509,
],
'project:tensorflow/tools/tensorflow_builder/config_detector/data/cuda_compute_capability.py':[
80,
82,
83,
83,
85,
85,
],
'project:tensorflow/tools/test/run_and_gather_logs_lib.py':[
148,
],
'project:tensorflow/tools/test/system_info_lib.py':[
91,
106,
],
'project:tornado-2.3/tornado/simple_httpclient.py':[
157,
158,
343,
],
'project:twisted-12.1.0/twisted/conch/test/test_filetransfer.py':[
673,
673,
],
}
