{
"project:mypy-1.5.1/mypy/test/data.py": [
312
],
"project:mypy-1.5.1/mypy/test/testfinegrained.py": [
76
],
"project:mypy-1.5.1/mypy/test/testipc.py": [
61
],
"project:mypy-1.5.1/mypy/test/testparse.py": [
82
],
"project:numpy-1.26.0/numpy/lib/tests/test__datasource.py": [
130,
146
]
}
