{
'project:buildbot-0.8.6p1/buildbot/__init__.py':[
36,
],
'project:buildbot-0.8.6p1/contrib/generate_changelog.py':[
63,
],
'project:buildbot-0.8.6p1/contrib/git_buildbot.py':[
118,
188,
222,
251,
],
'project:buildbot-0.8.6p1/contrib/svn_watcher.py':[
37,
],
'project:buildbot-slave-0.8.6p1/buildslave/__init__.py':[
36,
],
'project:buildbot-slave-0.8.6p1/buildslave/commands/repo.py':[
158,
166,
],
'project:buildbot-slave-0.8.6p1/buildslave/runprocess.py':[
774,
],
'project:django-1.4/django/bin/unique-messages.py':[
23,
],
'project:django-1.4/django/contrib/admin/static/admin/js/compress.py':[
42,
],
'project:django-1.4/django/core/management/commands/compilemessages.py':[
48,
],
'project:django-1.4/django/core/management/commands/makemessages.py':[
45,
],
'project:django-1.4/django/db/backends/mysql/client.py':[
37,
39,
],
'project:django-1.4/django/db/backends/oracle/client.py':[
13,
15,
],
'project:django-1.4/django/db/backends/postgresql_psycopg2/client.py':[
20,
22,
],
'project:django-1.4/django/db/backends/sqlite3/client.py':[
13,
15,
],
'project:django-1.4/django/utils/autoreload.py':[
105,
],
'project:django-1.4/tests/regressiontests/admin_scripts/tests.py':[
121,
],
'project:django-1.4/tests/regressiontests/i18n/commands/tests.py':[
36,
],
'project:django-1.4/tests/runtests.py':[
207,
212,
264,
],
'project:tornado-2.3/demos/appengine/markdown.py':[
1850,
],
'project:tornado-2.3/demos/benchmark/benchmark.py':[
71,
],
'project:tornado-2.3/demos/blog/markdown.py':[
1850,
],
'project:tornado-2.3/tornado/autoreload.py':[
202,
206,
219,
],
'project:tornado-2.3/tornado/test/run_pyversion_tests.py':[
33,
],
'project:twisted-12.1.0/twisted/conch/scripts/cftp.py':[
557,
565,
632,
],
'project:twisted-12.1.0/twisted/internet/process.py':[
460,
],
'project:twisted-12.1.0/twisted/internet/test/test_process.py':[
326,
328,
],
'project:twisted-12.1.0/twisted/lore/latex.py':[
180,
186,
192,
193,
198,
],
'project:twisted-12.1.0/twisted/python/_release.py':[
53,
],
'project:twisted-12.1.0/twisted/python/release.py':[
53,
],
'project:twisted-12.1.0/twisted/scripts/_twistd_unix.py':[
202,
],
'project:twisted-12.1.0/twisted/scripts/tap2deb.py':[
64,
69,
277,
],
'project:twisted-12.1.0/twisted/scripts/tap2rpm.py':[
306,
],
'project:twisted-12.1.0/twisted/scripts/test/test_scripts.py':[
50,
83,
112,
],
'project:twisted-12.1.0/twisted/scripts/tkunzip.py':[
227,
],
'project:twisted-12.1.0/twisted/test/test_fdesc.py':[
201,
],
}
