{
'project:buildbot-0.8.6p1/buildbot/steps/transfer.py':[
165,
],
'project:buildbot-slave-0.8.6p1/buildslave/commands/transfer.py':[
204,
],
'project:buildbot-slave-0.8.6p1/buildslave/test/unit/test_commands_transfer.py':[
326,
],
'project:django-2.2.3/django/utils/archive.py':[
146,
],
'project:twisted-12.1.0/twisted/scripts/tap2rpm.py':[
231,
],
}
