{
"project:buildbot-0.8.6p1/buildbot/util/__init__.py": [
182,
184
]
}
