{
"project:biopython/Bio/SearchIO/ExonerateIO/exonerate_text.py": [
30,
30,
34,
34
],
"project:buildbot-0.8.6p1/buildbot/changes/mail.py": [
212,
212,
214,
214
]
}
