{
'project:buildbot-0.8.6p1/buildbot/scripts/reconfig.py':[
44,
65,
],
'project:buildbot-0.8.6p1/buildbot/scripts/runner.py':[
576,
589,
],
'project:buildbot-slave-0.8.6p1/buildslave/runprocess.py':[
758,
],
'project:buildbot-slave-0.8.6p1/buildslave/scripts/runner.py':[
205,
218,
],
'project:buildbot-slave-0.8.6p1/buildslave/test/unit/runprocess-scripts.py':[
49,
],
'project:buildbot-slave-0.8.6p1/buildslave/test/unit/test_runprocess.py':[
328,
368,
376,
],
'project:tornado-2.3/tornado/test/process_test.py':[
32,
],
'project:twisted-12.1.0/twisted/conch/scripts/conch.py':[
402,
],
'project:twisted-12.1.0/twisted/conch/scripts/tkconch.py':[
536,
],
'project:twisted-12.1.0/twisted/internet/process.py':[
340,
],
'project:twisted-12.1.0/twisted/internet/test/reactormixins.py':[
274,
],
'project:twisted-12.1.0/twisted/internet/test/test_sigchld.py':[
141,
],
'project:twisted-12.1.0/twisted/python/lockfile.py':[
154,
],
'project:twisted-12.1.0/twisted/scripts/_twistd_unix.py':[
78,
],
'project:twisted-12.1.0/twisted/test/test_process.py':[
813,
825,
],
}
