{
"project:biopython/Bio/AlignIO/EmbossIO.py": [
20
],
"project:biopython/Bio/Graphics/GenomeDiagram/_Diagram.py": [
26
],
"project:biopython/Bio/Graphics/KGML_vis.py": [
41
],
"project:biopython/Bio/PDB/DSSP.py": [
99
],
"project:biopython/Bio/PDB/Model.py": [
9
],
"project:biopython/Bio/PDB/PICIO.py": [
25
],
"project:biopython/Bio/PDB/ResidueDepth.py": [
61
],
"project:biopython/Bio/PDB/Structure.py": [
11
],
"project:biopython/Bio/PDB/ic_rebuild.py": [
28,
37
],
"project:biopython/Bio/PDB/internal_coords.py": [
100,
101
],
"project:biopython/Bio/PDB/mmcifio.py": [
16
],
"project:biopython/Bio/PDB/mmtf/mmtfio.py": [
13
],
"project:buildbot-0.8.6p1/contrib/bk_buildbot.py": [
42
],
"project:buildbot-0.8.6p1/contrib/googlecode_atom.py": [
27,
29
],
"project:django-2.2.3/django/contrib/gis/geos/io.py": [
8,
8
],
"project:django-2.2.3/django/db/migrations/writer.py": [
8
],
"project:django-2.2.3/django/db/models/fields/files.py": [
374
],
"project:django-2.2.3/django/db/models/sql/datastructures.py": [
6
],
"project:django-2.2.3/django/forms/fields.py": [
19
],
"project:django-2.2.3/django/forms/forms.py": [
10,
13
],
"project:django-2.2.3/django/template/base.py": [
59,
59,
59
],
"project:django-2.2.3/django/utils/decorators.py": [
4
],
"project:django-2.2.3/django/utils/lru_cache.py": [
1
],
"project:django-cms-3.7.1/cms/migrations/0008_auto_20150121_0059.py": [
4
],
"project:django-cms-3.7.1/cms/migrations/0009_merge.py": [
4
],
"project:django-cms-3.7.1/cms/migrations/0010_migrate_use_structure.py": [
6
],
"project:django-cms-3.7.1/cms/migrations/0014_auto_20160404_1908.py": [
4
],
"project:django-cms-3.7.1/cms/toolbar/items.py": [
10
],
"project:django-cms-3.7.1/cms/utils/compat/dj.py": [
9,
9,
13,
18,
19,
19,
22,
22,
26,
29
],
"project:django-cms-3.7.1/cms/utils/compat/forms.py": [
20,
22,
31,
36,
38,
39,
41,
42,
43
],
"project:mypy-0.782/mypy/applytype.py": [
7
],
"project:mypy-0.782/mypy/build.py": [
36,
42
],
"project:mypy-0.782/mypy/checkstrformat.py": [
27
],
"project:mypy-0.782/mypy/dmypy_os.py": [
7
],
"project:mypy-0.782/mypy/exprtotype.py": [
12
],
"project:mypy-0.782/mypy/fastparse.py": [
16,
109
],
"project:mypy-0.782/mypy/fastparse2.py": [
39,
68
],
"project:mypy-0.782/mypy/plugin.py": [
131
],
"project:mypy-0.782/mypy/plugins/common.py": [
14
],
"project:mypy-0.782/mypy/semanal.py": [
91
],
"project:mypy-0.782/mypy/semanal_classprop.py": [
10,
12
],
"project:mypy-0.782/mypy/semanal_main.py": [
37,
51,
51
],
"project:mypy-0.782/mypy/server/update.py": [
132,
144
],
"project:mypy-0.782/mypy/stubgen.py": [
84
],
"project:mypy-0.782/mypy/suggestions.py": [
40
],
"project:mypy-0.782/mypy/test/helpers.py": [
17
],
"project:mypy-0.782/mypy/test/testmerge.py": [
23
],
"project:mypy-0.782/mypy/types.py": [
66,
1947
],
"project:mypy-0.782/mypy/typestate.py": [
10
],
"project:mypy-0.782/mypyc/analysis.py": [
10
],
"project:mypy-0.782/mypyc/build.py": [
46
],
"project:mypy-0.782/mypyc/ir/class_ir.py": [
7
],
"project:mypy-0.782/mypyc/ir/ops.py": [
33,
34,
34
],
"project:mypy-0.782/mypyc/ir/rtypes.py": [
32,
33
],
"project:mypy-0.782/mypyc/irbuild/builder.py": [
44,
55
],
"project:mypy-0.782/mypyc/irbuild/for_helpers.py": [
15,
16
],
"project:mypy-0.782/mypyc/irbuild/function.py": [
36
],
"project:mypy-0.782/mypyc/irbuild/main.py": [
42
],
"project:mypy-0.782/mypyc/irbuild/mapper.py": [
6,
6,
13,
19,
20
],
"project:mypy-0.782/mypyc/irbuild/nonlocalcontrol.py": [
11,
17
],
"project:mypy-0.782/mypyc/irbuild/prebuildvisitor.py": [
4
],
"project:mypy-0.782/mypyc/irbuild/visitor.py": [
23
],
"project:mypy-0.782/mypyc/primitives/str_ops.py": [
5,
7
],
"project:mypy-0.782/mypyc/transform/refcount.py": [
27
],
"project:mypy-0.782/mypyc/transform/uninit.py": [
9,
12
],
"project:mypy-0.782/test-data/stdlib-samples/3.2/test/test_shutil.py": [
24
],
"project:mypy-0.782/test-data/unit/plugins/arg_kinds.py": [
4
],
"project:mypy-0.782/test-data/unit/plugins/type_anal_hook.py": [
4
],
"project:numpy-1.16.4/numpy/_pytesttester.py": [
146
],
"project:numpy-1.16.4/numpy/core/arrayprint.py": [
43,
43,
48
],
"project:numpy-1.16.4/numpy/core/code_generators/generate_ufunc_api.py": [
9,
9
],
"project:numpy-1.16.4/numpy/core/function_base.py": [
8,
8,
9
],
"project:numpy-1.16.4/numpy/core/multiarray.py": [
17,
17,
17,
17,
18,
18
],
"project:numpy-1.16.4/numpy/core/numeric.py": [
19,
19,
20,
20,
20,
20,
20,
20,
21,
21,
21,
22,
22,
23,
23,
23,
23,
24,
24,
24,
24,
24,
25,
25,
25,
25,
26,
26,
26,
26,
26,
26,
29,
29,
38,
38,
38,
38,
38,
39
],
"project:numpy-1.16.4/numpy/core/numerictypes.py": [
89,
91,
91,
91,
92,
92,
92,
92,
93,
108,
108,
108,
108,
108,
115,
119,
126,
129,
129
],
"project:numpy-1.16.4/numpy/core/umath.py": [
9,
12,
12,
12,
12
],
"project:numpy-1.16.4/numpy/ctypeslib.py": [
84
],
"project:numpy-1.16.4/numpy/distutils/command/build_clib.py": [
15
],
"project:numpy-1.16.4/numpy/distutils/command/build_ext.py": [
18,
21,
22
],
"project:numpy-1.16.4/numpy/distutils/core.py": [
24,
30
],
"project:numpy-1.16.4/numpy/distutils/fcompiler/gnu.py": [
16
],
"project:numpy-1.16.4/numpy/distutils/fcompiler/pg.py": [
6
],
"project:numpy-1.16.4/numpy/distutils/mingw32ccompiler.py": [
32,
32,
35,
35
],
"project:numpy-1.16.4/numpy/distutils/system_info.py": [
152
],
"project:numpy-1.16.4/numpy/dual.py": [
26
],
"project:numpy-1.16.4/numpy/f2py/tests/test_quoted_character.py": [
7
],
"project:numpy-1.16.4/numpy/f2py/tests/util.py": [
25,
27,
245,
246
],
"project:numpy-1.16.4/numpy/fft/fftpack.py": [
40
],
"project:numpy-1.16.4/numpy/lib/_iotools.py": [
17
],
"project:numpy-1.16.4/numpy/lib/function_base.py": [
32,
34,
36,
36,
39,
55,
55
],
"project:numpy-1.16.4/numpy/lib/index_tricks.py": [
15,
15
],
"project:numpy-1.16.4/numpy/lib/npyio.py": [
14,
16,
16,
26,
26
],
"project:numpy-1.16.4/numpy/lib/shape_base.py": [
10
],
"project:numpy-1.16.4/numpy/lib/tests/test_recfunctions.py": [
715
],
"project:numpy-1.16.4/numpy/lib/twodim_base.py": [
9,
15
],
"project:numpy-1.16.4/numpy/lib/utils.py": [
9,
9,
9
],
"project:numpy-1.16.4/numpy/ma/core.py": [
40,
40,
40,
44,
47
],
"project:numpy-1.16.4/numpy/ma/extras.py": [
30,
30,
30,
31,
32,
32
],
"project:numpy-1.16.4/numpy/ma/testutils.py": [
17,
17,
18,
34
],
"project:numpy-1.16.4/numpy/random/info.py": [
3
],
"project:numpy-1.16.4/numpy/random/setup.py": [
5
],
"project:numpy-1.16.4/numpy/testing/_private/noseclasses.py": [
21
],
"project:numpy-1.16.4/numpy/testing/_private/utils.py": [
17
],
"project:numpy-1.16.4/numpy/tests/test_scripts.py": [
14,
15
],
"project:pecos/examples/giant-xrt/proc_data_xrt.py": [
12
],
"project:pecos/examples/overlap-xmc/disentangle_metric.py": [
7,
8,
9,
10
],
"project:pecos/examples/overlap-xmc/reorganize_clusters.py": [
4,
11,
12,
14
],
"project:pecos/pecos/core/base.py": [
17
],
"project:pecos/test/pecos/ann/test_hnsw.py": [
17
],
"project:pecos/test/pecos/apps/text2text/test_text2text.py": [
16,
17
],
"project:pecos/test/pecos/utils/featurization/text/sentencepiece/test_sentencepiece.py": [
20,
21
],
"project:pecos/test/pecos/utils/test_cluster_util.py": [
18
],
"project:pecos/test/pecos/utils/test_utils.py": [
16,
17
],
"project:pecos/test/pecos/xmc/test_xmc.py": [
17,
18,
19,
20
],
"project:pecos/test/pecos/xmc/xlinear/test_xlinear.py": [
17,
18
],
"project:pecos/test/pecos/xmc/xtransformer/test_model.py": [
16,
17
],
"project:tensorflow/api_template_v1.__init__.py": [
29
],
"project:tensorflow/python/autograph/pyct/static_analysis/activity_test.py": [
162,
163
],
"project:tensorflow/python/client/client_lib.py": [
26,
27,
29,
30,
32
],
"project:tensorflow/python/client/pywrap_tf_session.py": [
22
],
"project:tensorflow/python/client/session_clusterspec_prop_test.py": [
37
],
"project:tensorflow/python/client/session_test.py": [
55,
59
],
"project:tensorflow/python/compiler/xla/xla.py": [
27
],
"project:tensorflow/python/data/experimental/service/server_lib.py": [
22
],
"project:tensorflow/python/debug/lib/check_numerics_callback_test.py": [
34,
38
],
"project:tensorflow/python/debug/lib/debug_utils_test.py": [
29
],
"project:tensorflow/python/debug/lib/source_remote_test.py": [
35
],
"project:tensorflow/python/debug/lib/source_utils_test.py": [
41
],
"project:tensorflow/python/debug/wrappers/framework_test.py": [
40
],
"project:tensorflow/python/debug/wrappers/local_cli_wrapper_test.py": [
46
],
"project:tensorflow/python/distribute/cluster_resolver/tpu_cluster_resolver.py": [
22
],
"project:tensorflow/python/distribute/tpu_strategy.py": [
55
],
"project:tensorflow/python/eager/backprop_test.py": [
48
],
"project:tensorflow/python/eager/tape_test.py": [
33
],
"project:tensorflow/python/framework/composite_tensor.py": [
26
],
"project:tensorflow/python/framework/dtypes.py": [
27
],
"project:tensorflow/python/framework/errors.py": [
22
],
"project:tensorflow/python/framework/framework_lib.py": [
24,
25,
26,
27,
28,
30,
31,
34,
35,
36,
37,
38,
39,
40,
41,
42,
43,
44,
45,
46,
47,
48,
49,
50,
51,
52,
55,
56,
59,
60,
61,
62,
63,
66
],
"project:tensorflow/python/framework/graph_util.py": [
25,
26,
27,
28,
29
],
"project:tensorflow/python/framework/importer_test.py": [
34
],
"project:tensorflow/python/framework/ops.py": [
42
],
"project:tensorflow/python/framework/sparse_tensor.py": [
25
],
"project:tensorflow/python/framework/test_util.py": [
74
],
"project:tensorflow/python/framework/test_util_test.py": [
42
],
"project:tensorflow/python/grappler/cost_analyzer_test.py": [
31
],
"project:tensorflow/python/grappler/cost_analyzer_tool.py": [
26
],
"project:tensorflow/python/keras/backend.py": [
73
],
"project:tensorflow/python/keras/engine/base_layer.py": [
69,
70
],
"project:tensorflow/python/keras/engine/base_layer_v1.py": [
56,
57
],
"project:tensorflow/python/keras/layers/convolutional.py": [
36,
37,
38,
39,
40,
41
],
"project:tensorflow/python/keras/metrics.py": [
38,
71,
74
],
"project:tensorflow/python/keras/preprocessing/image.py": [
27,
28,
34
],
"project:tensorflow/python/keras/preprocessing/text.py": [
24
],
"project:tensorflow/python/keras/tests/eager_benchmarks_test.py": [
42
],
"project:tensorflow/python/keras/utils/all_utils.py": [
26,
27,
28,
29,
30,
31,
32,
33,
34,
35,
36,
37,
38,
39,
40,
41,
42,
43,
44
],
"project:tensorflow/python/keras/utils/mode_keys.py": [
21
],
"project:tensorflow/python/kernel_tests/control_flow_ops_py_test.py": [
67,
74,
78
],
"project:tensorflow/python/kernel_tests/cwise_ops_binary_test.py": [
33
],
"project:tensorflow/python/kernel_tests/cwise_ops_test.py": [
32
],
"project:tensorflow/python/kernel_tests/cwise_ops_unary_test.py": [
35
],
"project:tensorflow/python/kernel_tests/linalg/linear_operator_algebra_test.py": [
22,
25,
26
],
"project:tensorflow/python/kernel_tests/linalg/sparse/csr_sparse_matrix_dense_mat_mul_grad_test.py": [
30
],
"project:tensorflow/python/kernel_tests/linalg/sparse/csr_sparse_matrix_grad_test.py": [
29
],
"project:tensorflow/python/kernel_tests/linalg/sparse/csr_sparse_matrix_sparse_mat_mul_grad_test.py": [
30
],
"project:tensorflow/python/layers/layers.py": [
26,
29,
30,
31,
33,
34,
35,
38,
39,
40,
41,
42,
43,
44,
45,
46,
47,
48,
49,
50,
52,
53,
54,
55,
56,
57,
58,
61,
62,
63,
64,
65,
66,
68,
69,
70,
71,
72,
73,
76,
78
],
"project:tensorflow/python/modules_with_exports.py": [
41,
42,
43,
52
],
"project:tensorflow/python/ops/array_ops.py": [
41
],
"project:tensorflow/python/ops/boosted_trees_ops.py": [
27,
28,
29,
30,
31,
32,
34,
36,
37,
43,
44,
45,
46,
47
],
"project:tensorflow/python/ops/candidate_sampling_ops.py": [
23,
25
],
"project:tensorflow/python/ops/distributions/bijector.py": [
23
],
"project:tensorflow/python/ops/distributions/distributions.py": [
25,
26,
27,
28,
29,
31,
32,
34,
35,
36,
37,
38
],
"project:tensorflow/python/ops/embedding_ops.py": [
31
],
"project:tensorflow/python/ops/functional_ops.py": [
36
],
"project:tensorflow/python/ops/gradients.py": [
22,
23,
24,
25,
26,
27,
28,
29
],
"project:tensorflow/python/ops/gradients_impl.py": [
23,
25,
26,
29,
30,
31,
32,
33,
34,
36,
37
],
"project:tensorflow/python/ops/gradients_test.py": [
37,
39,
42,
43,
44,
49,
51,
53,
55
],
"project:tensorflow/python/ops/image_ops.py": [
167,
168
],
"project:tensorflow/python/ops/linalg/linalg.py": [
23,
24,
25,
26,
27,
28
],
"project:tensorflow/python/ops/linalg/sparse/sparse.py": [
23
],
"project:tensorflow/python/ops/nn.py": [
28,
29,
30,
31,
32,
33
],
"project:tensorflow/python/ops/nn_grad_test.py": [
32
],
"project:tensorflow/python/ops/nn_impl.py": [
32
],
"project:tensorflow/python/ops/numpy_ops/np_arrays_test.py": [
30
],
"project:tensorflow/python/ops/numpy_ops/np_backprop_test.py": [
25
],
"project:tensorflow/python/ops/numpy_ops/np_dtypes.py": [
28,
29,
30,
31,
32,
33,
34,
35,
36,
37,
38,
39,
42,
43,
44,
46,
48,
49,
51,
54
],
"project:tensorflow/python/ops/numpy_ops/np_random_test.py": [
26
],
"project:tensorflow/python/ops/parallel_for/array_test.py": [
29
],
"project:tensorflow/python/ops/parallel_for/control_flow_ops_test.py": [
61
],
"project:tensorflow/python/ops/parallel_for/math_test.py": [
35
],
"project:tensorflow/python/ops/ragged/ragged_batch_gather_with_default_op.py": [
28,
29
],
"project:tensorflow/python/ops/ragged/ragged_ops.py": [
31,
32,
33,
34,
35,
36,
37,
38,
39,
40,
41,
42,
43,
44,
45,
46,
47,
48,
49,
50
],
"project:tensorflow/python/ops/rnn_grad_test.py": [
32
],
"project:tensorflow/python/ops/signal/signal.py": [
42,
43,
44,
45,
46,
47,
48,
49,
50,
51,
52,
53,
54,
55,
56,
57,
58,
59,
60,
61,
62,
63,
64,
65,
66
],
"project:tensorflow/python/ops/sparse_ops_test.py": [
30,
35
],
"project:tensorflow/python/ops/standard_ops.py": [
26,
27,
31,
32,
33,
34,
35,
36,
37,
38,
39,
40,
50,
51,
52,
53,
54,
55,
56,
58,
59,
69,
70,
71,
72,
73,
83,
87,
88,
89,
90,
91,
92,
93,
94,
95,
96,
97,
98,
99,
104,
111,
115,
117
],
"project:tensorflow/python/ops/variables.py": [
29
],
"project:tensorflow/python/platform/gfile.py": [
22,
23,
24,
25,
26,
28,
29,
30,
31,
32,
33,
34
],
"project:tensorflow/python/platform/test.py": [
28,
29,
30,
31,
32,
34,
35
],
"project:tensorflow/python/profiler/internal/model_analyzer_testlib.py": [
27,
31
],
"project:tensorflow/python/profiler/profiler.py": [
27,
28,
29,
30,
31
],
"project:tensorflow/python/profiler/tfprof_logger.py": [
32
],
"project:tensorflow/python/pywrap_mlir.py": [
22
],
"project:tensorflow/python/pywrap_tfe.py": [
28
],
"project:tensorflow/python/saved_model/builder.py": [
27,
28
],
"project:tensorflow/python/saved_model/loader.py": [
67,
68
],
"project:tensorflow/python/saved_model/main_op.py": [
26,
27
],
"project:tensorflow/python/saved_model/saved_model.py": [
24,
25,
26,
27,
28,
29,
30,
31,
32,
33,
34
],
"project:tensorflow/python/saved_model/signature_def_utils.py": [
24,
25,
26,
27,
28,
29,
30,
31,
32
],
"project:tensorflow/python/saved_model/utils.py": [
24,
25,
26
],
"project:tensorflow/python/summary/summary.py": [
30,
33,
34,
35,
44,
49,
50
],
"project:tensorflow/python/tools/api/generator/output_init_files_test.py": [
25,
26
],
"project:tensorflow/python/tools/optimize_for_inference_test.py": [
36
],
"project:tensorflow/python/tools/saved_model_cli.py": [
45
],
"project:tensorflow/python/tpu/api.py": [
26,
27,
28,
29,
30,
31,
32
],
"project:tensorflow/python/tpu/tpu_estimator.py": [
24,
25,
26,
27,
28,
29,
30,
31,
32
],
"project:tensorflow/python/training/summary_io.py": [
22,
24
],
"project:tensorflow/python/training/training.py": [
27,
28,
29,
30,
31,
32,
33,
34,
35,
36,
37,
38,
39,
40,
41,
42,
43,
44,
45,
48,
49,
55,
59,
60,
61,
62,
63,
64,
65,
66,
67,
68,
69,
70,
71,
72,
73,
74,
75,
76,
77,
78,
79,
81,
82,
83,
84,
85,
86,
87,
88,
89,
90,
91,
92,
93,
94,
95,
96,
97,
98,
99,
100,
101,
102,
103,
104,
105,
106,
107,
108,
109,
110,
111,
112,
113,
130,
131
],
"project:tensorflow/python/training/training_ops.py": [
22
],
"project:tensorflow/python/training/training_ops_test.py": [
30
],
"project:tensorflow/python/util/decorator_utils_test.py": [
25
],
"project:tensorflow/python/util/tf_decorator_test.py": [
25
],
"project:tensorflow/python/util/tf_inspect_test.py": [
26
],
"project:tensorflow/python/util/tf_should_use_test.py": [
29,
31
],
"project:tensorflow/tools/compatibility/update/generate_v2_renames_map.py": [
30
],
"project:tensorflow/tools/compatibility/update/generate_v2_reorders_map.py": [
27
],
"project:tornado-2.3/demos/appengine/markdown.py": [
53,
69
],
"project:tornado-2.3/demos/blog/markdown.py": [
53,
69
],
"project:tornado-2.3/tornado/platform/auto.py": [
31,
32,
34,
34
],
"project:twisted-12.1.0/doc/conch/examples/sshsimpleclient.py": [
8
],
"project:twisted-12.1.0/doc/conch/examples/sshsimpleserver.py": [
7,
10
],
"project:twisted-12.1.0/doc/core/benchmarks/tpclient.py": [
5
],
"project:twisted-12.1.0/doc/core/benchmarks/tpserver.py": [
7
],
"project:twisted-12.1.0/doc/core/examples/echoclient_ssl.py": [
6
],
"project:twisted-12.1.0/doc/core/examples/echoserv_ssl.py": [
24
],
"project:twisted-12.1.0/doc/core/examples/pbgtk2.py": [
12,
14,
17
],
"project:twisted-12.1.0/doc/core/examples/pbinterop.py": [
7
],
"project:twisted-12.1.0/doc/core/examples/stdin.py": [
15
],
"project:twisted-12.1.0/doc/core/howto/listings/pb/cache_sender.py": [
6
],
"project:twisted-12.1.0/doc/core/howto/listings/pb/copy2_sender.py": [
7
],
"project:twisted-12.1.0/doc/core/howto/listings/pb/copy_sender.py": [
7
],
"project:twisted-12.1.0/doc/core/howto/listings/process/quotes.py": [
2,
3
],
"project:twisted-12.1.0/doc/core/howto/tutorial/listings/finger/finger/tap.py": [
2,
2,
3
],
"project:twisted-12.1.0/doc/core/howto/tutorial/listings/finger/finger09.py": [
3
],
"project:twisted-12.1.0/doc/core/howto/tutorial/listings/finger/finger10.py": [
3,
3
],
"project:twisted-12.1.0/doc/core/howto/tutorial/listings/finger/finger19b_changes.py": [
2,
2
],
"project:twisted-12.1.0/doc/core/howto/tutorial/listings/finger/finger19c_changes.py": [
1,
1,
1
],
"project:twisted-12.1.0/doc/core/howto/tutorial/listings/finger/finger22.py": [
7,
7
],
"project:twisted-12.1.0/doc/historic/2003/pycon/deferex/deferex-forwarding.py": [
1
],
"project:twisted-12.1.0/doc/historic/2003/pycon/pb/pb-slides.py": [
3,
3
],
"project:twisted-12.1.0/doc/mail/examples/imap4client.py": [
24
],
"project:twisted-12.1.0/doc/names/examples/testdns.py": [
19
],
"project:twisted-12.1.0/doc/web/examples/fortune.rpy.py": [
25
],
"project:twisted-12.1.0/doc/web/examples/silly-web.py": [
16
],
"project:twisted-12.1.0/doc/words/examples/cursesclient.py": [
28
],
"project:twisted-12.1.0/twisted/application/app.py": [
9,
11
],
"project:twisted-12.1.0/twisted/conch/checkers.py": [
30
],
"project:twisted-12.1.0/twisted/conch/manhole_ssh.py": [
15,
15,
15
],
"project:twisted-12.1.0/twisted/conch/manhole_tap.py": [
14,
15
],
"project:twisted-12.1.0/twisted/conch/ssh/common.py": [
20
],
"project:twisted-12.1.0/twisted/conch/test/test_insults.py": [
483,
493
],
"project:twisted-12.1.0/twisted/conch/test/test_mixin.py": [
7,
7
],
"project:twisted-12.1.0/twisted/conch/test/test_tap.py": [
86
],
"project:twisted-12.1.0/twisted/copyright.py": [
8
],
"project:twisted-12.1.0/twisted/enterprise/adbapi.py": [
13,
14
],
"project:twisted-12.1.0/twisted/internet/_newtls.py": [
18
],
"project:twisted-12.1.0/twisted/internet/_posixserialport.py": [
15,
15,
16,
17,
17,
17,
22
],
"project:twisted-12.1.0/twisted/internet/_threadedselect.py": [
61,
67,
71,
72
],
"project:twisted-12.1.0/twisted/internet/_win32serialport.py": [
12,
12,
13,
14,
14,
14
],
"project:twisted-12.1.0/twisted/internet/fdesc.py": [
19
],
"project:twisted-12.1.0/twisted/internet/iocpreactor/tcp.py": [
13,
16
],
"project:twisted-12.1.0/twisted/internet/serialport.py": [
23,
23,
23,
24,
24,
25,
25,
25,
25,
85,
87
],
"project:twisted-12.1.0/twisted/internet/ssl.py": [
191,
191,
191,
192,
192,
193,
194
],
"project:twisted-12.1.0/twisted/internet/stdio.py": [
28,
30
],
"project:twisted-12.1.0/twisted/internet/tcp.py": [
55,
57,
58,
75,
77,
78
],
"project:twisted-12.1.0/twisted/internet/test/test_default.py": [
54
],
"project:twisted-12.1.0/twisted/internet/test/test_inlinecb.py": [
12
],
"project:twisted-12.1.0/twisted/internet/test/test_inotify.py": [
13
],
"project:twisted-12.1.0/twisted/internet/test/test_interfaces.py": [
34
],
"project:twisted-12.1.0/twisted/internet/test/test_qtreactor.py": [
8,
9
],
"project:twisted-12.1.0/twisted/internet/test/test_sigchld.py": [
14,
14
],
"project:twisted-12.1.0/twisted/internet/test/test_socket.py": [
7
],
"project:twisted-12.1.0/twisted/internet/test/test_udp_internals.py": [
17,
20
],
"project:twisted-12.1.0/twisted/internet/test/test_unix.py": [
43
],
"project:twisted-12.1.0/twisted/internet/tksupport.py": [
36
],
"project:twisted-12.1.0/twisted/internet/win32eventreactor.py": [
69
],
"project:twisted-12.1.0/twisted/internet/wxsupport.py": [
28,
32
],
"project:twisted-12.1.0/twisted/mail/alias.py": [
22
],
"project:twisted-12.1.0/twisted/mail/maildir.py": [
30
],
"project:twisted-12.1.0/twisted/mail/pb.py": [
6
],
"project:twisted-12.1.0/twisted/mail/pop3.py": [
1053,
1054,
1055,
1056,
1057
],
"project:twisted-12.1.0/twisted/manhole/gladereactor.py": [
13,
13,
13,
13
],
"project:twisted-12.1.0/twisted/manhole/service.py": [
21
],
"project:twisted-12.1.0/twisted/names/dns.py": [
163,
163
],
"project:twisted-12.1.0/twisted/news/test/test_news.py": [
9
],
"project:twisted-12.1.0/twisted/pair/raw.py": [
8
],
"project:twisted-12.1.0/twisted/pair/test/test_ethernet.py": [
7,
7,
7,
8
],
"project:twisted-12.1.0/twisted/pair/test/test_ip.py": [
7,
7,
7,
8
],
"project:twisted-12.1.0/twisted/pair/test/test_rawudp.py": [
7,
7,
8
],
"project:twisted-12.1.0/twisted/pair/tuntap.py": [
36,
36
],
"project:twisted-12.1.0/twisted/plugins/cred_sshkeys.py": [
14
],
"project:twisted-12.1.0/twisted/python/hashlib.py": [
17,
18
],
"project:twisted-12.1.0/twisted/python/reflect.py": [
34
],
"project:twisted-12.1.0/twisted/python/test/test_release.py": [
52
],
"project:twisted-12.1.0/twisted/python/test/test_win32.py": [
5
],
"project:twisted-12.1.0/twisted/scripts/test/test_scripts.py": [
139,
154
],
"project:twisted-12.1.0/twisted/scripts/tkunzip.py": [
33
],
"project:twisted-12.1.0/twisted/spread/pb.py": [
50,
51,
52,
53,
56,
58,
60,
63,
64,
67,
68,
69
],
"project:twisted-12.1.0/twisted/spread/ui/tkutil.py": [
11
],
"project:twisted-12.1.0/twisted/test/test_failure.py": [
594
],
"project:twisted-12.1.0/twisted/test/test_import.py": [
19,
25,
26,
32,
33,
34,
35,
36,
37,
43,
44,
45,
54,
55,
56,
57,
63,
64,
65,
66,
72,
73,
74,
75
],
"project:twisted-12.1.0/twisted/test/test_lockfile.py": [
18
],
"project:twisted-12.1.0/twisted/test/test_loopback.py": [
11
],
"project:twisted-12.1.0/twisted/test/test_newcred.py": [
24
],
"project:twisted-12.1.0/twisted/test/test_nmea.py": [
10
],
"project:twisted-12.1.0/twisted/test/test_pcp.py": [
8
],
"project:twisted-12.1.0/twisted/test/test_socks.py": [
13
],
"project:twisted-12.1.0/twisted/test/test_sslverify.py": [
13,
22
],
"project:twisted-12.1.0/twisted/test/test_twistd.py": [
35
],
"project:twisted-12.1.0/twisted/trial/runner.py": [
35
],
"project:twisted-12.1.0/twisted/trial/test/test_pyunitcompat.py": [
12
],
"project:twisted-12.1.0/twisted/trial/test/test_runner.py": [
583
],
"project:twisted-12.1.0/twisted/web/client.py": [
648,
649
],
"project:twisted-12.1.0/twisted/web/domhelpers.py": [
12,
12
],
"project:twisted-12.1.0/twisted/web/guard.py": [
10,
11,
12
],
"project:twisted-12.1.0/twisted/web/html.py": [
11
],
"project:twisted-12.1.0/twisted/web/iweb.py": [
16
],
"project:twisted-12.1.0/twisted/web/microdom.py": [
26
],
"project:twisted-12.1.0/twisted/web/tap.py": [
174
],
"project:twisted-12.1.0/twisted/web/template.py": [
34,
564,
564,
565
],
"project:twisted-12.1.0/twisted/web/test/test_distrib.py": [
17,
22
],
"project:twisted-12.1.0/twisted/web/test/test_web.py": [
604
],
"project:twisted-12.1.0/twisted/web/util.py": [
18
],
"project:twisted-12.1.0/twisted/words/im/basesupport.py": [
13,
14
],
"project:twisted-12.1.0/twisted/words/im/interfaces.py": [
11
],
"project:twisted-12.1.0/twisted/words/iwords.py": [
5
],
"project:twisted-12.1.0/twisted/words/protocols/jabber/xmlstream.py": [
23
],
"project:twisted-12.1.0/twisted/words/test/test_msn.py": [
18
]
}
