{
"project:biopython/Bio/Nexus/Nexus.py": [
1384
],
"project:buildbot-0.8.6p1/buildbot/status/web/base.py": [
94,
107
],
"project:buildbot-0.8.6p1/buildbot/status/web/step.py": [
40
],
"project:buildbot-0.8.6p1/buildbot/test/unit/test_buildslave.py": [
168
],
"project:buildbot-0.8.6p1/buildbot/test/unit/test_status_mail.py": [
179,
380,
503
],
"project:django-4.2.5/django/core/handlers/asgi.py": [
153
],
"project:django-4.2.5/django/db/models/expressions.py": [
867
],
"project:django-4.2.5/django/db/models/fields/related_descriptors.py": [
166
],
"project:django-4.2.5/django/http/multipartparser.py": [
406
],
"project:django-4.2.5/django/utils/regex_helper.py": [
86
],
"project:django-4.2.5/docs/_ext/djangodocs.py": [
161
],
"project:django-4.2.5/tests/check_framework/test_translation.py": [
21,
36
],
"project:django-cms-3.11.4/cms/toolbar/toolbar.py": [
397,
410
],
"project:docker-compose-1.24.1/compose/cli/docker_client.py": [
59
],
"project:docker-compose-1.24.1/tests/integration/service_test.py": [
1082
],
"project:mypy-1.5.1/mypy/suggestions.py": [
457
],
"project:mypy-1.5.1/mypyc/codegen/emitmodule.py": [
3
],
"project:mypy-1.5.1/mypyc/irbuild/classdef.py": [
594,
602
],
"project:mypy-1.5.1/mypyc/irbuild/function.py": [
656
],
"project:numpy-1.26.0/benchmarks/benchmarks/__init__.py": [
51
],
"project:numpy-1.26.0/numpy/conftest.py": [
73
],
"project:numpy-1.26.0/numpy/core/tests/test_array_interface.py": [
131
],
"project:numpy-1.26.0/numpy/core/tests/test_machar.py": [
19
],
"project:numpy-1.26.0/numpy/core/tests/test_mem_policy.py": [
12
],
"project:numpy-1.26.0/numpy/core/tests/test_multiarray.py": [
6158
],
"project:numpy-1.26.0/numpy/core/tests/test_umath.py": [
1128,
1812,
1815,
2776
],
"project:numpy-1.26.0/numpy/core/tests/test_umath_complex.py": [
19,
337
],
"project:numpy-1.26.0/numpy/distutils/ccompiler_opt.py": [
1341
],
"project:numpy-1.26.0/numpy/distutils/command/build_ext.py": [
335
],
"project:numpy-1.26.0/numpy/distutils/npy_pkg_config.py": [
306
],
"project:numpy-1.26.0/numpy/lib/npyio.py": [
236,
2231
],
"project:numpy-1.26.0/numpy/lib/recfunctions.py": [
1548
],
"project:numpy-1.26.0/numpy/lib/tests/test_recfunctions.py": [
549,
819
],
"project:numpy-1.26.0/numpy/lib/tests/test_type_check.py": [
271,
302,
437
],
"project:numpy-1.26.0/numpy/linalg/tests/test_linalg.py": [
1007
],
"project:numpy-1.26.0/numpy/ma/core.py": [
2839
],
"project:numpy-1.26.0/runtests.py": [
591
],
"project:numpy-1.26.0/vendored-meson/meson/mesonbuild/backend/backends.py": [
1542,
2018
],
"project:numpy-1.26.0/vendored-meson/meson/mesonbuild/backend/ninjabackend.py": [
644,
1136,
2348,
2693,
3117,
3407
],
"project:numpy-1.26.0/vendored-meson/meson/mesonbuild/backend/vs2010backend.py": [
345,
393,
511,
685,
843,
867,
1340,
1343,
1376,
1380,
1461,
1898,
1913,
2009
],
"project:numpy-1.26.0/vendored-meson/meson/mesonbuild/backend/xcodebackend.py": [
426,
542,
688,
1640
],
"project:numpy-1.26.0/vendored-meson/meson/mesonbuild/build.py": [
623,
1376,
1466,
2088
],
"project:numpy-1.26.0/vendored-meson/meson/mesonbuild/cargo/interpreter.py": [
392
],
"project:numpy-1.26.0/vendored-meson/meson/mesonbuild/compilers/asm.py": [
100,
208,
263
],
"project:numpy-1.26.0/vendored-meson/meson/mesonbuild/compilers/cuda.py": [
753
],
"project:numpy-1.26.0/vendored-meson/meson/mesonbuild/compilers/fortran.py": [
257,
297
],
"project:numpy-1.26.0/vendored-meson/meson/mesonbuild/compilers/mixins/arm.py": [
96,
110
],
"project:numpy-1.26.0/vendored-meson/meson/mesonbuild/compilers/mixins/clike.py": [
1039
],
"project:numpy-1.26.0/vendored-meson/meson/mesonbuild/compilers/mixins/elbrus.py": [
48
],
"project:numpy-1.26.0/vendored-meson/meson/mesonbuild/compilers/mixins/gnu.py": [
44
],
"project:numpy-1.26.0/vendored-meson/meson/mesonbuild/compilers/mixins/visualstudio.py": [
123,
226
],
"project:numpy-1.26.0/vendored-meson/meson/mesonbuild/compilers/rust.py": [
114
],
"project:numpy-1.26.0/vendored-meson/meson/mesonbuild/dependencies/base.py": [
580,
587,
591
],
"project:numpy-1.26.0/vendored-meson/meson/mesonbuild/dependencies/dev.py": [
50
],
"project:numpy-1.26.0/vendored-meson/meson/mesonbuild/dependencies/misc.py": [
216
],
"project:numpy-1.26.0/vendored-meson/meson/mesonbuild/dependencies/ui.py": [
45,
47,
51,
53
],
"project:numpy-1.26.0/vendored-meson/meson/mesonbuild/environment.py": [
697
],
"project:numpy-1.26.0/vendored-meson/meson/mesonbuild/interpreter/interpreter.py": [
515
],
"project:numpy-1.26.0/vendored-meson/meson/mesonbuild/interpreter/interpreterobjects.py": [
930
],
"project:numpy-1.26.0/vendored-meson/meson/mesonbuild/interpreterbase/decorators.py": [
644
],
"project:numpy-1.26.0/vendored-meson/meson/mesonbuild/mesonmain.py": [
124
],
"project:numpy-1.26.0/vendored-meson/meson/mesonbuild/minstall.py": [
519
],
"project:numpy-1.26.0/vendored-meson/meson/mesonbuild/modules/__init__.py": [
125,
224
],
"project:numpy-1.26.0/vendored-meson/meson/mesonbuild/modules/external_project.py": [
160
],
"project:numpy-1.26.0/vendored-meson/meson/mesonbuild/modules/features/feature.py": [
306
],
"project:numpy-1.26.0/vendored-meson/meson/mesonbuild/modules/gnome.py": [
700,
912,
1047
],
"project:numpy-1.26.0/vendored-meson/meson/mesonbuild/modules/python.py": [
165,
418
],
"project:numpy-1.26.0/vendored-meson/meson/mesonbuild/modules/qt.py": [
205
],
"project:numpy-1.26.0/vendored-meson/meson/mesonbuild/modules/simd.py": [
27
],
"project:numpy-1.26.0/vendored-meson/meson/mesonbuild/modules/windows.py": [
76
],
"project:numpy-1.26.0/vendored-meson/meson/mesonbuild/mparser.py": [
354
],
"project:numpy-1.26.0/vendored-meson/meson/mesonbuild/msetup.py": [
166
],
"project:numpy-1.26.0/vendored-meson/meson/mesonbuild/msubprojects.py": [
117
],
"project:numpy-1.26.0/vendored-meson/meson/mesonbuild/scripts/gtkdochelper.py": [
122
],
"project:numpy-1.26.0/vendored-meson/meson/mesonbuild/utils/universal.py": [
2105
],
"project:numpy-1.26.0/vendored-meson/meson/run_single_test.py": [
58
],
"project:numpy-1.26.0/vendored-meson/meson/unittests/allplatformstests.py": [
400
],
"project:numpy-1.26.0/vendored-meson/meson/unittests/datatests.py": [
85
],
"project:numpy-1.26.0/vendored-meson/meson/unittests/helpers.py": [
155
],
"project:numpy-1.26.0/vendored-meson/meson/unittests/linuxliketests.py": [
696
],
"project:numpy-1.26.0/vendored-meson/meson/unittests/windowstests.py": [
450
],
"project:tensorflow/python/data/kernel_tests/multi_device_iterator_test.py": [
102
],
"project:tensorflow/python/eager/memory_tests/memory_test_util.py": [
50
],
"project:tensorflow/python/framework/c_api_util.py": [
34
],
"project:tensorflow/python/framework/function.py": [
454
],
"project:tensorflow/python/framework/ops.py": [
1851,
2203
],
"project:tensorflow/python/kernel_tests/collective_ops_test.py": [
681,
1855
],
"project:tensorflow/python/kernel_tests/math_ops/banded_triangular_solve_op_test.py": [
220
],
"project:twisted-23.8.0/docs/core/examples/tls_alpn_npn_client.py": [
49
],
"project:twisted-23.8.0/src/twisted/conch/scripts/cftp.py": [
436
],
"project:twisted-23.8.0/src/twisted/conch/ssh/transport.py": [
1786
],
"project:twisted-23.8.0/src/twisted/internet/_sslverify.py": [
201
],
"project:twisted-23.8.0/src/twisted/internet/protocol.py": [
863,
868
],
"project:twisted-23.8.0/src/twisted/internet/test/test_posixbase.py": [
34,
49
],
"project:twisted-23.8.0/src/twisted/internet/unix.py": [
276
],
"project:twisted-23.8.0/src/twisted/names/common.py": [
201
],
"project:twisted-23.8.0/src/twisted/names/hosts.py": [
150
],
"project:twisted-23.8.0/src/twisted/names/secondary.py": [
162
],
"project:twisted-23.8.0/src/twisted/protocols/ftp.py": [
2441,
2521,
2849,
2851
],
"project:twisted-23.8.0/src/twisted/python/components.py": [
132
],
"project:twisted-23.8.0/src/twisted/runner/inetd.py": [
42
],
"project:twisted-23.8.0/src/twisted/runner/inetdconf.py": [
157
],
"project:twisted-23.8.0/src/twisted/test/test_application.py": [
418
],
"project:twisted-23.8.0/src/twisted/test/test_udp.py": [
682
],
"project:twisted-23.8.0/src/twisted/trial/_asynctest.py": [
393
],
"project:twisted-23.8.0/src/twisted/trial/test/test_runner.py": [
573
],
"project:twisted-23.8.0/src/twisted/web/_template_util.py": [
83,
121
],
"project:twisted-23.8.0/src/twisted/words/protocols/irc.py": [
2598
]
}
