{
'project:buildbot-0.8.6p1/contrib/post_build_request.py':[
213,
217,
],
'project:numpy-1.16.4/numpy/distutils/misc_util.py':[
476,
],
'project:numpy-1.16.4/numpy/ma/core.py':[
4466,
],
'project:numpy-1.16.4/numpy/tests/test_warnings.py':[
47,
],
}
