{
'project:twisted-12.1.0/twisted/conch/test/test_checkers.py':[
64,
78,
92,
519,
],
}
