{
'project:tensorflow/python/debug/cli/command_parser.py':[
264,
],
'project:tensorflow/python/keras/layers/einsum_dense.py':[
212,
],
}
