{
'project:django-2.2.3/django/db/backends/sqlite3/schema.py':[
260,
],
'project:numpy-1.16.4/numpy/core/tests/test_arrayprint.py':[
154,
591,
],
'project:numpy-1.16.4/numpy/core/tests/test_multiarray.py':[
903,
6970,
],
'project:numpy-1.16.4/numpy/core/tests/test_regression.py':[
275,
1417,
1648,
2410,
],
'project:numpy-1.16.4/numpy/distutils/command/config.py':[
98,
],
'project:numpy-1.16.4/numpy/ma/tests/test_core.py':[
300,
301,
1873,
],
'project:numpy-1.16.4/numpy/ma/tests/test_old_ma.py':[
217,
218,
],
'project:numpy-1.16.4/numpy/ma/tests/test_regression.py':[
42,
],
'project:numpy-1.16.4/numpy/ma/timer_comparison.py':[
164,
165,
],
'project:numpy-1.16.4/numpy/matrixlib/tests/test_masked_matrix.py':[
40,
41,
],
'project:twisted-12.1.0/doc/core/benchmarks/failure.py':[
44,
],
'project:twisted-12.1.0/twisted/conch/telnet.py':[
987,
987,
987,
],
'project:twisted-12.1.0/twisted/test/generator_failure_tests.py':[
170,
],
'project:twisted-12.1.0/twisted/test/test_internet.py':[
841,
843,
845,
848,
850,
853,
856,
],
}
