{
"project:buildbot-0.8.6p1/buildbot/buildslave.py": [
989
],
"project:buildbot-0.8.6p1/buildbot/changes/mail.py": [
115,
115,
116,
116,
117,
117,
118,
118,
119,
119,
120,
120,
121,
121,
122,
122,
122,
122,
122,
122,
123,
123,
123,
124,
124,
212,
212,
212,
212,
212,
212,
212,
212,
212,
212,
212,
212,
212,
212,
214,
214,
214,
214,
214,
214,
214,
214,
214,
214,
214,
214,
214,
214
],
"project:buildbot-0.8.6p1/buildbot/process/metrics.py": [
15,
15,
15
],
"project:buildbot-0.8.6p1/buildbot/scripts/runner.py": [
482,
484
],
"project:buildbot-0.8.6p1/buildbot/status/builder.py": [
134
],
"project:buildbot-0.8.6p1/buildbot/status/mail.py": [
49,
49,
49,
49,
49,
49,
49,
49,
49
],
"project:buildbot-0.8.6p1/buildbot/status/tinderbox.py": [
228
],
"project:buildbot-0.8.6p1/buildbot/status/web/base.py": [
670
],
"project:buildbot-0.8.6p1/buildbot/status/web/status_json.py": [
30
],
"project:buildbot-0.8.6p1/buildbot/steps/package/rpm/rpmspec.py": [
31,
32
],
"project:buildbot-0.8.6p1/buildbot/steps/shell.py": [
671,
671,
671,
671,
671,
686,
686,
686,
686
],
"project:buildbot-0.8.6p1/buildbot/steps/source/svn.py": [
356,
356
],
"project:buildbot-0.8.6p1/buildbot/test/unit/test_changes_bonsaipoller.py": [
102
],
"project:buildbot-0.8.6p1/buildbot/util/__init__.py": [
35
],
"project:buildbot-slave-0.8.6p1/buildslave/commands/p4.py": [
66,
66,
66
],
"project:buildbot-slave-0.8.6p1/buildslave/commands/repo.py": [
57,
57,
57,
57,
126
],
"project:buildbot-slave-0.8.6p1/buildslave/runprocess.py": [
300
],
"project:buildbot-slave-0.8.6p1/buildslave/scripts/runner.py": [
371,
373
],
"project:numpy-1.26.0/vendored-meson/meson/unittests/featurestests.py": [
275
],
"project:pecos/examples/overlap-xmc/reorganize_clusters.py": [
124
],
"project:tensorflow/python/kernel_tests/control_flow/control_flow_ops_py_test.py": [
1150,
1150
],
"project:tensorflow/python/kernel_tests/data_structures/lookup_ops_test.py": [
3867,
3867,
3867,
3867,
3867,
3874,
3874,
3874,
3874,
3874,
3874
],
"project:tensorflow/python/kernel_tests/sparse_ops/sparse_to_dense_op_py_test.py": [
127,
127
],
"project:tensorflow/python/kernel_tests/sparse_ops/sparse_xent_op_d9m_test.py": [
163,
163,
163,
163,
174,
174,
186,
186
],
"project:tensorflow/python/profiler/profiler_v2_test.py": [
44,
44
]
}
