{
'project:buildbot-0.8.6p1/buildbot/buildslave.py':[
956,
],
'project:buildbot-0.8.6p1/buildbot/changes/changes.py':[
238,
],
'project:buildbot-0.8.6p1/buildbot/changes/hgbuildbot.py':[
46,
],
'project:buildbot-0.8.6p1/buildbot/changes/mail.py':[
82,
273,
409,
],
'project:buildbot-0.8.6p1/buildbot/changes/p4poller.py':[
101,
],
'project:buildbot-0.8.6p1/buildbot/changes/pb.py':[
36,
],
'project:buildbot-0.8.6p1/buildbot/changes/svnpoller.py':[
277,
],
'project:buildbot-0.8.6p1/buildbot/config.py':[
210,
520,
596,
],
'project:buildbot-0.8.6p1/buildbot/db/buildrequests.py':[
66,
],
'project:buildbot-0.8.6p1/buildbot/db/migrate/versions/001_initial.py':[
166,
],
'project:buildbot-0.8.6p1/buildbot/db/model.py':[
417,
],
'project:buildbot-0.8.6p1/buildbot/db/pool.py':[
167,
],
'project:buildbot-0.8.6p1/buildbot/db/users.py':[
150,
],
'project:buildbot-0.8.6p1/buildbot/ec2buildslave.py':[
45,
190,
],
'project:buildbot-0.8.6p1/buildbot/process/botmaster.py':[
71,
],
'project:buildbot-0.8.6p1/buildbot/process/build.py':[
284,
398,
],
'project:buildbot-0.8.6p1/buildbot/process/builder.py':[
461,
],
'project:buildbot-0.8.6p1/buildbot/process/metrics.py':[
390,
],
'project:buildbot-0.8.6p1/buildbot/process/properties.py':[
194,
],
'project:buildbot-0.8.6p1/buildbot/process/users/manual.py':[
51,
100,
],
'project:buildbot-0.8.6p1/buildbot/schedulers/base.py':[
170,
364,
],
'project:buildbot-0.8.6p1/buildbot/schedulers/forcesched.py':[
48,
],
'project:buildbot-0.8.6p1/buildbot/schedulers/timed.py':[
283,
],
'project:buildbot-0.8.6p1/buildbot/schedulers/trysched.py':[
85,
],
'project:buildbot-0.8.6p1/buildbot/scripts/runner.py':[
73,
96,
266,
1143,
1297,
],
'project:buildbot-0.8.6p1/buildbot/sourcestamp.py':[
131,
],
'project:buildbot-0.8.6p1/buildbot/status/builder.py':[
215,
320,
352,
],
'project:buildbot-0.8.6p1/buildbot/status/buildstep.py':[
273,
],
'project:buildbot-0.8.6p1/buildbot/status/logfile.py':[
360,
445,
571,
],
'project:buildbot-0.8.6p1/buildbot/status/mail.py':[
69,
169,
402,
540,
623,
],
'project:buildbot-0.8.6p1/buildbot/status/master.py':[
130,
233,
],
'project:buildbot-0.8.6p1/buildbot/status/status_gerrit.py':[
83,
],
'project:buildbot-0.8.6p1/buildbot/status/status_push.py':[
122,
],
'project:buildbot-0.8.6p1/buildbot/status/tinderbox.py':[
152,
],
'project:buildbot-0.8.6p1/buildbot/status/web/authz.py':[
122,
],
'project:buildbot-0.8.6p1/buildbot/status/web/base.py':[
669,
],
'project:buildbot-0.8.6p1/buildbot/status/web/baseweb.py':[
145,
],
'project:buildbot-0.8.6p1/buildbot/status/web/build.py':[
39,
144,
],
'project:buildbot-0.8.6p1/buildbot/status/web/builder.py':[
164,
331,
373,
],
'project:buildbot-0.8.6p1/buildbot/status/web/console.py':[
368,
413,
497,
584,
],
'project:buildbot-0.8.6p1/buildbot/status/web/feeds.py':[
98,
169,
],
'project:buildbot-0.8.6p1/buildbot/status/web/grid.py':[
160,
223,
],
'project:buildbot-0.8.6p1/buildbot/status/web/slaves.py':[
67,
],
'project:buildbot-0.8.6p1/buildbot/status/web/status_json.py':[
196,
287,
],
'project:buildbot-0.8.6p1/buildbot/status/web/waterfall.py':[
71,
229,
430,
534,
689,
],
'project:buildbot-0.8.6p1/buildbot/status/words.py':[
472,
],
'project:buildbot-0.8.6p1/buildbot/steps/master.py':[
73,
],
'project:buildbot-0.8.6p1/buildbot/steps/python.py':[
78,
],
'project:buildbot-0.8.6p1/buildbot/steps/python_twisted.py':[
102,
209,
409,
503,
],
'project:buildbot-0.8.6p1/buildbot/steps/shell.py':[
462,
526,
626,
652,
],
'project:buildbot-0.8.6p1/buildbot/steps/source/oldsource.py':[
504,
],
'project:buildbot-0.8.6p1/buildbot/steps/subunit.py':[
36,
],
'project:buildbot-0.8.6p1/buildbot/steps/trigger.py':[
77,
],
'project:buildbot-0.8.6p1/buildbot/test/fake/fakedb.py':[
710,
880,
],
'project:buildbot-0.8.6p1/buildbot/util/lru.py':[
78,
],
'project:buildbot-0.8.6p1/contrib/buildbot_json.py':[
859,
943,
978,
1018,
1079,
],
'project:buildbot-0.8.6p1/contrib/check_buildbot.py':[
25,
],
'project:buildbot-0.8.6p1/contrib/coverage2text.py':[
24,
],
'project:buildbot-0.8.6p1/contrib/git_buildbot.py':[
200,
],
'project:buildbot-0.8.6p1/contrib/svn_buildbot.py':[
154,
],
'project:buildbot-0.8.6p1/contrib/windows/buildbot_service.py':[
138,
216,
],
'project:buildbot-slave-0.8.6p1/buildslave/bot.py':[
256,
],
'project:buildbot-slave-0.8.6p1/buildslave/commands/hg.py':[
130,
],
'project:buildbot-slave-0.8.6p1/buildslave/commands/utils.py':[
46,
],
'project:buildbot-slave-0.8.6p1/buildslave/runprocess.py':[
232,
395,
568,
720,
],
'project:buildbot-slave-0.8.6p1/buildslave/scripts/runner.py':[
184,
],
'project:buildbot-slave-0.8.6p1/buildslave/test/fake/runprocess.py':[
96,
136,
],
'project:buildbot-slave-0.8.6p1/contrib/windows/buildbot_service.py':[
138,
216,
],
'project:django-2.2.3/django/apps/config.py':[
82,
],
'project:django-2.2.3/django/conf/__init__.py':[
148,
],
'project:django-2.2.3/django/contrib/admin/checks.py':[
60,
549,
],
'project:django-2.2.3/django/contrib/admin/helpers.py':[
192,
],
'project:django-2.2.3/django/contrib/admin/models.py':[
96,
],
'project:django-2.2.3/django/contrib/admin/options.py':[
133,
366,
980,
1165,
1524,
1661,
1924,
2031,
],
'project:django-2.2.3/django/contrib/admin/sites.py':[
401,
],
'project:django-2.2.3/django/contrib/admin/templatetags/admin_list.py':[
47,
105,
211,
353,
],
'project:django-2.2.3/django/contrib/admin/utils.py':[
306,
],
'project:django-2.2.3/django/contrib/admin/views/main.py':[
105,
270,
308,
362,
],
'project:django-2.2.3/django/contrib/admindocs/utils.py':[
190,
],
'project:django-2.2.3/django/contrib/admindocs/views.py':[
185,
],
'project:django-2.2.3/django/contrib/auth/__init__.py':[
87,
],
'project:django-2.2.3/django/contrib/auth/checks.py':[
11,
97,
],
'project:django-2.2.3/django/contrib/auth/management/commands/createsuperuser.py':[
63,
],
'project:django-2.2.3/django/contrib/contenttypes/fields.py':[
504,
],
'project:django-2.2.3/django/contrib/contenttypes/management/__init__.py':[
45,
],
'project:django-2.2.3/django/contrib/contenttypes/management/commands/remove_stale_contenttypes.py':[
22,
],
'project:django-2.2.3/django/contrib/contenttypes/views.py':[
9,
],
'project:django-2.2.3/django/contrib/gis/db/backends/postgis/operations.py':[
48,
],
'project:django-2.2.3/django/contrib/gis/feeds.py':[
32,
],
'project:django-2.2.3/django/contrib/gis/forms/fields.py':[
33,
],
'project:django-2.2.3/django/contrib/gis/gdal/driver.py':[
34,
],
'project:django-2.2.3/django/contrib/gis/gdal/envelope.py':[
94,
],
'project:django-2.2.3/django/contrib/gis/gdal/geometries.py':[
64,
],
'project:django-2.2.3/django/contrib/gis/gdal/raster/band.py':[
180,
],
'project:django-2.2.3/django/contrib/gis/gdal/raster/source.py':[
65,
],
'project:django-2.2.3/django/contrib/gis/geoip2/base.py':[
46,
],
'project:django-2.2.3/django/contrib/gis/geos/geometry.py':[
681,
],
'project:django-2.2.3/django/contrib/gis/geos/linestring.py':[
14,
],
'project:django-2.2.3/django/contrib/gis/sitemaps/kml.py':[
19,
],
'project:django-2.2.3/django/contrib/gis/utils/layermapping.py':[
164,
339,
476,
],
'project:django-2.2.3/django/contrib/gis/utils/ogrinfo.py':[
11,
],
'project:django-2.2.3/django/contrib/gis/utils/ogrinspect.py':[
122,
],
'project:django-2.2.3/django/contrib/humanize/templatetags/humanize.py':[
264,
],
'project:django-2.2.3/django/contrib/postgres/forms/array.py':[
181,
],
'project:django-2.2.3/django/contrib/sessions/middleware.py':[
22,
],
'project:django-2.2.3/django/contrib/sitemaps/views.py':[
49,
],
'project:django-2.2.3/django/contrib/staticfiles/management/commands/collectstatic.py':[
86,
148,
218,
245,
],
'project:django-2.2.3/django/contrib/staticfiles/storage.py':[
118,
155,
257,
],
'project:django-2.2.3/django/contrib/syndication/views.py':[
122,
],
'project:django-2.2.3/django/core/cache/backends/db.py':[
116,
],
'project:django-2.2.3/django/core/exceptions.py':[
96,
],
'project:django-2.2.3/django/core/files/base.py':[
75,
],
'project:django-2.2.3/django/core/files/images.py':[
33,
],
'project:django-2.2.3/django/core/files/storage.py':[
226,
],
'project:django-2.2.3/django/core/handlers/base.py':[
23,
85,
],
'project:django-2.2.3/django/core/handlers/exception.py':[
41,
],
'project:django-2.2.3/django/core/mail/message.py':[
201,
],
'project:django-2.2.3/django/core/management/__init__.py':[
301,
],
'project:django-2.2.3/django/core/management/base.py':[
379,
],
'project:django-2.2.3/django/core/management/commands/compilemessages.py':[
50,
106,
],
'project:django-2.2.3/django/core/management/commands/createcachetable.py':[
46,
],
'project:django-2.2.3/django/core/management/commands/dumpdata.py':[
68,
],
'project:django-2.2.3/django/core/management/commands/inspectdb.py':[
39,
173,
],
'project:django-2.2.3/django/core/management/commands/loaddata.py':[
81,
150,
218,
],
'project:django-2.2.3/django/core/management/commands/makemessages.py':[
171,
284,
452,
521,
616,
658,
],
'project:django-2.2.3/django/core/management/commands/makemigrations.py':[
61,
186,
232,
],
'project:django-2.2.3/django/core/management/commands/migrate.py':[
69,
260,
294,
],
'project:django-2.2.3/django/core/management/commands/runserver.py':[
66,
],
'project:django-2.2.3/django/core/management/commands/shell.py':[
42,
],
'project:django-2.2.3/django/core/management/commands/showmigrations.py':[
61,
97,
],
'project:django-2.2.3/django/core/management/commands/squashmigrations.py':[
45,
],
'project:django-2.2.3/django/core/management/templates.py':[
59,
],
'project:django-2.2.3/django/core/serializers/__init__.py':[
159,
],
'project:django-2.2.3/django/core/serializers/base.py':[
75,
],
'project:django-2.2.3/django/core/serializers/python.py':[
79,
],
'project:django-2.2.3/django/core/serializers/xml_serializer.py':[
171,
238,
],
'project:django-2.2.3/django/core/validators.py':[
110,
],
'project:django-2.2.3/django/db/backends/base/introspection.py':[
102,
],
'project:django-2.2.3/django/db/backends/base/schema.py':[
144,
247,
537,
1105,
],
'project:django-2.2.3/django/db/backends/mysql/introspection.py':[
149,
],
'project:django-2.2.3/django/db/backends/oracle/base.py':[
448,
],
'project:django-2.2.3/django/db/backends/oracle/creation.py':[
30,
130,
],
'project:django-2.2.3/django/db/backends/postgresql/introspection.py':[
145,
],
'project:django-2.2.3/django/db/backends/postgresql/schema.py':[
110,
],
'project:django-2.2.3/django/db/backends/sqlite3/base.py':[
283,
],
'project:django-2.2.3/django/db/backends/sqlite3/creation.py':[
20,
],
'project:django-2.2.3/django/db/backends/sqlite3/introspection.py':[
99,
237,
327,
357,
],
'project:django-2.2.3/django/db/backends/sqlite3/schema.py':[
139,
],
'project:django-2.2.3/django/db/migrations/autodetector.py':[
103,
250,
337,
374,
465,
508,
707,
809,
904,
1079,
1216,
],
'project:django-2.2.3/django/db/migrations/executor.py':[
22,
127,
152,
298,
],
'project:django-2.2.3/django/db/migrations/graph.py':[
122,
],
'project:django-2.2.3/django/db/migrations/loader.py':[
64,
199,
277,
],
'project:django-2.2.3/django/db/migrations/migration.py':[
127,
],
'project:django-2.2.3/django/db/migrations/operations/fields.py':[
39,
302,
],
'project:django-2.2.3/django/db/migrations/operations/models.py':[
120,
304,
],
'project:django-2.2.3/django/db/migrations/state.py':[
107,
361,
403,
],
'project:django-2.2.3/django/db/migrations/writer.py':[
23,
128,
201,
],
'project:django-2.2.3/django/db/models/base.py':[
69,
401,
585,
663,
823,
989,
1048,
1369,
1684,
],
'project:django-2.2.3/django/db/models/deletion.py':[
169,
263,
],
'project:django-2.2.3/django/db/models/fields/__init__.py':[
242,
398,
592,
855,
],
'project:django-2.2.3/django/db/models/fields/related.py':[
1193,
1392,
1529,
],
'project:django-2.2.3/django/db/models/fields/related_descriptors.py':[
147,
194,
542,
794,
],
'project:django-2.2.3/django/db/models/fields/related_lookups.py':[
62,
],
'project:django-2.2.3/django/db/models/indexes.py':[
14,
],
'project:django-2.2.3/django/db/models/options.py':[
151,
206,
736,
],
'project:django-2.2.3/django/db/models/query.py':[
49,
281,
484,
802,
1022,
1541,
1667,
1714,
],
'project:django-2.2.3/django/db/models/query_utils.py':[
221,
],
'project:django-2.2.3/django/db/models/sql/compiler.py':[
62,
191,
261,
410,
464,
772,
945,
1014,
1072,
1265,
1365,
],
'project:django-2.2.3/django/db/models/sql/query.py':[
409,
532,
633,
1154,
1361,
1457,
1860,
1987,
2056,
],
'project:django-2.2.3/django/db/models/sql/where.py':[
32,
65,
],
'project:django-2.2.3/django/db/transaction.py':[
204,
],
'project:django-2.2.3/django/dispatch/dispatcher.py':[
223,
],
'project:django-2.2.3/django/forms/boundfield.py':[
129,
],
'project:django-2.2.3/django/forms/fields.py':[
806,
995,
1079,
],
'project:django-2.2.3/django/forms/forms.py':[
74,
200,
315,
],
'project:django-2.2.3/django/forms/formsets.py':[
226,
],
'project:django-2.2.3/django/forms/models.py':[
32,
103,
207,
591,
676,
812,
985,
],
'project:django-2.2.3/django/forms/widgets.py':[
155,
],
'project:django-2.2.3/django/http/multipartparser.py':[
100,
644,
],
'project:django-2.2.3/django/http/response.py':[
158,
413,
],
'project:django-2.2.3/django/middleware/csrf.py':[
206,
],
'project:django-2.2.3/django/template/base.py':[
352,
426,
624,
668,
746,
816,
1000,
],
'project:django-2.2.3/django/template/defaultfilters.py':[
588,
],
'project:django-2.2.3/django/template/defaulttags.py':[
155,
543,
],
'project:django-2.2.3/django/template/library.py':[
54,
237,
],
'project:django-2.2.3/django/templatetags/i18n.py':[
125,
317,
410,
],
'project:django-2.2.3/django/test/client.py':[
174,
673,
],
'project:django-2.2.3/django/test/html.py':[
54,
77,
],
'project:django-2.2.3/django/test/runner.py':[
469,
],
'project:django-2.2.3/django/test/signals.py':[
50,
],
'project:django-2.2.3/django/test/testcases.py':[
467,
522,
1209,
],
'project:django-2.2.3/django/test/utils.py':[
155,
],
'project:django-2.2.3/django/urls/base.py':[
27,
],
'project:django-2.2.3/django/urls/conf.py':[
12,
],
'project:django-2.2.3/django/urls/resolvers.py':[
433,
529,
603,
],
'project:django-2.2.3/django/utils/archive.py':[
151,
],
'project:django-2.2.3/django/utils/autoreload.py':[
107,
],
'project:django-2.2.3/django/utils/cache.py':[
134,
],
'project:django-2.2.3/django/utils/dateformat.py':[
317,
],
'project:django-2.2.3/django/utils/decorators.py':[
126,
],
'project:django-2.2.3/django/utils/formats.py':[
99,
],
'project:django-2.2.3/django/utils/functional.py':[
92,
],
'project:django-2.2.3/django/utils/html.py':[
239,
],
'project:django-2.2.3/django/utils/http.py':[
83,
339,
397,
],
'project:django-2.2.3/django/utils/module_loading.py':[
27,
],
'project:django-2.2.3/django/utils/numberformat.py':[
7,
],
'project:django-2.2.3/django/utils/regex_helper.py':[
37,
282,
],
'project:django-2.2.3/django/utils/six.py':[
721,
],
'project:django-2.2.3/django/utils/termcolors.py':[
137,
],
'project:django-2.2.3/django/utils/text.py':[
26,
145,
],
'project:django-2.2.3/django/utils/timesince.py':[
27,
],
'project:django-2.2.3/django/utils/translation/template.py':[
35,
],
'project:django-2.2.3/django/utils/translation/trans_real.py':[
394,
445,
],
'project:django-2.2.3/django/views/debug.py':[
154,
193,
258,
388,
456,
],
'project:django-2.2.3/django/views/decorators/http.py':[
55,
],
'project:django-2.2.3/django/views/generic/dates.py':[
629,
],
'project:django-2.2.3/django/views/i18n.py':[
23,
],
'project:django-2.2.3/scripts/manage_translations.py':[
139,
],
'project:docker-compose-1.24.1/compose/cli/main.py':[
687,
989,
1529,
],
'project:docker-compose-1.24.1/compose/config/config.py':[
417,
787,
830,
],
'project:docker-compose-1.24.1/compose/config/serialize.py':[
53,
125,
],
'project:docker-compose-1.24.1/compose/config/sort_services.py':[
46,
],
'project:docker-compose-1.24.1/compose/config/types.py':[
385,
],
'project:docker-compose-1.24.1/compose/config/validation.py':[
370,
],
'project:docker-compose-1.24.1/compose/network.py':[
180,
209,
],
'project:docker-compose-1.24.1/compose/project.py':[
602,
],
'project:docker-compose-1.24.1/compose/service.py':[
909,
1045,
1460,
],
'project:docker-compose-1.24.1/compose/volume.py':[
193,
],
'project:docker-compose-1.24.1/script/release/release.py':[
68,
],
'project:numpy-1.16.4/numpy/core/_dtype.py':[
115,
],
'project:numpy-1.16.4/numpy/core/_internal.py':[
88,
157,
601,
],
'project:numpy-1.16.4/numpy/core/arrayprint.py':[
358,
411,
707,
861,
945,
],
'project:numpy-1.16.4/numpy/core/code_generators/genapi.py':[
196,
],
'project:numpy-1.16.4/numpy/core/code_generators/generate_umath.py':[
83,
953,
],
'project:numpy-1.16.4/numpy/core/defchararray.py':[
2634,
],
'project:numpy-1.16.4/numpy/core/einsumfunc.py':[
314,
415,
525,
704,
1003,
],
'project:numpy-1.16.4/numpy/core/function_base.py':[
38,
],
'project:numpy-1.16.4/numpy/core/machar.py':[
118,
],
'project:numpy-1.16.4/numpy/core/memmap.py':[
207,
],
'project:numpy-1.16.4/numpy/core/numeric.py':[
1211,
1702,
],
'project:numpy-1.16.4/numpy/core/records.py':[
473,
574,
639,
813,
],
'project:numpy-1.16.4/numpy/core/setup.py':[
108,
183,
261,
388,
],
'project:numpy-1.16.4/numpy/core/setup_common.py':[
345,
],
'project:numpy-1.16.4/numpy/core/shape_base.py':[
434,
],
'project:numpy-1.16.4/numpy/core/tests/test_einsum.py':[
233,
],
'project:numpy-1.16.4/numpy/core/tests/test_indexing.py':[
801,
],
'project:numpy-1.16.4/numpy/core/tests/test_item_selection.py':[
12,
],
'project:numpy-1.16.4/numpy/core/tests/test_mem_overlap.py':[
102,
258,
627,
751,
],
'project:numpy-1.16.4/numpy/core/tests/test_multiarray.py':[
2341,
3264,
8110,
],
'project:numpy-1.16.4/numpy/core/tests/test_nditer.py':[
2125,
],
'project:numpy-1.16.4/numpy/core/tests/test_numeric.py':[
2162,
],
'project:numpy-1.16.4/numpy/core/tests/test_numerictypes.py':[
72,
],
'project:numpy-1.16.4/numpy/core/tests/test_regression.py':[
1294,
],
'project:numpy-1.16.4/numpy/core/tests/test_ufunc.py':[
450,
1039,
],
'project:numpy-1.16.4/numpy/core/tests/test_umath.py':[
97,
2177,
],
'project:numpy-1.16.4/numpy/ctypeslib.py':[
231,
401,
],
'project:numpy-1.16.4/numpy/distutils/ccompiler.py':[
223,
468,
598,
],
'project:numpy-1.16.4/numpy/distutils/command/build_clib.py':[
137,
],
'project:numpy-1.16.4/numpy/distutils/command/build_ext.py':[
74,
288,
520,
],
'project:numpy-1.16.4/numpy/distutils/command/build_src.py':[
86,
170,
258,
348,
404,
464,
602,
],
'project:numpy-1.16.4/numpy/distutils/command/config.py':[
39,
112,
349,
],
'project:numpy-1.16.4/numpy/distutils/command/config_compiler.py':[
61,
102,
],
'project:numpy-1.16.4/numpy/distutils/core.py':[
109,
173,
],
'project:numpy-1.16.4/numpy/distutils/cpuinfo.py':[
487,
],
'project:numpy-1.16.4/numpy/distutils/exec_command.py':[
121,
265,
],
'project:numpy-1.16.4/numpy/distutils/fcompiler/__init__.py':[
286,
440,
571,
644,
767,
795,
],
'project:numpy-1.16.4/numpy/distutils/fcompiler/environment.py':[
52,
],
'project:numpy-1.16.4/numpy/distutils/fcompiler/gnu.py':[
41,
194,
],
'project:numpy-1.16.4/numpy/distutils/fcompiler/ibm.py':[
31,
],
'project:numpy-1.16.4/numpy/distutils/from_template.py':[
60,
132,
],
'project:numpy-1.16.4/numpy/distutils/mingw32ccompiler.py':[
63,
],
'project:numpy-1.16.4/numpy/distutils/misc_util.py':[
266,
742,
950,
1054,
1184,
1426,
1833,
1902,
1972,
2014,
],
'project:numpy-1.16.4/numpy/distutils/npy_pkg_config.py':[
290,
],
'project:numpy-1.16.4/numpy/distutils/system_info.py':[
630,
666,
803,
1039,
1131,
1468,
1545,
1624,
1900,
2269,
2523,
],
'project:numpy-1.16.4/numpy/f2py/auxfuncs.py':[
606,
640,
688,
766,
795,
],
'project:numpy-1.16.4/numpy/f2py/capi_maps.py':[
238,
287,
315,
377,
469,
504,
609,
736,
],
'project:numpy-1.16.4/numpy/f2py/cb_rules.py':[
452,
],
'project:numpy-1.16.4/numpy/f2py/cfuncs.py':[
1163,
1230,
],
'project:numpy-1.16.4/numpy/f2py/common_rules.py':[
51,
],
'project:numpy-1.16.4/numpy/f2py/crackfortran.py':[
330,
643,
841,
903,
1536,
1680,
1846,
1878,
1974,
2008,
2051,
2113,
2167,
2319,
2413,
2524,
2875,
2912,
2958,
3003,
3088,
3125,
],
'project:numpy-1.16.4/numpy/f2py/diagnose.py':[
15,
],
'project:numpy-1.16.4/numpy/f2py/f2py2e.py':[
176,
317,
354,
398,
487,
],
'project:numpy-1.16.4/numpy/f2py/f90mod_rules.py':[
89,
],
'project:numpy-1.16.4/numpy/f2py/func2subr.py':[
31,
80,
186,
266,
],
'project:numpy-1.16.4/numpy/f2py/rules.py':[
1158,
1345,
],
'project:numpy-1.16.4/numpy/f2py/tests/test_array_from_pyobj.py':[
197,
],
'project:numpy-1.16.4/numpy/f2py/use_rules.py':[
54,
],
'project:numpy-1.16.4/numpy/fft/tests/test_helper.py':[
88,
],
'project:numpy-1.16.4/numpy/lib/_iotools.py':[
353,
624,
878,
],
'project:numpy-1.16.4/numpy/lib/arraypad.py':[
889,
965,
],
'project:numpy-1.16.4/numpy/lib/arraysetops.py':[
485,
],
'project:numpy-1.16.4/numpy/lib/arrayterator.py':[
181,
],
'project:numpy-1.16.4/numpy/lib/format.py':[
574,
652,
],
'project:numpy-1.16.4/numpy/lib/function_base.py':[
295,
804,
2093,
2176,
2246,
3503,
3846,
4221,
4431,
],
'project:numpy-1.16.4/numpy/lib/histograms.py':[
351,
667,
925,
],
'project:numpy-1.16.4/numpy/lib/index_tricks.py':[
147,
316,
],
'project:numpy-1.16.4/numpy/lib/npyio.py':[
292,
701,
804,
1194,
1544,
],
'project:numpy-1.16.4/numpy/lib/polynomial.py':[
432,
1190,
],
'project:numpy-1.16.4/numpy/lib/recfunctions.py':[
235,
384,
526,
679,
1219,
1372,
],
'project:numpy-1.16.4/numpy/lib/tests/test_format.py':[
560,
],
'project:numpy-1.16.4/numpy/lib/utils.py':[
236,
437,
702,
830,
],
'project:numpy-1.16.4/numpy/linalg/linalg.py':[
560,
770,
1469,
2294,
],
'project:numpy-1.16.4/numpy/linalg/tests/test_linalg.py':[
1263,
],
'project:numpy-1.16.4/numpy/ma/core.py':[
440,
2775,
2931,
3024,
3080,
3163,
3283,
3377,
3663,
4396,
5217,
],
'project:numpy-1.16.4/numpy/ma/extras.py':[
380,
520,
700,
1237,
1353,
],
'project:numpy-1.16.4/numpy/ma/mrecords.py':[
50,
109,
244,
368,
],
'project:numpy-1.16.4/numpy/ma/tests/test_extras.py':[
736,
],
'project:numpy-1.16.4/numpy/ma/testutils.py':[
110,
],
'project:numpy-1.16.4/numpy/ma/timer_comparison.py':[
53,
],
'project:numpy-1.16.4/numpy/matrixlib/defmatrix.py':[
117,
],
'project:numpy-1.16.4/numpy/polynomial/_polybase.py':[
297,
],
'project:numpy-1.16.4/numpy/polynomial/chebyshev.py':[
976,
1607,
],
'project:numpy-1.16.4/numpy/polynomial/hermite.py':[
730,
1372,
],
'project:numpy-1.16.4/numpy/polynomial/hermite_e.py':[
725,
1365,
],
'project:numpy-1.16.4/numpy/polynomial/laguerre.py':[
729,
1371,
],
'project:numpy-1.16.4/numpy/polynomial/legendre.py':[
775,
1407,
],
'project:numpy-1.16.4/numpy/polynomial/polynomial.py':[
573,
1293,
],
'project:numpy-1.16.4/numpy/polynomial/tests/test_chebyshev.py':[
222,
],
'project:numpy-1.16.4/numpy/polynomial/tests/test_hermite.py':[
210,
],
'project:numpy-1.16.4/numpy/polynomial/tests/test_hermite_e.py':[
210,
],
'project:numpy-1.16.4/numpy/polynomial/tests/test_laguerre.py':[
207,
],
'project:numpy-1.16.4/numpy/polynomial/tests/test_legendre.py':[
211,
],
'project:numpy-1.16.4/numpy/polynomial/tests/test_polynomial.py':[
279,
],
'project:numpy-1.16.4/numpy/testing/_private/decorators.py':[
99,
],
'project:numpy-1.16.4/numpy/testing/_private/noseclasses.py':[
60,
],
'project:numpy-1.16.4/numpy/testing/_private/nosetester.py':[
265,
],
'project:numpy-1.16.4/numpy/testing/_private/utils.py':[
266,
294,
466,
591,
690,
1102,
2187,
],
'project:numpy-1.16.4/numpy/testing/print_coercion_tables.py':[
33,
],
'project:numpy-1.16.4/runtests.py':[
66,
303,
],
'project:numpy-1.16.4/setup.py':[
214,
],
'project:numpy-1.16.4/tools/c_coverage/c_coverage_report.py':[
121,
],
'project:numpy-1.16.4/tools/cythonize.py':[
180,
],
'project:numpy-1.16.4/tools/npy_tempita/__init__.py':[
106,
343,
562,
655,
744,
950,
1136,
],
'project:tornado-2.3/demos/appengine/markdown.py':[
188,
279,
441,
828,
1578,
1758,
],
'project:tornado-2.3/demos/blog/markdown.py':[
188,
279,
441,
828,
1578,
1758,
],
'project:tornado-2.3/tornado/auth.py':[
151,
],
'project:tornado-2.3/tornado/curl_httpclient.py':[
275,
],
'project:tornado-2.3/tornado/escape.py':[
238,
],
'project:tornado-2.3/tornado/gen.py':[
322,
],
'project:tornado-2.3/tornado/httpserver.py':[
269,
367,
],
'project:tornado-2.3/tornado/httputil.py':[
208,
],
'project:tornado-2.3/tornado/ioloop.py':[
251,
],
'project:tornado-2.3/tornado/iostream.py':[
438,
],
'project:tornado-2.3/tornado/locale.py':[
84,
261,
],
'project:tornado-2.3/tornado/netutil.py':[
195,
],
'project:tornado-2.3/tornado/options.py':[
115,
158,
],
'project:tornado-2.3/tornado/platform/twisted.py':[
178,
],
'project:tornado-2.3/tornado/process.py':[
69,
],
'project:tornado-2.3/tornado/simple_httpclient.py':[
128,
237,
338,
390,
485,
],
'project:tornado-2.3/tornado/stack_context.py':[
185,
],
'project:tornado-2.3/tornado/template.py':[
679,
],
'project:tornado-2.3/tornado/test/process_test.py':[
52,
],
'project:tornado-2.3/tornado/testing.py':[
169,
],
'project:tornado-2.3/tornado/web.py':[
496,
662,
1276,
1366,
],
'project:tornado-2.3/tornado/websocket.py':[
570,
],
'project:tornado-2.3/tornado/wsgi.py':[
108,
],
'project:twisted-12.1.0/doc/core/examples/dbcred.py':[
84,
],
'project:twisted-12.1.0/twisted/conch/checkers.py':[
197,
],
'project:twisted-12.1.0/twisted/conch/client/default.py':[
81,
],
'project:twisted-12.1.0/twisted/conch/insults/client.py':[
26,
],
'project:twisted-12.1.0/twisted/conch/insults/helper.py':[
293,
],
'project:twisted-12.1.0/twisted/conch/insults/insults.py':[
425,
850,
],
'project:twisted-12.1.0/twisted/conch/insults/window.py':[
270,
300,
],
'project:twisted-12.1.0/twisted/conch/ls.py':[
16,
],
'project:twisted-12.1.0/twisted/conch/openssh_compat/factory.py':[
43,
],
'project:twisted-12.1.0/twisted/conch/scripts/cftp.py':[
745,
],
'project:twisted-12.1.0/twisted/conch/scripts/conch.py':[
90,
188,
],
'project:twisted-12.1.0/twisted/conch/scripts/tkconch.py':[
112,
256,
284,
],
'project:twisted-12.1.0/twisted/conch/ssh/session.py':[
231,
],
'project:twisted-12.1.0/twisted/conch/telnet.py':[
509,
],
'project:twisted-12.1.0/twisted/conch/ui/ansi.py':[
97,
158,
],
'project:twisted-12.1.0/twisted/conch/ui/tkvt100.py':[
101,
],
'project:twisted-12.1.0/twisted/conch/unix.py':[
236,
],
'project:twisted-12.1.0/twisted/internet/_dumbwin32proc.py':[
119,
],
'project:twisted-12.1.0/twisted/internet/_pollingfile.py':[
270,
],
'project:twisted-12.1.0/twisted/internet/_sslverify.py':[
705,
],
'project:twisted-12.1.0/twisted/internet/_threadedselect.py':[
152,
],
'project:twisted-12.1.0/twisted/internet/abstract.py':[
212,
],
'project:twisted-12.1.0/twisted/internet/base.py':[
174,
762,
826,
],
'project:twisted-12.1.0/twisted/internet/defer.py':[
476,
875,
1026,
],
'project:twisted-12.1.0/twisted/internet/iocpreactor/udp.py':[
153,
],
'project:twisted-12.1.0/twisted/internet/kqreactor.py':[
154,
181,
],
'project:twisted-12.1.0/twisted/internet/posixbase.py':[
334,
572,
],
'project:twisted-12.1.0/twisted/internet/process.py':[
355,
616,
719,
980,
],
'project:twisted-12.1.0/twisted/internet/selectreactor.py':[
94,
],
'project:twisted-12.1.0/twisted/internet/tcp.py':[
959,
],
'project:twisted-12.1.0/twisted/internet/udp.py':[
127,
152,
],
'project:twisted-12.1.0/twisted/internet/unix.py':[
262,
],
'project:twisted-12.1.0/twisted/internet/win32eventreactor.py':[
216,
],
'project:twisted-12.1.0/twisted/internet/wxreactor.py':[
120,
],
'project:twisted-12.1.0/twisted/lore/latex.py':[
118,
],
'project:twisted-12.1.0/twisted/lore/lint.py':[
92,
],
'project:twisted-12.1.0/twisted/lore/scripts/lore.py':[
91,
],
'project:twisted-12.1.0/twisted/lore/slides.py':[
211,
],
'project:twisted-12.1.0/twisted/mail/imap4.py':[
1528,
1967,
2434,
2470,
2900,
3559,
3647,
3686,
3916,
4143,
4250,
4820,
5308,
],
'project:twisted-12.1.0/twisted/mail/pop3.py':[
363,
545,
],
'project:twisted-12.1.0/twisted/mail/relaymanager.py':[
545,
],
'project:twisted-12.1.0/twisted/mail/scripts/mailmail.py':[
62,
226,
312,
],
'project:twisted-12.1.0/twisted/mail/smtp.py':[
372,
780,
1349,
],
'project:twisted-12.1.0/twisted/mail/tap.py':[
294,
],
'project:twisted-12.1.0/twisted/mail/test/pop3testserver.py':[
104,
],
'project:twisted-12.1.0/twisted/mail/test/test_smtp.py':[
480,
],
'project:twisted-12.1.0/twisted/manhole/service.py':[
250,
],
'project:twisted-12.1.0/twisted/names/authority.py':[
78,
137,
],
'project:twisted-12.1.0/twisted/names/common.py':[
220,
],
'project:twisted-12.1.0/twisted/names/dns.py':[
322,
],
'project:twisted-12.1.0/twisted/names/root.py':[
171,
],
'project:twisted-12.1.0/twisted/news/nntp.py':[
528,
780,
],
'project:twisted-12.1.0/twisted/persisted/aot.py':[
176,
315,
468,
],
'project:twisted-12.1.0/twisted/persisted/styles.py':[
213,
],
'project:twisted-12.1.0/twisted/plugin.py':[
123,
],
'project:twisted-12.1.0/twisted/protocols/basic.py':[
543,
],
'project:twisted-12.1.0/twisted/protocols/dict.py':[
16,
],
'project:twisted-12.1.0/twisted/protocols/ftp.py':[
733,
1548,
],
'project:twisted-12.1.0/twisted/protocols/gps/rockwell.py':[
76,
],
'project:twisted-12.1.0/twisted/protocols/sip.py':[
329,
428,
673,
],
'project:twisted-12.1.0/twisted/protocols/telnet.py':[
272,
],
'project:twisted-12.1.0/twisted/python/_release.py':[
1007,
1062,
],
'project:twisted-12.1.0/twisted/python/_shellcomp.py':[
34,
466,
],
'project:twisted-12.1.0/twisted/python/compat.py':[
17,
63,
],
'project:twisted-12.1.0/twisted/python/dist.py':[
172,
],
'project:twisted-12.1.0/twisted/python/failure.py':[
30,
170,
520,
],
'project:twisted-12.1.0/twisted/python/filepath.py':[
356,
],
'project:twisted-12.1.0/twisted/python/lockfile.py':[
114,
],
'project:twisted-12.1.0/twisted/python/log.py':[
176,
],
'project:twisted-12.1.0/twisted/python/modules.py':[
111,
416,
],
'project:twisted-12.1.0/twisted/python/rebuild.py':[
130,
],
'project:twisted-12.1.0/twisted/python/reflect.py':[
91,
250,
739,
],
'project:twisted-12.1.0/twisted/python/text.py':[
15,
],
'project:twisted-12.1.0/twisted/python/usage.py':[
210,
370,
475,
859,
],
'project:twisted-12.1.0/twisted/python/util.py':[
272,
380,
606,
935,
],
'project:twisted-12.1.0/twisted/python/zipstream.py':[
261,
342,
],
'project:twisted-12.1.0/twisted/python/zshcomp.py':[
467,
],
'project:twisted-12.1.0/twisted/runner/inetdtap.py':[
64,
],
'project:twisted-12.1.0/twisted/spread/banana.py':[
114,
157,
288,
],
'project:twisted-12.1.0/twisted/spread/jelly.py':[
468,
636,
],
'project:twisted-12.1.0/twisted/spread/pb.py':[
881,
],
'project:twisted-12.1.0/twisted/test/iosim.py':[
213,
],
'project:twisted-12.1.0/twisted/test/test_nmea.py':[
90,
],
'project:twisted-12.1.0/twisted/test/test_process.py':[
865,
],
'project:twisted-12.1.0/twisted/trial/test/test_loader.py':[
532,
],
'project:twisted-12.1.0/twisted/trial/unittest.py':[
895,
],
'project:twisted-12.1.0/twisted/web/_flatten.py':[
97,
],
'project:twisted-12.1.0/twisted/web/_newclient.py':[
447,
621,
],
'project:twisted-12.1.0/twisted/web/domhelpers.py':[
29,
],
'project:twisted-12.1.0/twisted/web/http.py':[
889,
1422,
1515,
],
'project:twisted-12.1.0/twisted/web/microdom.py':[
546,
799,
872,
941,
],
'project:twisted-12.1.0/twisted/web/server.py':[
184,
],
'project:twisted-12.1.0/twisted/web/static.py':[
329,
],
'project:twisted-12.1.0/twisted/web/sux.py':[
228,
358,
],
'project:twisted-12.1.0/twisted/web/template.py':[
169,
],
'project:twisted-12.1.0/twisted/web/test/test_http.py':[
895,
],
'project:twisted-12.1.0/twisted/web/twcgi.py':[
234,
],
'project:twisted-12.1.0/twisted/web/wsgi.py':[
307,
],
'project:twisted-12.1.0/twisted/words/protocols/irc.py':[
176,
],
'project:twisted-12.1.0/twisted/words/protocols/jabber/jid.py':[
21,
],
'project:twisted-12.1.0/twisted/words/protocols/msn.py':[
635,
2197,
],
'project:twisted-12.1.0/twisted/words/protocols/oscar.py':[
98,
208,
529,
671,
],
'project:twisted-12.1.0/twisted/words/xish/domish.py':[
58,
602,
],
'project:twisted-12.1.0/twisted/words/xish/utility.py':[
281,
],
'project:twisted-12.1.0/twisted/words/xish/xpath.py':[
217,
],
'project:twisted-12.1.0/twisted/words/xish/xpathparser.py':[
157,
],
}
