{
"project:biopython/Bio/GenBank/Scanner.py": [
1099
],
"project:biopython/Bio/PDB/DSSP.py": [
388,
402
],
"project:biopython/Bio/PDB/PICIO.py": [
102
],
"project:biopython/Bio/PDB/internal_coords.py": [
4615
],
"project:biopython/Bio/PDB/parse_pdb_header.py": [
94,
206,
221,
229,
297
],
"project:biopython/Bio/Phylo/PAML/_parse_baseml.py": [
13
],
"project:biopython/Bio/Phylo/PAML/_parse_codeml.py": [
12,
404
],
"project:biopython/Bio/Phylo/PAML/_parse_yn00.py": [
37,
43,
73,
123
],
"project:biopython/Bio/PopGen/GenePop/Controller.py": [
624,
651,
919
],
"project:biopython/Bio/SCOP/__init__.py": [
128
],
"project:biopython/Bio/SearchIO/BlastIO/blast_xml.py": [
186,
188
],
"project:biopython/Bio/SearchIO/ExonerateIO/exonerate_cigar.py": [
19
],
"project:biopython/Bio/SearchIO/ExonerateIO/exonerate_text.py": [
26,
34
],
"project:biopython/Bio/SearchIO/ExonerateIO/exonerate_vulgar.py": [
19,
29
],
"project:biopython/Bio/SearchIO/FastaIO.py": [
121,
125,
128
],
"project:biopython/Bio/SearchIO/HHsuiteIO/hhsuite2_text.py": [
18,
24,
28,
29
],
"project:biopython/Bio/SearchIO/HmmerIO/hmmer2_text.py": [
18
],
"project:biopython/Bio/SearchIO/HmmerIO/hmmer3_text.py": [
20,
22,
24,
26,
29,
31,
32
],
"project:biopython/Bio/SearchIO/_legacy/NCBIStandalone.py": [
1259,
1303
],
"project:biopython/Bio/motifs/jaspar/__init__.py": [
279
],
"project:biopython/Bio/motifs/pfm.py": [
335
],
"project:buildbot-0.8.6p1/buildbot/__init__.py": [
33
],
"project:buildbot-0.8.6p1/buildbot/changes/mail.py": [
205,
414,
436
],
"project:buildbot-0.8.6p1/buildbot/changes/p4poller.py": [
55,
57
],
"project:buildbot-0.8.6p1/buildbot/clients/base.py": [
111
],
"project:buildbot-0.8.6p1/buildbot/clients/debug.py": [
30
],
"project:buildbot-0.8.6p1/buildbot/process/mtrlogobserver.py": [
85
],
"project:buildbot-0.8.6p1/buildbot/status/mail.py": [
49
],
"project:buildbot-0.8.6p1/buildbot/status/web/base.py": [
546
],
"project:buildbot-0.8.6p1/buildbot/steps/shell.py": [
382,
686
],
"project:buildbot-0.8.6p1/buildbot/steps/source/svn.py": [
356
],
"project:buildbot-0.8.6p1/contrib/git_buildbot.py": [
131,
137,
228
],
"project:buildbot-slave-0.8.6p1/buildslave/__init__.py": [
33
],
"project:buildbot-slave-0.8.6p1/buildslave/commands/hg.py": [
156
],
"project:django-4.2.5/django/contrib/admindocs/utils.py": [
165
],
"project:django-4.2.5/django/contrib/gis/db/backends/postgis/operations.py": [
370
],
"project:django-4.2.5/django/core/management/commands/makemessages.py": [
486
],
"project:django-4.2.5/django/db/migrations/autodetector.py": [
1754
],
"project:django-4.2.5/django/db/migrations/writer.py": [
163
],
"project:django-4.2.5/django/template/defaulttags.py": [
845
],
"project:django-4.2.5/tests/auth_tests/client.py": [
11
],
"project:django-4.2.5/tests/cache/tests.py": [
2158
],
"project:django-4.2.5/tests/fixtures_regress/tests.py": [
386
],
"project:django-4.2.5/tests/inspectdb/tests.py": [
33
],
"project:django-4.2.5/tests/serializers/test_json.py": [
75
],
"project:django-4.2.5/tests/serializers/test_jsonl.py": [
63
],
"project:django-cms-3.11.4/cms/utils/urlutils.py": [
21,
73
],
"project:mypy-1.5.1/misc/find_type.py": [
53
],
"project:mypy-1.5.1/misc/upload-pypi.py": [
84
],
"project:mypy-1.5.1/mypy/test/data.py": [
503,
576
],
"project:mypy-1.5.1/mypy/test/helpers.py": [
206
],
"project:mypy-1.5.1/mypy/test/update_data.py": [
67
],
"project:numpy-1.26.0/doc/source/conf.py": [
122,
123
],
"project:numpy-1.26.0/numpy/core/code_generators/genapi.py": [
193,
268
],
"project:numpy-1.26.0/numpy/core/code_generators/generate_umath.py": [
1139
],
"project:numpy-1.26.0/numpy/distutils/command/build_src.py": [
722
],
"project:numpy-1.26.0/numpy/distutils/conv_template.py": [
141,
155,
156
],
"project:numpy-1.26.0/numpy/distutils/cpuinfo.py": [
211,
219,
223,
227,
231
],
"project:numpy-1.26.0/numpy/distutils/fcompiler/gnu.py": [
61
],
"project:numpy-1.26.0/numpy/distutils/fcompiler/ibm.py": [
80
],
"project:numpy-1.26.0/numpy/distutils/from_template.py": [
86,
87
],
"project:numpy-1.26.0/numpy/distutils/npy_pkg_config.py": [
421
],
"project:numpy-1.26.0/numpy/f2py/crackfortran.py": [
698,
699,
700,
935,
940,
945,
947,
949,
972,
1355,
1517,
1610,
1612,
1614,
1620,
2178,
2470,
2472,
2474,
2958,
3024,
3027
],
"project:numpy-1.26.0/numpy/f2py/symbolic.py": [
1360,
1363,
1400,
1481
],
"project:numpy-1.26.0/numpy/lib/utils.py": [
751
],
"project:numpy-1.26.0/numpy/linalg/lapack_lite/clapack_scrub.py": [
102,
271
],
"project:numpy-1.26.0/numpy/linalg/lapack_lite/make_lite.py": [
287
],
"project:numpy-1.26.0/tools/changelog.py": [
58
],
"project:numpy-1.26.0/tools/npy_tempita/__init__.py": [
55
],
"project:numpy-1.26.0/tools/refguide_check.py": [
493,
498
],
"project:numpy-1.26.0/vendored-meson/meson-python/mesonpy/__init__.py": [
369
],
"project:numpy-1.26.0/vendored-meson/meson/docs/refman/generatorman.py": [
109
],
"project:numpy-1.26.0/vendored-meson/meson/docs/refman/generatormd.py": [
92
],
"project:numpy-1.26.0/vendored-meson/meson/mesonbuild/ast/printer.py": [
43
],
"project:numpy-1.26.0/vendored-meson/meson/mesonbuild/backend/ninjabackend.py": [
63,
64,
65,
72,
74,
559
],
"project:numpy-1.26.0/vendored-meson/meson/mesonbuild/cmake/executor.py": [
167
],
"project:numpy-1.26.0/vendored-meson/meson/mesonbuild/cmake/interpreter.py": [
131
],
"project:numpy-1.26.0/vendored-meson/meson/mesonbuild/cmake/traceparser.py": [
730,
783
],
"project:numpy-1.26.0/vendored-meson/meson/mesonbuild/compilers/detect.py": [
389,
406,
496,
588,
598,
703
],
"project:numpy-1.26.0/vendored-meson/meson/mesonbuild/compilers/mixins/elbrus.py": [
80
],
"project:numpy-1.26.0/vendored-meson/meson/mesonbuild/dependencies/cuda.py": [
160
],
"project:numpy-1.26.0/vendored-meson/meson/mesonbuild/dependencies/dub.py": [
416
],
"project:numpy-1.26.0/vendored-meson/meson/mesonbuild/dependencies/hdf5.py": [
151
],
"project:numpy-1.26.0/vendored-meson/meson/mesonbuild/dependencies/mpi.py": [
201
],
"project:numpy-1.26.0/vendored-meson/meson/mesonbuild/linkers/detect.py": [
99,
179
],
"project:numpy-1.26.0/vendored-meson/meson/mesonbuild/scripts/depscan.py": [
34,
35,
36
],
"project:numpy-1.26.0/vendored-meson/meson/mesonbuild/utils/universal.py": [
970
],
"project:numpy-1.26.0/vendored-meson/meson/tools/regenerate_docs.py": [
71
],
"project:numpy-1.26.0/vendored-meson/meson/unittests/baseplatformtests.py": [
479
],
"project:numpy-1.26.0/vendored-meson/meson/unittests/darwintests.py": [
98
],
"project:numpy-1.26.0/vendored-meson/meson/unittests/datatests.py": [
160
],
"project:numpy-1.26.0/vendored-meson/meson/unittests/linuxliketests.py": [
1268
],
"project:pecos/setup.py": [
47
],
"project:tensorflow/python/autograph/operators/control_flow_test.py": [
816,
843,
973,
998
],
"project:tensorflow/python/client/timeline.py": [
387
],
"project:tensorflow/python/debug/lib/check_numerics_callback_test.py": [
221,
222,
249,
290,
291,
333,
364
],
"project:tensorflow/python/distribute/cluster_resolver/tpu/tpu_cluster_resolver.py": [
50
],
"project:tensorflow/python/distribute/failure_handling/failure_handler_test.py": [
209,
539
],
"project:tensorflow/python/distribute/failure_handling/gce_failure_handler_test.py": [
205
],
"project:tensorflow/python/eager/tensor_test.py": [
245,
246
],
"project:tensorflow/python/profiler/model_analyzer_test.py": [
113,
125,
135,
664,
667,
697,
701
],
"project:tensorflow/python/tools/optimize_for_inference_lib.py": [
151
],
"project:tensorflow/tools/ci_build/sizetrack_helper.py": [
211
],
"project:tensorflow/tools/ci_build/update_version.py": [
126
],
"project:tensorflow/tools/docs/fenced_doctest_lib.py": [
132
],
"project:tensorflow/tools/docs/tf_doctest_lib.py": [
111
],
"project:tensorflow/tools/tensorflow_builder/config_detector/config_detector.py": [
311,
502
],
"project:tensorflow/tools/tensorflow_builder/config_detector/data/cuda_compute_capability.py": [
68,
71
],
"project:tensorflow/tools/test/system_info_lib.py": [
80
],
"project:tornado-6.3.3/tornado/template.py": [
244
],
"project:tornado-6.3.3/tornado/test/concurrent_test.py": [
76
],
"project:tornado-6.3.3/tornado/test/web_test.py": [
3010
],
"project:twisted-23.8.0/src/twisted/conch/test/test_filetransfer.py": [
848
],
"project:twisted-23.8.0/src/twisted/python/win32.py": [
58,
59
]
}
