{
"project:biopython/Bio/SeqRecord.py": [
824,
828,
832,
836,
840,
844
],
"project:biopython/Bio/_utils.py": [
68,
68
],
"project:mypy-1.5.1/misc/diff-cache.py": [
34,
47,
47
],
"project:mypy-1.5.1/misc/incremental_checker.py": [
396
],
"project:mypy-1.5.1/mypy/build.py": [
336,
357,
903,
1510
],
"project:mypy-1.5.1/mypy/config_parser.py": [
462
],
"project:mypy-1.5.1/mypy/dmypy_server.py": [
932
],
"project:mypy-1.5.1/mypy/dmypy_util.py": [
16
],
"project:mypy-1.5.1/mypy/fastparse.py": [
387,
1504,
1506,
1946,
1949
],
"project:mypy-1.5.1/mypy/fixup.py": [
236,
260,
264,
267,
270,
273,
339
],
"project:mypy-1.5.1/mypy/main.py": [
344,
344
],
"project:mypy-1.5.1/mypy/messages.py": [
547,
548
],
"project:mypy-1.5.1/mypy/metastore.py": [
175
],
"project:mypy-1.5.1/mypy/plugin.py": [
391,
548,
837
],
"project:mypy-1.5.1/mypy/report.py": [
590,
600
],
"project:mypy-1.5.1/mypy/split_namespace.py": [
25,
31
],
"project:mypy-1.5.1/mypy/strconv.py": [
157
],
"project:mypy-1.5.1/mypy/stubdoc.py": [
49
],
"project:mypy-1.5.1/mypy/stubgenc.py": [
298
],
"project:mypy-1.5.1/mypy/stubtest.py": [
59,
560,
696,
703,
710,
717,
1156,
1179,
1189,
1424,
1436,
1470
],
"project:mypy-1.5.1/mypy/subtypes.py": [
1718
],
"project:mypy-1.5.1/mypy/test/data.py": [
593,
633
],
"project:mypy-1.5.1/mypy/test/teststubtest.py": [
148,
148,
2005
],
"project:mypy-1.5.1/mypy/types.py": [
569,
616,
740,
863
],
"project:mypy-1.5.1/mypyc/build.py": [
535
],
"project:mypy-1.5.1/mypyc/ir/pprint.py": [
281
],
"project:mypy-1.5.1/mypyc/irbuild/builder.py": [
1301
],
"project:mypy-1.5.1/mypyc/irbuild/util.py": [
78
],
"project:mypy-1.5.1/mypyc/test-data/fixtures/ir.py": [
107,
107,
289,
289,
290,
290,
291,
292,
293,
318,
342,
342,
343,
349,
373
],
"project:mypy-1.5.1/mypyc/test-data/fixtures/testutil.py": [
53,
56,
101,
101,
101
],
"project:mypy-1.5.1/mypyc/test/test_run.py": [
361
],
"project:mypy-1.5.1/mypyc/test/test_serialization.py": [
19,
34,
34
],
"project:mypy-1.5.1/test-data/unit/plugins/config_data.py": [
10
],
"project:numpy-1.26.0/numpy/_typing/_nested_sequence.py": [
80,
84
],
"project:numpy-1.26.0/numpy/typing/tests/data/pass/arithmetic.py": [
34,
37,
40,
43,
46,
49,
52,
55
],
"project:numpy-1.26.0/numpy/typing/tests/data/pass/array_constructors.py": [
15
],
"project:numpy-1.26.0/numpy/typing/tests/data/pass/array_like.py": [
40
],
"project:numpy-1.26.0/vendored-meson/meson-python/mesonpy/__init__.py": [
566,
578,
596,
601,
604
],
"project:numpy-1.26.0/vendored-meson/meson/docs/refman/loaderyaml.py": [
169,
178
],
"project:numpy-1.26.0/vendored-meson/meson/mesonbuild/_typing.py": [
70,
71,
72,
73,
74,
75
],
"project:numpy-1.26.0/vendored-meson/meson/mesonbuild/ast/interpreter.py": [
330
],
"project:numpy-1.26.0/vendored-meson/meson/mesonbuild/cargo/cfg.py": [
228
],
"project:numpy-1.26.0/vendored-meson/meson/mesonbuild/cmake/fileapi.py": [
282,
282,
296,
296
],
"project:numpy-1.26.0/vendored-meson/meson/mesonbuild/coredata.py": [
112,
122,
125,
131,
136,
150,
162,
176,
201,
211,
223,
234,
312,
591,
591,
1167,
1168,
1195,
1209
],
"project:numpy-1.26.0/vendored-meson/meson/mesonbuild/dependencies/base.py": [
52
],
"project:numpy-1.26.0/vendored-meson/meson/mesonbuild/interpreterbase/decorators.py": [
60,
60,
60,
69,
69,
69,
78,
78,
78,
99,
99,
99,
106,
106,
106,
121,
121,
121,
214,
214,
214,
307,
324,
506,
516,
516,
516,
685,
685,
685,
816,
816,
816
],
"project:numpy-1.26.0/vendored-meson/meson/mesonbuild/interpreterbase/disabler.py": [
29
],
"project:numpy-1.26.0/vendored-meson/meson/mesonbuild/mconf.py": [
46,
177,
177
],
"project:numpy-1.26.0/vendored-meson/meson/mesonbuild/minstall.py": [
127,
127,
305,
305,
309,
309,
313,
313,
317,
317,
321,
321,
325,
325,
329,
329,
333,
333,
337,
337,
341,
341,
345,
345,
349,
349,
357,
357
],
"project:numpy-1.26.0/vendored-meson/meson/mesonbuild/mintro.py": [
530
],
"project:numpy-1.26.0/vendored-meson/meson/mesonbuild/modules/cmake.py": [
449,
449
],
"project:numpy-1.26.0/vendored-meson/meson/mesonbuild/modules/features/feature.py": [
69,
342,
347,
352,
355
],
"project:numpy-1.26.0/vendored-meson/meson/mesonbuild/modules/features/module.py": [
77
],
"project:numpy-1.26.0/vendored-meson/meson/mesonbuild/modules/features/utils.py": [
34
],
"project:numpy-1.26.0/vendored-meson/meson/mesonbuild/modules/fs.py": [
314,
314
],
"project:numpy-1.26.0/vendored-meson/meson/mesonbuild/modules/java.py": [
116,
116
],
"project:numpy-1.26.0/vendored-meson/meson/mesonbuild/msubprojects.py": [
125
],
"project:numpy-1.26.0/vendored-meson/meson/mesonbuild/mtest.py": [
918,
918,
918,
1664,
1664,
1664
],
"project:numpy-1.26.0/vendored-meson/meson/mesonbuild/scripts/depfixer.py": [
168,
168,
168
],
"project:numpy-1.26.0/vendored-meson/meson/mesonbuild/scripts/env2mfile.py": [
174,
323,
331,
374,
389
],
"project:numpy-1.26.0/vendored-meson/meson/mesonbuild/scripts/run_tool.py": [
40
],
"project:numpy-1.26.0/vendored-meson/meson/mesonbuild/scripts/symbolextractor.py": [
74,
89
],
"project:numpy-1.26.0/vendored-meson/meson/mesonbuild/utils/platform.py": [
37
],
"project:numpy-1.26.0/vendored-meson/meson/mesonbuild/utils/posix.py": [
41
],
"project:numpy-1.26.0/vendored-meson/meson/mesonbuild/utils/universal.py": [
197,
1390,
1473,
1505,
1525,
1774,
1774,
1774,
1971,
1971,
1990,
2071,
2071,
2084,
2084,
2245
],
"project:numpy-1.26.0/vendored-meson/meson/mesonbuild/utils/win32.py": [
38
],
"project:tensorflow/python/compiler/tensorrt/model_tests/result_analyzer.py": [
86
],
"project:tensorflow/python/eager/polymorphic_function/atomic_function.py": [
74,
75,
76
],
"project:tensorflow/python/eager/polymorphic_function/function_context.py": [
31,
32,
33,
34,
35,
36
],
"project:tensorflow/python/eager/polymorphic_function/function_spec.py": [
309,
310,
311
],
"project:tensorflow/python/framework/type_spec.py": [
427,
445
],
"project:tensorflow/python/ops/ragged/dynamic_ragged_shape.py": [
1213,
1236
],
"project:tensorflow/python/tpu/async_checkpoint.py": [
123,
147,
151
],
"project:tensorflow/python/tpu/tpu.py": [
959,
1056,
1438
],
"project:tensorflow/python/tpu/tpu_embedding_base.py": [
135,
135,
142,
143
],
"project:tensorflow/python/tpu/tpu_embedding_for_serving.py": [
155,
156,
210,
214
],
"project:tensorflow/python/tpu/tpu_embedding_v1.py": [
240,
241
],
"project:tensorflow/python/tpu/tpu_embedding_v2_utils.py": [
173
],
"project:tensorflow/python/tpu/tpu_replication.py": [
62,
573
],
"project:tensorflow/python/tpu/training_loop.py": [
35,
35,
187
],
"project:tensorflow/python/types/trace.py": [
164,
220
],
"project:tornado-6.3.3/tornado/__init__.py": [
64
],
"project:tornado-6.3.3/tornado/auth.py": [
615,
616,
744,
745,
1069,
1070
],
"project:tornado-6.3.3/tornado/concurrent.py": [
52,
58,
58,
74,
74,
120,
120,
120
],
"project:tornado-6.3.3/tornado/curl_httpclient.py": [
105,
311
],
"project:tornado-6.3.3/tornado/escape.py": [
67,
78,
242,
242
],
"project:tornado-6.3.3/tornado/gen.py": [
131,
161,
161,
273,
303,
555,
822
],
"project:tornado-6.3.3/tornado/httpclient.py": [
92,
123,
198,
253,
316,
747
],
"project:tornado-6.3.3/tornado/httpserver.py": [
156,
156
],
"project:tornado-6.3.3/tornado/httputil.py": [
121
],
"project:tornado-6.3.3/tornado/ioloop.py": [
164,
453,
547,
548,
585,
585,
600,
600,
626,
626,
642,
642,
651,
651,
699
],
"project:tornado-6.3.3/tornado/iostream.py": [
1098,
1098,
1131,
1333,
1333,
1425,
1609,
1609,
1651
],
"project:tornado-6.3.3/tornado/locale.py": [
450
],
"project:tornado-6.3.3/tornado/locks.py": [
267
],
"project:tornado-6.3.3/tornado/log.py": [
74,
168,
216,
265
],
"project:tornado-6.3.3/tornado/netutil.py": [
649
],
"project:tornado-6.3.3/tornado/options.py": [
154,
160,
173,
176,
226,
519,
522,
540,
564,
567,
593,
691
],
"project:tornado-6.3.3/tornado/platform/asyncio.py": [
80,
201,
201,
215,
215,
240,
240,
253,
276,
311,
472,
637,
643
],
"project:tornado-6.3.3/tornado/process.py": [
215,
215
],
"project:tornado-6.3.3/tornado/routing.py": [
194,
218,
359,
377,
377,
428,
447,
477,
505,
540,
593,
660
],
"project:tornado-6.3.3/tornado/tcpserver.py": [
340
],
"project:tornado-6.3.3/tornado/template.py": [
337,
456,
484,
748,
762
],
"project:tornado-6.3.3/tornado/test/concurrent_test.py": [
115,
121,
127,
135
],
"project:tornado-6.3.3/tornado/test/httpserver_test.py": [
128,
132,
136,
150
],
"project:tornado-6.3.3/tornado/test/iostream_test.py": [
66,
77,
87,
107,
129,
146,
155,
208,
224,
250,
269,
318,
332,
356,
381,
393,
418,
446,
465,
482,
510,
545,
560,
593,
635,
664,
733,
751,
768,
785,
801
],
"project:tornado-6.3.3/tornado/test/netutil_test.py": [
45,
63
],
"project:tornado-6.3.3/tornado/test/simple_httpclient_test.py": [
149,
180,
198,
229,
235,
244,
251,
256,
267,
295,
307,
320,
334,
340,
347,
356,
365,
385,
401,
418,
425,
435,
442,
452,
464,
481,
487,
499
],
"project:tornado-6.3.3/tornado/test/web_test.py": [
2387,
2403,
2426
],
"project:tornado-6.3.3/tornado/test/websocket_test.py": [
676,
691,
709,
749
],
"project:tornado-6.3.3/tornado/testing.py": [
101,
101,
111,
295,
295,
317,
425,
772,
772,
779
],
"project:tornado-6.3.3/tornado/util.py": [
75,
81,
125,
155,
259,
259,
259,
388,
389,
400
],
"project:tornado-6.3.3/tornado/web.py": [
212,
611,
678,
704,
741,
925,
1065,
1262,
1300,
1388,
1424,
1427,
1629,
1674,
2024,
2024,
2122,
2182,
2236,
2251,
2274,
2311,
2468,
2469,
2584,
2584,
3312,
3315,
3315,
3357,
3363,
3394
],
"project:tornado-6.3.3/tornado/websocket.py": [
217,
225,
225,
608,
608,
622,
622
],
"project:twisted-23.8.0/src/twisted/application/runner/test/test_pidfile.py": [
50,
50,
50,
50
],
"project:twisted-23.8.0/src/twisted/application/runner/test/test_runner.py": [
448,
448
],
"project:twisted-23.8.0/src/twisted/application/twist/test/test_twist.py": [
162
],
"project:twisted-23.8.0/src/twisted/conch/test/test_tap.py": [
108
],
"project:twisted-23.8.0/src/twisted/cred/checkers.py": [
51
],
"project:twisted-23.8.0/src/twisted/internet/_glibbase.py": [
135,
135
],
"project:twisted-23.8.0/src/twisted/internet/base.py": [
633
],
"project:twisted-23.8.0/src/twisted/internet/defer.py": [
636,
636,
636,
674,
674,
674,
758,
758,
758,
1749,
1766,
1985
],
"project:twisted-23.8.0/src/twisted/internet/interfaces.py": [
1390,
1421
],
"project:twisted-23.8.0/src/twisted/logger/_flatten.py": [
123
],
"project:twisted-23.8.0/src/twisted/logger/_format.py": [
189
],
"project:twisted-23.8.0/src/twisted/logger/_global.py": [
75
],
"project:twisted-23.8.0/src/twisted/logger/_logger.py": [
92
],
"project:twisted-23.8.0/src/twisted/logger/test/test_flatten.py": [
269
],
"project:twisted-23.8.0/src/twisted/python/compat.py": [
248,
254,
260,
266,
272,
278
],
"project:twisted-23.8.0/src/twisted/python/formmethod.py": [
35
],
"project:twisted-23.8.0/src/twisted/test/test_defer.py": [
200
]
}
