{
"project:buildbot-0.8.6p1/buildbot/test/unit/test_revlinks.py": [
81
],
"project:django-2.2.3/django/contrib/gis/geos/prototypes/io.py": [
151,
153,
238,
249,
258,
263,
270,
276,
281,
285
],
"project:django-2.2.3/django/db/transaction.py": [
297
],
"project:django-2.2.3/django/test/utils.py": [
789
],
"project:pecos/examples/qp2q/preprocessing/session_data_processing.py": [
34
],
"project:pecos/examples/qp2q/preprocessing/sparse_data_processing.py": [
40
],
"project:tensorflow/python/ops/control_flow_util_v2.py": [
255
],
"project:tensorflow/python/training/tracking/util.py": [
77
]
}
