{
'project:buildbot-0.8.6p1/buildbot/buildslave.py':[
0,
],
'project:buildbot-0.8.6p1/buildbot/interfaces.py':[
0,
],
'project:buildbot-0.8.6p1/buildbot/scripts/runner.py':[
0,
],
'project:buildbot-0.8.6p1/buildbot/status/words.py':[
0,
],
'project:buildbot-0.8.6p1/buildbot/steps/source/oldsource.py':[
0,
],
'project:buildbot-0.8.6p1/buildbot/test/fake/fakedb.py':[
0,
],
'project:buildbot-0.8.6p1/buildbot/test/unit/test_config.py':[
0,
],
'project:buildbot-0.8.6p1/buildbot/test/unit/test_steps_source_svn.py':[
0,
],
'project:buildbot-0.8.6p1/contrib/buildbot_json.py':[
0,
],
'project:django-2.2.3/django/contrib/admin/checks.py':[
0,
],
'project:django-2.2.3/django/contrib/admin/options.py':[
0,
],
'project:django-2.2.3/django/db/backends/base/schema.py':[
0,
],
'project:django-2.2.3/django/db/migrations/autodetector.py':[
0,
],
'project:django-2.2.3/django/db/models/base.py':[
0,
],
'project:django-2.2.3/django/db/models/expressions.py':[
0,
],
'project:django-2.2.3/django/db/models/fields/__init__.py':[
0,
],
'project:django-2.2.3/django/db/models/fields/related.py':[
0,
],
'project:django-2.2.3/django/db/models/fields/related_descriptors.py':[
0,
],
'project:django-2.2.3/django/db/models/query.py':[
0,
],
'project:django-2.2.3/django/db/models/sql/compiler.py':[
0,
],
'project:django-2.2.3/django/db/models/sql/query.py':[
0,
],
'project:django-2.2.3/django/forms/fields.py':[
0,
],
'project:django-2.2.3/django/forms/models.py':[
0,
],
'project:django-2.2.3/django/forms/widgets.py':[
0,
],
'project:django-2.2.3/django/template/base.py':[
0,
],
'project:django-2.2.3/django/template/defaulttags.py':[
0,
],
'project:django-2.2.3/django/test/testcases.py':[
0,
],
'project:django-cms-3.7.1/cms/admin/forms.py':[
0,
],
'project:django-cms-3.7.1/cms/admin/pageadmin.py':[
0,
],
'project:django-cms-3.7.1/cms/admin/placeholderadmin.py':[
0,
],
'project:django-cms-3.7.1/cms/models/pagemodel.py':[
0,
],
'project:django-cms-3.7.1/cms/templatetags/cms_tags.py':[
0,
],
'project:django-cms-3.7.1/cms/tests/test_admin.py':[
0,
],
'project:django-cms-3.7.1/cms/tests/test_apphooks.py':[
0,
],
'project:django-cms-3.7.1/cms/tests/test_menu.py':[
0,
],
'project:django-cms-3.7.1/cms/tests/test_nested_plugins.py':[
0,
],
'project:django-cms-3.7.1/cms/tests/test_page.py':[
0,
],
'project:django-cms-3.7.1/cms/tests/test_page_admin.py':[
0,
],
'project:django-cms-3.7.1/cms/tests/test_permmod.py':[
0,
],
'project:django-cms-3.7.1/cms/tests/test_placeholder.py':[
0,
],
'project:django-cms-3.7.1/cms/tests/test_plugins.py':[
0,
],
'project:django-cms-3.7.1/cms/tests/test_toolbar.py':[
0,
],
'project:docker-compose-1.24.1/compose/cli/main.py':[
0,
],
'project:docker-compose-1.24.1/compose/config/config.py':[
0,
],
'project:docker-compose-1.24.1/compose/service.py':[
0,
],
'project:docker-compose-1.24.1/tests/acceptance/cli_test.py':[
0,
],
'project:docker-compose-1.24.1/tests/integration/project_test.py':[
0,
],
'project:docker-compose-1.24.1/tests/integration/service_test.py':[
0,
],
'project:docker-compose-1.24.1/tests/unit/config/config_test.py':[
0,
],
'project:docker-compose-1.24.1/tests/unit/service_test.py':[
0,
],
'project:numpy-1.16.4/numpy/core/_add_newdocs.py':[
0,
],
'project:numpy-1.16.4/numpy/core/arrayprint.py':[
0,
],
'project:numpy-1.16.4/numpy/core/code_generators/generate_umath.py':[
0,
],
'project:numpy-1.16.4/numpy/core/code_generators/ufunc_docstrings.py':[
0,
],
'project:numpy-1.16.4/numpy/core/defchararray.py':[
0,
],
'project:numpy-1.16.4/numpy/core/einsumfunc.py':[
0,
],
'project:numpy-1.16.4/numpy/core/fromnumeric.py':[
0,
],
'project:numpy-1.16.4/numpy/core/multiarray.py':[
0,
],
'project:numpy-1.16.4/numpy/core/numeric.py':[
0,
],
'project:numpy-1.16.4/numpy/core/tests/test_datetime.py':[
0,
],
'project:numpy-1.16.4/numpy/core/tests/test_dtype.py':[
0,
],
'project:numpy-1.16.4/numpy/core/tests/test_einsum.py':[
0,
],
'project:numpy-1.16.4/numpy/core/tests/test_indexing.py':[
0,
],
'project:numpy-1.16.4/numpy/core/tests/test_multiarray.py':[
0,
],
'project:numpy-1.16.4/numpy/core/tests/test_nditer.py':[
0,
],
'project:numpy-1.16.4/numpy/core/tests/test_numeric.py':[
0,
],
'project:numpy-1.16.4/numpy/core/tests/test_regression.py':[
0,
],
'project:numpy-1.16.4/numpy/core/tests/test_ufunc.py':[
0,
],
'project:numpy-1.16.4/numpy/core/tests/test_umath.py':[
0,
],
'project:numpy-1.16.4/numpy/distutils/fcompiler/__init__.py':[
0,
],
'project:numpy-1.16.4/numpy/distutils/misc_util.py':[
0,
],
'project:numpy-1.16.4/numpy/distutils/system_info.py':[
0,
],
'project:numpy-1.16.4/numpy/f2py/cfuncs.py':[
0,
],
'project:numpy-1.16.4/numpy/f2py/crackfortran.py':[
0,
],
'project:numpy-1.16.4/numpy/f2py/rules.py':[
0,
],
'project:numpy-1.16.4/numpy/fft/fftpack.py':[
0,
],
'project:numpy-1.16.4/numpy/lib/arraypad.py':[
0,
],
'project:numpy-1.16.4/numpy/lib/function_base.py':[
0,
],
'project:numpy-1.16.4/numpy/lib/histograms.py':[
0,
],
'project:numpy-1.16.4/numpy/lib/nanfunctions.py':[
0,
],
'project:numpy-1.16.4/numpy/lib/npyio.py':[
0,
],
'project:numpy-1.16.4/numpy/lib/polynomial.py':[
0,
],
'project:numpy-1.16.4/numpy/lib/recfunctions.py':[
0,
],
'project:numpy-1.16.4/numpy/lib/shape_base.py':[
0,
],
'project:numpy-1.16.4/numpy/lib/tests/test_arraypad.py':[
0,
],
'project:numpy-1.16.4/numpy/lib/tests/test_function_base.py':[
0,
],
'project:numpy-1.16.4/numpy/lib/tests/test_io.py':[
0,
],
'project:numpy-1.16.4/numpy/lib/twodim_base.py':[
0,
],
'project:numpy-1.16.4/numpy/lib/utils.py':[
0,
],
'project:numpy-1.16.4/numpy/linalg/linalg.py':[
0,
],
'project:numpy-1.16.4/numpy/linalg/tests/test_linalg.py':[
0,
],
'project:numpy-1.16.4/numpy/ma/core.py':[
0,
],
'project:numpy-1.16.4/numpy/ma/extras.py':[
0,
],
'project:numpy-1.16.4/numpy/ma/tests/test_core.py':[
0,
],
'project:numpy-1.16.4/numpy/ma/tests/test_extras.py':[
0,
],
'project:numpy-1.16.4/numpy/matrixlib/defmatrix.py':[
0,
],
'project:numpy-1.16.4/numpy/polynomial/_polybase.py':[
0,
],
'project:numpy-1.16.4/numpy/polynomial/chebyshev.py':[
0,
],
'project:numpy-1.16.4/numpy/polynomial/hermite.py':[
0,
],
'project:numpy-1.16.4/numpy/polynomial/hermite_e.py':[
0,
],
'project:numpy-1.16.4/numpy/polynomial/laguerre.py':[
0,
],
'project:numpy-1.16.4/numpy/polynomial/legendre.py':[
0,
],
'project:numpy-1.16.4/numpy/polynomial/polynomial.py':[
0,
],
'project:numpy-1.16.4/numpy/random/tests/test_random.py':[
0,
],
'project:numpy-1.16.4/numpy/testing/_private/utils.py':[
0,
],
'project:numpy-1.16.4/numpy/testing/tests/test_utils.py':[
0,
],
'project:numpy-1.16.4/tools/npy_tempita/__init__.py':[
0,
],
'project:tornado-2.3/demos/appengine/markdown.py':[
0,
],
'project:tornado-2.3/demos/blog/markdown.py':[
0,
],
'project:tornado-2.3/tornado/auth.py':[
0,
],
'project:tornado-2.3/tornado/web.py':[
0,
],
'project:twisted-12.1.0/twisted/conch/insults/insults.py':[
0,
],
'project:twisted-12.1.0/twisted/conch/ssh/transport.py':[
0,
],
'project:twisted-12.1.0/twisted/conch/telnet.py':[
0,
],
'project:twisted-12.1.0/twisted/conch/test/test_session.py':[
0,
],
'project:twisted-12.1.0/twisted/conch/test/test_transport.py':[
0,
],
'project:twisted-12.1.0/twisted/conch/test/test_userauth.py':[
0,
],
'project:twisted-12.1.0/twisted/internet/base.py':[
0,
],
'project:twisted-12.1.0/twisted/internet/defer.py':[
0,
],
'project:twisted-12.1.0/twisted/internet/endpoints.py':[
0,
],
'project:twisted-12.1.0/twisted/internet/interfaces.py':[
0,
],
'project:twisted-12.1.0/twisted/internet/process.py':[
0,
],
'project:twisted-12.1.0/twisted/internet/tcp.py':[
0,
],
'project:twisted-12.1.0/twisted/internet/test/test_endpoints.py':[
0,
],
'project:twisted-12.1.0/twisted/internet/test/test_tcp.py':[
0,
],
'project:twisted-12.1.0/twisted/lore/test/test_lore.py':[
0,
],
'project:twisted-12.1.0/twisted/lore/tree.py':[
0,
],
'project:twisted-12.1.0/twisted/mail/imap4.py':[
0,
],
'project:twisted-12.1.0/twisted/mail/pop3.py':[
0,
],
'project:twisted-12.1.0/twisted/mail/smtp.py':[
0,
],
'project:twisted-12.1.0/twisted/mail/test/test_imap.py':[
0,
],
'project:twisted-12.1.0/twisted/mail/test/test_mail.py':[
0,
],
'project:twisted-12.1.0/twisted/mail/test/test_pop3.py':[
0,
],
'project:twisted-12.1.0/twisted/mail/test/test_smtp.py':[
0,
],
'project:twisted-12.1.0/twisted/names/dns.py':[
0,
],
'project:twisted-12.1.0/twisted/names/test/test_dns.py':[
0,
],
'project:twisted-12.1.0/twisted/news/database.py':[
0,
],
'project:twisted-12.1.0/twisted/news/nntp.py':[
0,
],
'project:twisted-12.1.0/twisted/protocols/amp.py':[
0,
],
'project:twisted-12.1.0/twisted/protocols/ftp.py':[
0,
],
'project:twisted-12.1.0/twisted/protocols/sip.py':[
0,
],
'project:twisted-12.1.0/twisted/protocols/test/test_tls.py':[
0,
],
'project:twisted-12.1.0/twisted/python/_release.py':[
0,
],
'project:twisted-12.1.0/twisted/python/filepath.py':[
0,
],
'project:twisted-12.1.0/twisted/python/test/test_release.py':[
0,
],
'project:twisted-12.1.0/twisted/spread/jelly.py':[
0,
],
'project:twisted-12.1.0/twisted/spread/pb.py':[
0,
],
'project:twisted-12.1.0/twisted/test/test_amp.py':[
0,
],
'project:twisted-12.1.0/twisted/test/test_defer.py':[
0,
],
'project:twisted-12.1.0/twisted/test/test_ftp.py':[
0,
],
'project:twisted-12.1.0/twisted/test/test_internet.py':[
0,
],
'project:twisted-12.1.0/twisted/test/test_paths.py':[
0,
],
'project:twisted-12.1.0/twisted/test/test_pb.py':[
0,
],
'project:twisted-12.1.0/twisted/test/test_process.py':[
0,
],
'project:twisted-12.1.0/twisted/test/test_protocols.py':[
0,
],
'project:twisted-12.1.0/twisted/test/test_tcp.py':[
0,
],
'project:twisted-12.1.0/twisted/test/test_twistd.py':[
0,
],
'project:twisted-12.1.0/twisted/trial/reporter.py':[
0,
],
'project:twisted-12.1.0/twisted/trial/test/test_reporter.py':[
0,
],
'project:twisted-12.1.0/twisted/trial/test/test_runner.py':[
0,
],
'project:twisted-12.1.0/twisted/trial/test/test_tests.py':[
0,
],
'project:twisted-12.1.0/twisted/trial/unittest.py':[
0,
],
'project:twisted-12.1.0/twisted/web/_newclient.py':[
0,
],
'project:twisted-12.1.0/twisted/web/client.py':[
0,
],
'project:twisted-12.1.0/twisted/web/http.py':[
0,
],
'project:twisted-12.1.0/twisted/web/microdom.py':[
0,
],
'project:twisted-12.1.0/twisted/web/static.py':[
0,
],
'project:twisted-12.1.0/twisted/web/test/test_http.py':[
0,
],
'project:twisted-12.1.0/twisted/web/test/test_newclient.py':[
0,
],
'project:twisted-12.1.0/twisted/web/test/test_static.py':[
0,
],
'project:twisted-12.1.0/twisted/web/test/test_web.py':[
0,
],
'project:twisted-12.1.0/twisted/web/test/test_webclient.py':[
0,
],
'project:twisted-12.1.0/twisted/web/test/test_wsgi.py':[
0,
],
'project:twisted-12.1.0/twisted/web/test/test_xml.py':[
0,
],
'project:twisted-12.1.0/twisted/words/protocols/irc.py':[
0,
],
'project:twisted-12.1.0/twisted/words/protocols/jabber/xmlstream.py':[
0,
],
'project:twisted-12.1.0/twisted/words/protocols/msn.py':[
0,
],
'project:twisted-12.1.0/twisted/words/protocols/oscar.py':[
0,
],
'project:twisted-12.1.0/twisted/words/service.py':[
0,
],
'project:twisted-12.1.0/twisted/words/test/test_irc.py':[
0,
],
'project:twisted-12.1.0/twisted/words/test/test_jabberxmlstream.py':[
0,
],
}
