{
"project:django-4.2.5/django/contrib/sitemaps/views.py": [
19
],
"project:numpy-1.26.0/vendored-meson/meson/mesonbuild/build.py": [
521,
3053,
3055
],
"project:numpy-1.26.0/vendored-meson/meson/mesonbuild/cargo/interpreter.py": [
175
],
"project:pecos/pecos/xmc/base.py": [
108,
637
],
"project:pecos/pecos/xmc/xlinear/model.py": [
64
],
"project:pecos/pecos/xmc/xtransformer/matcher.py": [
119
],
"project:tensorflow/python/framework/extension_type_test.py": [
249,
1103
],
"project:twisted-23.8.0/src/twisted/conch/ssh/channel.py": [
55
],
"project:twisted-23.8.0/src/twisted/conch/ssh/service.py": [
18
],
"project:twisted-23.8.0/src/twisted/python/filepath.py": [
658
],
"project:twisted-23.8.0/src/twisted/words/im/basesupport.py": [
98
]
}
