{
  "project:mypy-0.782/mypy/checker.py": [
    5509
  ],
  "project:mypy-0.782/mypy/stubtest.py": [
    370
  ],
  "project:mypy-0.782/mypy/type_visitor.py": [
    31
  ],
  "project:mypy-0.782/mypy/visitor.py": [
    17,
    192,
    309
  ],
  "project:mypy-0.782/mypyc/analysis.py": [
    129
  ],
  "project:mypy-0.782/mypyc/ir/ops.py": [
    1167
  ],
  "project:mypy-0.782/mypyc/ir/rtypes.py": [
    103
  ],
  "project:mypy-0.782/mypyc/test-data/fixtures/ir.py": [
    90,
    99,
    144
  ],
  "project:mypy-0.782/test-data/stdlib-samples/3.2/test/test_random.py": [
    15
  ]
}