{
'project:buildbot-0.8.6p1/buildbot/status/master.py':[
137,
],
'project:buildbot-0.8.6p1/buildbot/status/web/feeds.py':[
190,
],
'project:django-2.2.3/django/contrib/gis/db/models/fields.py':[
175,
],
'project:django-2.2.3/django/contrib/gis/geos/coordseq.py':[
49,
51,
],
'project:django-2.2.3/django/contrib/gis/utils/ogrinfo.py':[
21,
],
'project:django-2.2.3/django/contrib/gis/utils/ogrinspect.py':[
31,
133,
],
'project:django-2.2.3/django/core/files/images.py':[
64,
],
'project:django-2.2.3/django/core/paginator.py':[
50,
],
'project:django-2.2.3/django/core/serializers/xml_serializer.py':[
333,
],
'project:django-2.2.3/django/db/migrations/graph.py':[
225,
],
'project:django-2.2.3/django/db/migrations/writer.py':[
257,
],
'project:django-2.2.3/django/db/models/functions/datetime.py':[
222,
233,
],
'project:django-2.2.3/django/http/multipartparser.py':[
570,
],
'project:django-2.2.3/django/template/base.py':[
853,
],
'project:django-2.2.3/django/utils/regex_helper.py':[
85,
],
'project:django-2.2.3/django/utils/text.py':[
190,
],
'project:docker-compose-1.24.1/compose/project.py':[
58,
],
'project:docker-compose-1.24.1/tests/integration/testcases.py':[
112,
144,
],
'project:numpy-1.16.4/numpy/core/einsumfunc.py':[
832,
836,
],
'project:numpy-1.16.4/numpy/core/records.py':[
179,
],
'project:numpy-1.16.4/numpy/core/tests/test_arrayprint.py':[
876,
],
'project:numpy-1.16.4/numpy/distutils/command/build_clib.py':[
308,
],
'project:numpy-1.16.4/numpy/distutils/fcompiler/gnu.py':[
393,
],
'project:numpy-1.16.4/numpy/distutils/system_info.py':[
1824,
],
'project:numpy-1.16.4/numpy/f2py/auxfuncs.py':[
661,
663,
],
'project:numpy-1.16.4/numpy/f2py/crackfortran.py':[
786,
863,
1421,
2248,
2302,
3282,
],
'project:numpy-1.16.4/numpy/f2py/f2py2e.py':[
192,
680,
],
'project:numpy-1.16.4/numpy/lib/function_base.py':[
1040,
1042,
4332,
4338,
4346,
],
'project:numpy-1.16.4/numpy/linalg/lapack_lite/clapack_scrub.py':[
41,
145,
220,
],
'project:numpy-1.16.4/numpy/testing/tests/test_decorators.py':[
114,
128,
146,
161,
],
'project:numpy-1.16.4/numpy/testing/tests/test_utils.py':[
1438,
1454,
],
'project:tornado-2.3/demos/appengine/markdown.py':[
510,
514,
],
'project:tornado-2.3/demos/blog/markdown.py':[
510,
514,
],
'project:tornado-2.3/tornado/web.py':[
278,
],
'project:twisted-12.1.0/twisted/internet/_threadedselect.py':[
281,
],
'project:twisted-12.1.0/twisted/internet/tcp.py':[
562,
],
'project:twisted-12.1.0/twisted/mail/test/test_pop3.py':[
72,
],
'project:twisted-12.1.0/twisted/pair/test/test_ethernet.py':[
195,
209,
222,
],
'project:twisted-12.1.0/twisted/pair/test/test_ip.py':[
386,
400,
413,
],
'project:twisted-12.1.0/twisted/pair/test/test_rawudp.py':[
282,
296,
310,
323,
],
'project:twisted-12.1.0/twisted/python/dist.py':[
277,
],
'project:twisted-12.1.0/twisted/python/reflect.py':[
781,
],
'project:twisted-12.1.0/twisted/python/test/test_zipstream.py':[
318,
473,
],
'project:twisted-12.1.0/twisted/python/threadable.py':[
79,
],
'project:twisted-12.1.0/twisted/python/usage.py':[
508,
],
'project:twisted-12.1.0/twisted/python/zipstream.py':[
257,
],
'project:twisted-12.1.0/twisted/test/testutils.py':[
18,
],
'project:twisted-12.1.0/twisted/words/im/basesupport.py':[
102,
],
'project:twisted-12.1.0/twisted/words/protocols/irc.py':[
2481,
2710,
],
'project:twisted-12.1.0/twisted/words/protocols/jabber/xmlstream.py':[
435,
],
'project:twisted-12.1.0/twisted/words/protocols/oscar.py':[
155,
],
}
