{
'project:buildbot-0.8.6p1/buildbot/changes/changes.py':[
183,
247,
],
'project:buildbot-0.8.6p1/buildbot/changes/filter.py':[
66,
78,
106,
],
'project:buildbot-0.8.6p1/buildbot/changes/gitpoller.py':[
319,
],
'project:buildbot-0.8.6p1/buildbot/changes/mail.py':[
222,
324,
],
'project:buildbot-0.8.6p1/buildbot/changes/p4poller.py':[
178,
],
'project:buildbot-0.8.6p1/buildbot/changes/svnpoller.py':[
33,
40,
42,
],
'project:buildbot-0.8.6p1/buildbot/clients/gtkPanes.py':[
25,
],
'project:buildbot-0.8.6p1/buildbot/clients/tryclient.py':[
359,
361,
],
'project:buildbot-0.8.6p1/buildbot/db/buildsets.py':[
86,
],
'project:buildbot-0.8.6p1/buildbot/db/pool.py':[
306,
312,
314,
],
'project:buildbot-0.8.6p1/buildbot/manhole.py':[
55,
],
'project:buildbot-0.8.6p1/buildbot/master.py':[
509,
],
'project:buildbot-0.8.6p1/buildbot/pbmanager.py':[
160,
],
'project:buildbot-0.8.6p1/buildbot/process/build.py':[
98,
],
'project:buildbot-0.8.6p1/buildbot/process/buildstep.py':[
168,
879,
],
'project:buildbot-0.8.6p1/buildbot/process/factory.py':[
31,
],
'project:buildbot-0.8.6p1/buildbot/process/mtrlogobserver.py':[
348,
],
'project:buildbot-0.8.6p1/buildbot/process/users/users.py':[
129,
],
'project:buildbot-0.8.6p1/buildbot/schedulers/dependent.py':[
84,
],
'project:buildbot-0.8.6p1/buildbot/schedulers/timed.py':[
290,
],
'project:buildbot-0.8.6p1/buildbot/scripts/runner.py':[
89,
],
'project:buildbot-0.8.6p1/buildbot/status/build.py':[
125,
145,
],
'project:buildbot-0.8.6p1/buildbot/status/builder.py':[
275,
],
'project:buildbot-0.8.6p1/buildbot/status/buildstep.py':[
91,
112,
118,
166,
],
'project:buildbot-0.8.6p1/buildbot/status/client.py':[
482,
506,
],
'project:buildbot-0.8.6p1/buildbot/status/event.py':[
28,
],
'project:buildbot-0.8.6p1/buildbot/status/logfile.py':[
115,
379,
],
'project:buildbot-0.8.6p1/buildbot/status/mail.py':[
441,
573,
675,
],
'project:buildbot-0.8.6p1/buildbot/status/progress.py':[
164,
],
'project:buildbot-0.8.6p1/buildbot/status/results.py':[
23,
],
'project:buildbot-0.8.6p1/buildbot/status/status_push.py':[
188,
383,
],
'project:buildbot-0.8.6p1/buildbot/status/web/base.py':[
596,
],
'project:buildbot-0.8.6p1/buildbot/status/web/builder.py':[
414,
],
'project:buildbot-0.8.6p1/buildbot/status/web/change_hook.py':[
128,
],
'project:buildbot-0.8.6p1/buildbot/status/web/console.py':[
336,
495,
],
'project:buildbot-0.8.6p1/buildbot/status/web/grid.py':[
99,
],
'project:buildbot-0.8.6p1/buildbot/status/web/hooks/base.py':[
37,
75,
],
'project:buildbot-0.8.6p1/buildbot/status/web/hooks/github.py':[
98,
],
'project:buildbot-0.8.6p1/buildbot/status/web/waterfall.py':[
215,
686,
687,
708,
737,
752,
774,
799,
],
'project:buildbot-0.8.6p1/buildbot/status/words.py':[
440,
],
'project:buildbot-0.8.6p1/buildbot/steps/blocker.py':[
209,
311,
],
'project:buildbot-0.8.6p1/buildbot/steps/shell.py':[
449,
460,
506,
513,
515,
517,
],
'project:buildbot-0.8.6p1/buildbot/steps/source/oldsource.py':[
1399,
1401,
],
'project:buildbot-0.8.6p1/buildbot/test/fake/fakedb.py':[
1008,
],
'project:buildbot-0.8.6p1/buildbot/test/fake/remotecommand.py':[
169,
173,
177,
],
'project:buildbot-0.8.6p1/buildbot/test/unit/test_changes_mail.py':[
66,
86,
],
'project:buildbot-0.8.6p1/buildbot/test/unit/test_steps_trigger.py':[
182,
],
'project:buildbot-0.8.6p1/buildbot/test/unit/test_util_lru.py':[
244,
],
'project:buildbot-0.8.6p1/buildbot/util/sautils.py':[
40,
],
'project:buildbot-0.8.6p1/contrib/bzr_buildbot.py':[
169,
],
'project:buildbot-0.8.6p1/contrib/fakemaster.py':[
50,
],
'project:buildbot-0.8.6p1/contrib/svn_buildbot.py':[
125,
141,
],
'project:buildbot-0.8.6p1/contrib/trac/bbwatcher/web_ui.py':[
41,
56,
],
'project:buildbot-0.8.6p1/docs/bbdocs/ext.py':[
118,
],
'project:buildbot-0.8.6p1/setup.py':[
38,
],
'project:buildbot-slave-0.8.6p1/buildslave/bot.py':[
259,
279,
],
'project:buildbot-slave-0.8.6p1/buildslave/runprocess.py':[
100,
],
'project:buildbot-slave-0.8.6p1/buildslave/scripts/startup.py':[
121,
],
'project:buildbot-slave-0.8.6p1/buildslave/test/unit/test_commands_transfer.py':[
401,
],
'project:django-2.2.3/django/contrib/admin/options.py':[
859,
],
'project:django-2.2.3/django/contrib/admin/utils.py':[
361,
463,
],
'project:django-2.2.3/django/contrib/admindocs/views.py':[
124,
],
'project:django-2.2.3/django/contrib/auth/base_user.py':[
79,
],
'project:django-2.2.3/django/contrib/auth/forms.py':[
263,
],
'project:django-2.2.3/django/contrib/auth/models.py':[
129,
],
'project:django-2.2.3/django/contrib/contenttypes/models.py':[
177,
],
'project:django-2.2.3/django/contrib/gis/db/backends/base/models.py':[
98,
100,
102,
],
'project:django-2.2.3/django/contrib/gis/db/backends/oracle/operations.py':[
135,
],
'project:django-2.2.3/django/contrib/gis/db/backends/postgis/operations.py':[
206,
219,
],
'project:django-2.2.3/django/contrib/gis/db/backends/spatialite/operations.py':[
114,
],
'project:django-2.2.3/django/contrib/gis/db/models/lookups.py':[
58,
],
'project:django-2.2.3/django/contrib/gis/forms/widgets.py':[
29,
114,
],
'project:django-2.2.3/django/contrib/gis/gdal/driver.py':[
50,
56,
],
'project:django-2.2.3/django/contrib/gis/gdal/envelope.py':[
159,
164,
169,
],
'project:django-2.2.3/django/contrib/gis/gdal/field.py':[
70,
],
'project:django-2.2.3/django/contrib/gis/gdal/geometries.py':[
540,
542,
555,
557,
559,
],
'project:django-2.2.3/django/contrib/gis/gdal/srs.py':[
226,
235,
],
'project:django-2.2.3/django/contrib/gis/geos/coordseq.py':[
69,
100,
103,
],
'project:django-2.2.3/django/contrib/gis/geos/geometry.py':[
625,
],
'project:django-2.2.3/django/contrib/postgres/fields/ranges.py':[
52,
72,
],
'project:django-2.2.3/django/contrib/postgres/forms/ranges.py':[
108,
109,
],
'project:django-2.2.3/django/contrib/sites/models.py':[
100,
],
'project:django-2.2.3/django/core/checks/urls.py':[
99,
],
'project:django-2.2.3/django/core/files/images.py':[
79,
],
'project:django-2.2.3/django/core/mail/message.py':[
95,
],
'project:django-2.2.3/django/core/management/commands/inspectdb.py':[
69,
],
'project:django-2.2.3/django/core/serializers/python.py':[
112,
],
'project:django-2.2.3/django/db/backends/oracle/creation.py':[
246,
],
'project:django-2.2.3/django/db/backends/postgresql/operations.py':[
220,
],
'project:django-2.2.3/django/db/backends/sqlite3/operations.py':[
323,
],
'project:django-2.2.3/django/db/migrations/autodetector.py':[
65,
460,
],
'project:django-2.2.3/django/db/migrations/operations/fields.py':[
331,
],
'project:django-2.2.3/django/db/migrations/operations/models.py':[
191,
217,
376,
463,
],
'project:django-2.2.3/django/db/models/constraints.py':[
23,
],
'project:django-2.2.3/django/db/models/fields/__init__.py':[
485,
],
'project:django-2.2.3/django/db/models/fields/related_lookups.py':[
39,
42,
],
'project:django-2.2.3/django/db/models/indexes.py':[
92,
],
'project:django-2.2.3/django/db/models/lookups.py':[
74,
341,
],
'project:django-2.2.3/django/db/models/query.py':[
375,
1459,
],
'project:django-2.2.3/django/db/models/sql/compiler.py':[
1022,
],
'project:django-2.2.3/django/dispatch/dispatcher.py':[
9,
],
'project:django-2.2.3/django/forms/formsets.py':[
256,
257,
],
'project:django-2.2.3/django/forms/models.py':[
1132,
1150,
],
'project:django-2.2.3/django/http/multipartparser.py':[
599,
629,
],
'project:django-2.2.3/django/template/library.py':[
79,
],
'project:django-2.2.3/django/test/client.py':[
194,
],
'project:django-2.2.3/django/test/testcases.py':[
435,
],
'project:django-2.2.3/django/urls/conf.py':[
54,
],
'project:django-2.2.3/django/utils/cache.py':[
52,
54,
80,
121,
136,
],
'project:django-2.2.3/django/utils/datastructures.py':[
335,
],
'project:django-2.2.3/django/utils/functional.py':[
319,
],
'project:django-2.2.3/django/utils/jslex.py':[
67,
],
'project:django-2.2.3/django/views/generic/dates.py':[
389,
],
'project:django-2.2.3/django/views/generic/list.py':[
70,
],
'project:docker-compose-1.24.1/compose/cli/colors.py':[
20,
21,
39,
],
'project:docker-compose-1.24.1/compose/cli/main.py':[
1165,
1371,
],
'project:docker-compose-1.24.1/compose/config/config.py':[
352,
1426,
1436,
1438,
],
'project:docker-compose-1.24.1/compose/config/serialize.py':[
67,
],
'project:docker-compose-1.24.1/compose/config/types.py':[
426,
],
'project:docker-compose-1.24.1/compose/config/validation.py':[
383,
387,
408,
],
'project:docker-compose-1.24.1/compose/utils.py':[
135,
137,
],
'project:docker-compose-1.24.1/tests/unit/service_test.py':[
250,
],
'project:docker-compose-1.24.1/tests/unit/split_buffer_test.py':[
52,
],
'project:numpy-1.16.4/benchmarks/benchmarks/bench_app.py':[
81,
82,
],
'project:numpy-1.16.4/benchmarks/benchmarks/bench_overrides.py':[
18,
],
'project:numpy-1.16.4/numpy/_globals.py':[
75,
],
'project:numpy-1.16.4/numpy/compat/tests/test_compat.py':[
25,
],
'project:numpy-1.16.4/numpy/core/_add_newdocs.py':[
6792,
],
'project:numpy-1.16.4/numpy/core/_dtype.py':[
236,
],
'project:numpy-1.16.4/numpy/core/_internal.py':[
20,
36,
39,
71,
98,
102,
187,
196,
225,
],
'project:numpy-1.16.4/numpy/core/_type_aliases.py':[
262,
],
'project:numpy-1.16.4/numpy/core/arrayprint.py':[
515,
1446,
1521,
],
'project:numpy-1.16.4/numpy/core/code_generators/generate_numpy_api.py':[
167,
],
'project:numpy-1.16.4/numpy/core/code_generators/generate_ufunc_api.py':[
148,
],
'project:numpy-1.16.4/numpy/core/defchararray.py':[
106,
267,
320,
354,
425,
466,
517,
604,
653,
943,
974,
1051,
1113,
1153,
1325,
1367,
1451,
1485,
1648,
1726,
],
'project:numpy-1.16.4/numpy/core/einsumfunc.py':[
144,
690,
963,
990,
],
'project:numpy-1.16.4/numpy/core/fromnumeric.py':[
90,
193,
426,
475,
538,
589,
643,
739,
812,
939,
1038,
1107,
1176,
1250,
1328,
1392,
1512,
1580,
1691,
1782,
1832,
1900,
1963,
2080,
2168,
2249,
2321,
2394,
2509,
2622,
2661,
2776,
2844,
2886,
2937,
3011,
3123,
3247,
],
'project:numpy-1.16.4/numpy/core/function_base.py':[
34,
184,
285,
],
'project:numpy-1.16.4/numpy/core/multiarray.py':[
132,
299,
374,
456,
567,
618,
778,
836,
912,
1026,
1061,
1106,
1154,
1201,
1245,
1286,
1340,
1434,
1502,
1567,
],
'project:numpy-1.16.4/numpy/core/numeric.py':[
109,
229,
341,
403,
839,
885,
941,
1014,
1107,
1118,
1207,
1398,
1492,
1544,
1617,
1698,
2352,
2428,
2548,
2595,
],
'project:numpy-1.16.4/numpy/core/records.py':[
81,
82,
177,
178,
200,
206,
214,
683,
722,
765,
778,
],
'project:numpy-1.16.4/numpy/core/setup.py':[
292,
303,
325,
601,
],
'project:numpy-1.16.4/numpy/core/tests/test_api.py':[
197,
207,
243,
404,
],
'project:numpy-1.16.4/numpy/core/tests/test_datetime.py':[
548,
1076,
1079,
1262,
],
'project:numpy-1.16.4/numpy/core/tests/test_defchararray.py':[
622,
635,
],
'project:numpy-1.16.4/numpy/core/tests/test_deprecations.py':[
90,
174,
229,
231,
470,
],
'project:numpy-1.16.4/numpy/core/tests/test_einsum.py':[
502,
],
'project:numpy-1.16.4/numpy/core/tests/test_extint128.py':[
82,
102,
123,
135,
],
'project:numpy-1.16.4/numpy/core/tests/test_function_base.py':[
359,
360,
],
'project:numpy-1.16.4/numpy/core/tests/test_getlimits.py':[
64,
],
'project:numpy-1.16.4/numpy/core/tests/test_item_selection.py':[
52,
],
'project:numpy-1.16.4/numpy/core/tests/test_mem_overlap.py':[
35,
36,
48,
],
'project:numpy-1.16.4/numpy/core/tests/test_memmap.py':[
171,
173,
195,
],
'project:numpy-1.16.4/numpy/core/tests/test_multiarray.py':[
530,
853,
2348,
2363,
3076,
3307,
3477,
3659,
4261,
5223,
6622,
6862,
],
'project:numpy-1.16.4/numpy/core/tests/test_nditer.py':[
90,
116,
143,
170,
433,
1572,
1658,
2155,
2169,
2826,
2837,
],
'project:numpy-1.16.4/numpy/core/tests/test_numeric.py':[
1028,
1032,
1810,
1831,
1935,
1940,
1947,
2422,
],
'project:numpy-1.16.4/numpy/core/tests/test_numerictypes.py':[
388,
],
'project:numpy-1.16.4/numpy/core/tests/test_overrides.py':[
227,
299,
],
'project:numpy-1.16.4/numpy/core/tests/test_print.py':[
182,
],
'project:numpy-1.16.4/numpy/core/tests/test_regression.py':[
829,
894,
1489,
],
'project:numpy-1.16.4/numpy/core/tests/test_scalarmath.py':[
188,
195,
200,
202,
573,
605,
],
'project:numpy-1.16.4/numpy/core/tests/test_ufunc.py':[
532,
564,
1046,
1059,
1472,
1813,
1814,
],
'project:numpy-1.16.4/numpy/core/tests/test_umath.py':[
47,
107,
284,
289,
291,
1104,
1108,
1112,
1344,
1345,
1457,
2423,
2632,
],
'project:numpy-1.16.4/numpy/core/tests/test_unicode.py':[
338,
351,
],
'project:numpy-1.16.4/numpy/ctypeslib.py':[
174,
],
'project:numpy-1.16.4/numpy/distutils/ccompiler.py':[
397,
],
'project:numpy-1.16.4/numpy/distutils/command/build_clib.py':[
56,
62,
77,
134,
],
'project:numpy-1.16.4/numpy/distutils/command/build_src.py':[
421,
],
'project:numpy-1.16.4/numpy/distutils/fcompiler/gnu.py':[
58,
63,
68,
75,
79,
],
'project:numpy-1.16.4/numpy/distutils/mingw32ccompiler.py':[
407,
452,
455,
],
'project:numpy-1.16.4/numpy/f2py/common_rules.py':[
70,
],
'project:numpy-1.16.4/numpy/f2py/crackfortran.py':[
409,
629,
630,
2157,
],
'project:numpy-1.16.4/numpy/f2py/f2py2e.py':[
389,
],
'project:numpy-1.16.4/numpy/fft/fftpack.py':[
112,
663,
],
'project:numpy-1.16.4/numpy/fft/helper.py':[
24,
],
'project:numpy-1.16.4/numpy/lib/_datasource.py':[
572,
],
'project:numpy-1.16.4/numpy/lib/_iotools.py':[
380,
381,
388,
390,
620,
657,
667,
944,
],
'project:numpy-1.16.4/numpy/lib/arraypad.py':[
961,
1307,
],
'project:numpy-1.16.4/numpy/lib/arraysetops.py':[
47,
148,
334,
434,
481,
598,
701,
742,
],
'project:numpy-1.16.4/numpy/lib/financial.py':[
48,
142,
240,
314,
425,
459,
570,
654,
739,
790,
],
'project:numpy-1.16.4/numpy/lib/function_base.py':[
70,
161,
291,
744,
1146,
1279,
1416,
1468,
1529,
1570,
1625,
1681,
2242,
2456,
3036,
3237,
3322,
3411,
3561,
3712,
3979,
4217,
4373,
4377,
4427,
4579,
4638,
4698,
],
'project:numpy-1.16.4/numpy/lib/histograms.py':[
458,
663,
921,
],
'project:numpy-1.16.4/numpy/lib/index_tricks.py':[
731,
746,
934,
],
'project:numpy-1.16.4/numpy/lib/nanfunctions.py':[
198,
311,
424,
473,
523,
618,
688,
758,
825,
984,
1088,
1214,
1382,
1529,
],
'project:numpy-1.16.4/numpy/lib/npyio.py':[
464,
991,
997,
1010,
1190,
1818,
1847,
1876,
1899,
1918,
1949,
2007,
2037,
2044,
2215,
],
'project:numpy-1.16.4/numpy/lib/polynomial.py':[
255,
354,
428,
661,
736,
908,
],
'project:numpy-1.16.4/numpy/lib/recfunctions.py':[
37,
187,
371,
434,
471,
500,
522,
616,
628,
791,
895,
983,
1082,
1168,
1291,
1307,
1360,
1368,
1554,
],
'project:numpy-1.16.4/numpy/lib/scimath.py':[
182,
328,
416,
],
'project:numpy-1.16.4/numpy/lib/shape_base.py':[
56,
177,
267,
419,
510,
712,
772,
855,
1047,
1122,
1131,
1132,
1151,
1234,
],
'project:numpy-1.16.4/numpy/lib/stride_tricks.py':[
140,
],
'project:numpy-1.16.4/numpy/lib/tests/test_arraypad.py':[
20,
34,
1099,
],
'project:numpy-1.16.4/numpy/lib/tests/test_arraysetops.py':[
235,
305,
],
'project:numpy-1.16.4/numpy/lib/tests/test_format.py':[
890,
],
'project:numpy-1.16.4/numpy/lib/tests/test_index_tricks.py':[
277,
284,
],
'project:numpy-1.16.4/numpy/lib/tests/test_io.py':[
878,
1328,
],
'project:numpy-1.16.4/numpy/lib/tests/test_nanfunctions.py':[
500,
512,
],
'project:numpy-1.16.4/numpy/lib/twodim_base.py':[
45,
213,
336,
399,
471,
568,
857,
],
'project:numpy-1.16.4/numpy/lib/type_check.py':[
84,
121,
167,
210,
367,
454,
514,
],
'project:numpy-1.16.4/numpy/lib/ufunclike.py':[
64,
],
'project:numpy-1.16.4/numpy/lib/user_array.py':[
264,
],
'project:numpy-1.16.4/numpy/linalg/linalg.py':[
249,
324,
409,
483,
556,
766,
1077,
1465,
1630,
1752,
1861,
2101,
2290,
],
'project:numpy-1.16.4/numpy/linalg/tests/test_build.py':[
26,
46,
],
'project:numpy-1.16.4/numpy/linalg/tests/test_linalg.py':[
775,
1256,
1721,
1726,
],
'project:numpy-1.16.4/numpy/ma/core.py':[
428,
806,
1171,
1754,
3148,
3387,
4709,
4710,
5013,
5092,
5171,
5213,
5215,
5616,
5737,
6044,
6139,
6185,
6320,
],
'project:numpy-1.16.4/numpy/ma/extras.py':[
373,
1277,
1653,
],
'project:numpy-1.16.4/numpy/ma/mrecords.py':[
73,
228,
403,
],
'project:numpy-1.16.4/numpy/ma/tests/test_core.py':[
555,
1195,
3630,
3740,
3781,
3796,
4615,
],
'project:numpy-1.16.4/numpy/ma/tests/test_extras.py':[
855,
869,
896,
1270,
1275,
1280,
1291,
1307,
],
'project:numpy-1.16.4/numpy/ma/tests/test_mrecords.py':[
46,
55,
87,
407,
431,
],
'project:numpy-1.16.4/numpy/ma/testutils.py':[
105,
105,
134,
135,
209,
210,
238,
],
'project:numpy-1.16.4/numpy/ma/timer_comparison.py':[
65,
71,
141,
143,
144,
152,
192,
194,
382,
384,
389,
],
'project:numpy-1.16.4/numpy/matrixlib/defmatrix.py':[
126,
150,
171,
173,
175,
181,
],
'project:numpy-1.16.4/numpy/matrixlib/tests/test_interaction.py':[
143,
260,
261,
],
'project:numpy-1.16.4/numpy/polynomial/tests/test_classes.py':[
309,
],
'project:numpy-1.16.4/numpy/random/tests/test_random.py':[
271,
],
'project:numpy-1.16.4/numpy/testing/_private/utils.py':[
414,
456,
1672,
],
'project:numpy-1.16.4/tools/cythonize.py':[
157,
],
'project:numpy-1.16.4/tools/npy_tempita/__init__.py':[
355,
775,
822,
1011,
1071,
1130,
],
'project:numpy-1.16.4/tools/npy_tempita/_looper.py':[
153,
],
'project:numpy-1.16.4/tools/test-installed-numpy.py':[
41,
],
'project:tornado-2.3/demos/appengine/markdown.py':[
1067,
],
'project:tornado-2.3/demos/blog/markdown.py':[
1067,
],
'project:tornado-2.3/tornado/httpclient.py':[
217,
],
'project:tornado-2.3/tornado/httputil.py':[
96,
],
'project:tornado-2.3/tornado/template.py':[
406,
429,
469,
491,
],
'project:tornado-2.3/tornado/web.py':[
1890,
1968,
1979,
],
'project:twisted-12.1.0/doc/core/benchmarks/banana.py':[
8,
],
'project:twisted-12.1.0/doc/core/benchmarks/linereceiver.py':[
37,
38,
42,
43,
],
'project:twisted-12.1.0/twisted/application/service.py':[
384,
],
'project:twisted-12.1.0/twisted/conch/client/knownhosts.py':[
270,
],
'project:twisted-12.1.0/twisted/conch/insults/helper.py':[
359,
392,
],
'project:twisted-12.1.0/twisted/conch/insults/insults.py':[
937,
],
'project:twisted-12.1.0/twisted/conch/insults/window.py':[
258,
682,
705,
],
'project:twisted-12.1.0/twisted/conch/scripts/cftp.py':[
358,
362,
],
'project:twisted-12.1.0/twisted/conch/scripts/tkconch.py':[
313,
316,
],
'project:twisted-12.1.0/twisted/conch/ssh/channel.py':[
120,
],
'project:twisted-12.1.0/twisted/conch/ssh/filetransfer.py':[
137,
309,
461,
],
'project:twisted-12.1.0/twisted/conch/ssh/transport.py':[
732,
1426,
],
'project:twisted-12.1.0/twisted/conch/telnet.py':[
917,
919,
],
'project:twisted-12.1.0/twisted/conch/test/test_channel.py':[
20,
23,
],
'project:twisted-12.1.0/twisted/conch/test/test_helper.py':[
262,
],
'project:twisted-12.1.0/twisted/conch/test/test_insults.py':[
175,
196,
197,
235,
236,
340,
349,
],
'project:twisted-12.1.0/twisted/conch/test/test_telnet.py':[
41,
],
'project:twisted-12.1.0/twisted/conch/unix.py':[
450,
],
'project:twisted-12.1.0/twisted/cred/_digest.py':[
51,
],
'project:twisted-12.1.0/twisted/cred/credentials.py':[
345,
],
'project:twisted-12.1.0/twisted/internet/_threadedselect.py':[
130,
199,
],
'project:twisted-12.1.0/twisted/internet/base.py':[
771,
],
'project:twisted-12.1.0/twisted/internet/endpoints.py':[
797,
862,
],
'project:twisted-12.1.0/twisted/internet/inotify.py':[
266,
],
'project:twisted-12.1.0/twisted/internet/test/_posixifaces.py':[
128,
],
'project:twisted-12.1.0/twisted/internet/test/test_endpoints.py':[
1488,
],
'project:twisted-12.1.0/twisted/lore/default.py':[
43,
],
'project:twisted-12.1.0/twisted/lore/indexer.py':[
37,
],
'project:twisted-12.1.0/twisted/lore/scripts/lore.py':[
132,
],
'project:twisted-12.1.0/twisted/lore/slides.py':[
213,
],
'project:twisted-12.1.0/twisted/lore/test/test_lore.py':[
76,
81,
],
'project:twisted-12.1.0/twisted/lore/tree.py':[
1052,
],
'project:twisted-12.1.0/twisted/mail/alias.py':[
88,
],
'project:twisted-12.1.0/twisted/mail/imap4.py':[
638,
756,
786,
799,
809,
833,
839,
848,
859,
861,
874,
876,
1263,
1478,
2062,
2102,
2133,
2166,
3658,
4237,
4724,
4728,
5552,
5772,
5804,
],
'project:twisted-12.1.0/twisted/mail/maildir.py':[
275,
328,
],
'project:twisted-12.1.0/twisted/mail/relaymanager.py':[
387,
417,
595,
],
'project:twisted-12.1.0/twisted/mail/scripts/mailmail.py':[
254,
254,
256,
256,
273,
],
'project:twisted-12.1.0/twisted/mail/smtp.py':[
728,
827,
1468,
1902,
1921,
1933,
],
'project:twisted-12.1.0/twisted/mail/test/test_imap.py':[
117,
126,
321,
343,
356,
472,
497,
563,
591,
605,
747,
791,
877,
880,
3398,
4054,
4121,
4150,
4168,
4485,
4488,
],
'project:twisted-12.1.0/twisted/mail/test/test_mail.py':[
582,
585,
1375,
1652,
1658,
1665,
],
'project:twisted-12.1.0/twisted/mail/test/test_pop3client.py':[
577,
580,
],
'project:twisted-12.1.0/twisted/mail/test/test_smtp.py':[
494,
672,
687,
746,
750,
],
'project:twisted-12.1.0/twisted/manhole/_inspectro.py':[
81,
],
'project:twisted-12.1.0/twisted/manhole/explorer.py':[
431,
433,
458,
464,
],
'project:twisted-12.1.0/twisted/manhole/service.py':[
370,
],
'project:twisted-12.1.0/twisted/manhole/telnet.py':[
28,
],
'project:twisted-12.1.0/twisted/names/authority.py':[
146,
246,
],
'project:twisted-12.1.0/twisted/names/cache.py':[
43,
],
'project:twisted-12.1.0/twisted/names/client.py':[
243,
384,
450,
],
'project:twisted-12.1.0/twisted/names/common.py':[
41,
],
'project:twisted-12.1.0/twisted/names/dns.py':[
174,
1628,
],
'project:twisted-12.1.0/twisted/names/hosts.py':[
83,
],
'project:twisted-12.1.0/twisted/names/root.py':[
235,
],
'project:twisted-12.1.0/twisted/names/tap.py':[
145,
],
'project:twisted-12.1.0/twisted/names/test/test_dns.py':[
288,
],
'project:twisted-12.1.0/twisted/names/test/test_names.py':[
612,
620,
],
'project:twisted-12.1.0/twisted/names/test/test_rootresolve.py':[
226,
],
'project:twisted-12.1.0/twisted/news/nntp.py':[
382,
],
'project:twisted-12.1.0/twisted/news/tap.py':[
125,
],
'project:twisted-12.1.0/twisted/protocols/amp.py':[
1680,
],
'project:twisted-12.1.0/twisted/protocols/dict.py':[
19,
33,
37,
40,
42,
45,
51,
229,
],
'project:twisted-12.1.0/twisted/protocols/ftp.py':[
793,
906,
909,
963,
966,
970,
974,
991,
1016,
1026,
1066,
1071,
1089,
1090,
1120,
1127,
1155,
1156,
1173,
1185,
1197,
1202,
1209,
1225,
1232,
1261,
1267,
2457,
],
'project:twisted-12.1.0/twisted/protocols/gps/nmea.py':[
151,
],
'project:twisted-12.1.0/twisted/protocols/gps/rockwell.py':[
199,
214,
228,
],
'project:twisted-12.1.0/twisted/protocols/ident.py':[
182,
],
'project:twisted-12.1.0/twisted/protocols/sip.py':[
410,
804,
967,
1180,
],
'project:twisted-12.1.0/twisted/python/_inotify.py':[
81,
],
'project:twisted-12.1.0/twisted/python/_release.py':[
720,
728,
754,
777,
791,
],
'project:twisted-12.1.0/twisted/python/_shellcomp.py':[
104,
178,
],
'project:twisted-12.1.0/twisted/python/constants.py':[
125,
130,
],
'project:twisted-12.1.0/twisted/python/dist.py':[
325,
],
'project:twisted-12.1.0/twisted/python/filepath.py':[
376,
516,
],
'project:twisted-12.1.0/twisted/python/randbytes.py':[
114,
],
'project:twisted-12.1.0/twisted/python/reflect.py':[
718,
722,
],
'project:twisted-12.1.0/twisted/python/test/pullpipe.py':[
34,
],
'project:twisted-12.1.0/twisted/python/test/test_components.py':[
236,
],
'project:twisted-12.1.0/twisted/python/test/test_deprecate.py':[
523,
],
'project:twisted-12.1.0/twisted/python/test/test_fakepwd.py':[
155,
],
'project:twisted-12.1.0/twisted/python/test/test_shellcomp.py':[
102,
],
'project:twisted-12.1.0/twisted/python/text.py':[
71,
75,
103,
115,
],
'project:twisted-12.1.0/twisted/python/threadable.py':[
23,
70,
],
'project:twisted-12.1.0/twisted/python/usage.py':[
261,
486,
527,
928,
],
'project:twisted-12.1.0/twisted/python/util.py':[
118,
138,
138,
172,
194,
498,
582,
],
'project:twisted-12.1.0/twisted/spread/flavors.py':[
199,
],
'project:twisted-12.1.0/twisted/spread/jelly.py':[
767,
1120,
],
'project:twisted-12.1.0/twisted/test/mock_win32process.py':[
48,
],
'project:twisted-12.1.0/twisted/test/test_amp.py':[
2376,
],
'project:twisted-12.1.0/twisted/test/test_banana.py':[
54,
68,
69,
71,
],
'project:twisted-12.1.0/twisted/test/test_explorer.py':[
121,
],
'project:twisted-12.1.0/twisted/test/test_jelly.py':[
483,
],
'project:twisted-12.1.0/twisted/test/test_newcred.py':[
185,
189,
197,
201,
208,
221,
247,
368,
],
'project:twisted-12.1.0/twisted/test/test_nmea.py':[
104,
],
'project:twisted-12.1.0/twisted/test/test_paths.py':[
535,
536,
537,
551,
552,
553,
575,
576,
577,
617,
618,
673,
1487,
1504,
],
'project:twisted-12.1.0/twisted/test/test_pb.py':[
281,
1166,
],
'project:twisted-12.1.0/twisted/test/test_pbfailure.py':[
182,
],
'project:twisted-12.1.0/twisted/test/test_process.py':[
779,
],
'project:twisted-12.1.0/twisted/test/test_roots.py':[
49,
],
'project:twisted-12.1.0/twisted/test/test_sslverify.py':[
82,
],
'project:twisted-12.1.0/twisted/test/test_strcred.py':[
250,
],
'project:twisted-12.1.0/twisted/test/test_task.py':[
461,
],
'project:twisted-12.1.0/twisted/test/test_threads.py':[
411,
],
'project:twisted-12.1.0/twisted/trial/runner.py':[
724,
],
'project:twisted-12.1.0/twisted/trial/test/test_script.py':[
331,
],
'project:twisted-12.1.0/twisted/trial/unittest.py':[
961,
],
'project:twisted-12.1.0/twisted/trial/util.py':[
206,
284,
306,
307,
],
'project:twisted-12.1.0/twisted/web/_auth/wrapper.py':[
224,
225,
],
'project:twisted-12.1.0/twisted/web/_newclient.py':[
398,
],
'project:twisted-12.1.0/twisted/web/client.py':[
79,
],
'project:twisted-12.1.0/twisted/web/domhelpers.py':[
37,
],
'project:twisted-12.1.0/twisted/web/http.py':[
312,
344,
],
'project:twisted-12.1.0/twisted/web/microdom.py':[
803,
848,
902,
],
'project:twisted-12.1.0/twisted/web/server.py':[
71,
73,
],
'project:twisted-12.1.0/twisted/web/sux.py':[
97,
167,
],
'project:twisted-12.1.0/twisted/web/test/test_http.py':[
901,
902,
903,
904,
],
'project:twisted-12.1.0/twisted/web/test/test_webclient.py':[
515,
566,
722,
],
'project:twisted-12.1.0/twisted/web/test/test_xml.py':[
295,
],
'project:twisted-12.1.0/twisted/web/util.py':[
280,
],
'project:twisted-12.1.0/twisted/words/im/basesupport.py':[
169,
175,
],
'project:twisted-12.1.0/twisted/words/protocols/irc.py':[
1765,
2942,
2972,
2996,
],
'project:twisted-12.1.0/twisted/words/protocols/jabber/component.py':[
382,
],
'project:twisted-12.1.0/twisted/words/protocols/jabber/jid.py':[
105,
],
'project:twisted-12.1.0/twisted/words/protocols/jabber/sasl_mechanisms.py':[
156,
],
'project:twisted-12.1.0/twisted/words/protocols/msn.py':[
626,
],
'project:twisted-12.1.0/twisted/words/protocols/oscar.py':[
717,
],
'project:twisted-12.1.0/twisted/words/service.py':[
62,
727,
],
'project:twisted-12.1.0/twisted/words/test/test_irc.py':[
879,
],
'project:twisted-12.1.0/twisted/words/test/test_irc_service.py':[
66,
],
'project:twisted-12.1.0/twisted/words/test/test_msn.py':[
60,
70,
],
'project:twisted-12.1.0/twisted/words/test/test_service.py':[
269,
764,
],
'project:twisted-12.1.0/twisted/words/xish/domish.py':[
24,
209,
211,
612,
],
}
