{
"project:mypy-0.782/mypyc/test-data/fixtures/ir.py": [
58,
94,
109,
130,
146
],
"project:tensorflow/python/types/distribute.py": [
28,
60
],
"project:twisted-12.1.0/twisted/application/service.py": [
223
],
"project:twisted-12.1.0/twisted/python/test/test_sendmsg.py": [
149
],
"project:twisted-12.1.0/twisted/python/util.py": [
486
],
"project:twisted-12.1.0/twisted/words/protocols/jabber/ijabber.py": [
137
]
}
